
Program started at 11:25:57
Operating System Name: Linux
Operating System Version: #20~24.04.1-Ubuntu SMP Fri Jun 19 20:09:14 UTC 2026
System Architecture: ('64bit', 'ELF')
Computer Type: x86_64
Computer Name: runnervmvrwv9
Processor Type: x86_64
Python Version: 3.12.13
Python Interpreter Name: CPython
[11:25:57] Start geting CN Bing Wallpaper
[11:25:57] Successful get url: https://www.bing.com/th?id=OHR.ChannelKelp_ZH-CN8732903732_UHD.jpg
[11:25:57] Image saved to img/background.jpg
[11:25:57] Info saved to README.md
[11:25:57] Image saved to history/2026/07/28.md
[11:25:57] Start geting global Bing Wallpaper, region=en-US, local time is 2026-07-28 07:25:57.691358-04:00
[11:25:57] Successful get url: https://www.bing.com/th?id=OHR.ChannelKelp_EN-US3809417919_UHD.jpg
[11:25:58] Picture infomations saved to  global/en-US/README.md
[11:25:58] Picture infomations saved to global/en-US/history/2026/07/29_en-US.md
[11:25:58] Start geting global Bing Wallpaper, region=ja-JP, local time is 2026-07-28 20:25:58.059460+09:00
[11:25:58] Successful get url: https://www.bing.com/th?id=OHR.KaysersbergVillage_JA-JP4774929635_UHD.jpg
[11:25:58] Picture infomations saved to  global/ja-JP/README.md
[11:25:58] Picture infomations saved to global/ja-JP/history/2026/07/28_ja-JP.md
[11:25:58] Start geting global Bing Wallpaper, region=en-IN, local time is 2026-07-28 16:55:58.460289+05:30
[11:25:58] Successful get url: https://www.bing.com/th?id=OHR.ChannelKelp_EN-IN9944710575_UHD.jpg
[11:25:58] Picture infomations saved to  global/en-IN/README.md
[11:25:58] Picture infomations saved to global/en-IN/history/2026/07/28_en-IN.md
[11:25:58] Start geting global Bing Wallpaper, region=pt-BR, local time is 2026-07-28 08:25:58.820047-03:00
[11:25:58] Successful get url: https://www.bing.com/th?id=OHR.ChannelKelp_PT-BR8544444735_UHD.jpg
[11:25:59] Picture infomations saved to  global/pt-BR/README.md
[11:25:59] Picture infomations saved to global/pt-BR/history/2026/07/29_pt-BR.md
[11:25:59] Start geting global Bing Wallpaper, region=fr-FR, local time is 2026-07-28 13:25:59.177692+02:00
[11:25:59] Successful get url: https://www.bing.com/th?id=OHR.ChannelKelp_FR-FR7114923921_UHD.jpg
[11:25:59] Picture infomations saved to  global/fr-FR/README.md
[11:25:59] Picture infomations saved to global/fr-FR/history/2026/07/28_fr-FR.md
[11:25:59] Start geting global Bing Wallpaper, region=de-DE, local time is 2026-07-28 13:25:59.524222+02:00
[11:25:59] Successful get url: https://www.bing.com/th?id=OHR.ChannelKelp_DE-DE2528098746_UHD.jpg
[11:25:59] Picture infomations saved to  global/de-DE/README.md
[11:25:59] Picture infomations saved to global/de-DE/history/2026/07/28_de-DE.md
[11:25:59] Start geting global Bing Wallpaper, region=en-CA, local time is 2026-07-28 07:25:59.879974-04:00
[11:25:59] Successful get url: https://www.bing.com/th?id=OHR.ChannelKelp_EN-CA9531487501_UHD.jpg
[11:26:00] Picture infomations saved to  global/en-CA/README.md
[11:26:00] Picture infomations saved to global/en-CA/history/2026/07/29_en-CA.md
[11:26:00] Start geting global Bing Wallpaper, region=en-GB, local time is 2026-07-28 12:26:00.236563+01:00
[11:26:00] Successful get url: https://www.bing.com/th?id=OHR.ChannelKelp_EN-GB5530574227_UHD.jpg
[11:26:00] Picture infomations saved to  global/en-GB/README.md
[11:26:00] Picture infomations saved to global/en-GB/history/2026/07/28_en-GB.md
[11:26:00] Start geting global Bing Wallpaper, region=it-IT, local time is 2026-07-28 13:26:00.585711+02:00
[11:26:00] Successful get url: https://www.bing.com/th?id=OHR.ChannelKelp_IT-IT8356704681_UHD.jpg
[11:26:00] Picture infomations saved to  global/it-IT/README.md
[11:26:00] Picture infomations saved to global/it-IT/history/2026/07/28_it-IT.md
[11:26:00] Start geting global Bing Wallpaper, region=es-ES, local time is 2026-07-28 13:26:00.930550+02:00
[11:26:00] Successful get url: https://www.bing.com/th?id=OHR.ChannelKelp_ES-ES2666922160_UHD.jpg
[11:26:01] Picture infomations saved to  global/es-ES/README.md
[11:26:01] Picture infomations saved to global/es-ES/history/2026/07/28_es-ES.md
[11:26:01] Start geting global Bing Wallpaper, region=fr-CA, local time is 2026-07-28 07:26:01.273383-04:00
[11:26:01] Successful get url: https://www.bing.com/th?id=OHR.ChannelKelp_FR-CA1421794598_UHD.jpg
[11:26:01] Picture infomations saved to  global/fr-CA/README.md
[11:26:01] Picture infomations saved to global/fr-CA/history/2026/07/29_fr-CA.md
Program exit at 11:26:01
