
Program started at 12:51:58
Operating System Name: Linux
Operating System Version: #22-Ubuntu SMP Mon Jul 27 17:24:03 UTC 2026
System Architecture: ('64bit', 'ELF')
Computer Type: x86_64
Computer Name: runnervmejwal
Processor Type: x86_64
Python Version: 3.12.14
Python Interpreter Name: CPython
[12:51:58] Start geting CN Bing Wallpaper
[12:51:58] Successful get url: https://www.bing.com/th?id=OHR.LakeFyans_ZH-CN1067187791_UHD.jpg
[12:51:58] Image saved to img/background.jpg
[12:51:58] Info saved to README.md
[12:51:58] Image saved to history/2026/09/06.md
[12:51:58] Start geting global Bing Wallpaper, region=en-US, local time is 2026-09-06 08:51:58.637869-04:00
[12:51:58] Successful get url: https://www.bing.com/th?id=OHR.LakeFyans_EN-US4295341714_UHD.jpg
[12:51:58] Picture infomations saved to  global/en-US/README.md
[12:51:58] Picture infomations saved to global/en-US/history/2026/09/07_en-US.md
[12:51:58] Start geting global Bing Wallpaper, region=ja-JP, local time is 2026-09-06 21:51:58.816649+09:00
[12:51:58] Successful get url: https://www.bing.com/th?id=OHR.LakeFyans_JA-JP2778092364_UHD.jpg
[12:51:59] Picture infomations saved to  global/ja-JP/README.md
[12:51:59] Picture infomations saved to global/ja-JP/history/2026/09/06_ja-JP.md
[12:51:59] Start geting global Bing Wallpaper, region=en-IN, local time is 2026-09-06 18:21:59.084842+05:30
[12:51:59] Successful get url: https://www.bing.com/th?id=OHR.LakeFyans_EN-IN6678174820_UHD.jpg
[12:51:59] Picture infomations saved to  global/en-IN/README.md
[12:51:59] Picture infomations saved to global/en-IN/history/2026/09/06_en-IN.md
[12:51:59] Start geting global Bing Wallpaper, region=pt-BR, local time is 2026-09-06 09:51:59.464369-03:00
[12:51:59] Successful get url: https://www.bing.com/th?id=OHR.LakeFyans_PT-BR2121172613_UHD.jpg
[12:51:59] Picture infomations saved to  global/pt-BR/README.md
[12:51:59] Picture infomations saved to global/pt-BR/history/2026/09/07_pt-BR.md
[12:51:59] Start geting global Bing Wallpaper, region=fr-FR, local time is 2026-09-06 14:51:59.660225+02:00
[12:51:59] Successful get url: https://www.bing.com/th?id=OHR.LakeFyans_FR-FR2873606415_UHD.jpg
[12:51:59] Picture infomations saved to  global/fr-FR/README.md
[12:51:59] Picture infomations saved to global/fr-FR/history/2026/09/06_fr-FR.md
[12:51:59] Start geting global Bing Wallpaper, region=de-DE, local time is 2026-09-06 14:51:59.879676+02:00
[12:51:59] Successful get url: https://www.bing.com/th?id=OHR.LakeFyans_DE-DE9957934690_UHD.jpg
[12:52:00] Picture infomations saved to  global/de-DE/README.md
[12:52:00] Picture infomations saved to global/de-DE/history/2026/09/06_de-DE.md
[12:52:00] Start geting global Bing Wallpaper, region=en-CA, local time is 2026-09-06 08:52:00.093733-04:00
[12:52:00] Successful get url: https://www.bing.com/th?id=OHR.LakeFyans_EN-CA4654575679_UHD.jpg
[12:52:00] Picture infomations saved to  global/en-CA/README.md
[12:52:00] Picture infomations saved to global/en-CA/history/2026/09/07_en-CA.md
[12:52:00] Start geting global Bing Wallpaper, region=en-GB, local time is 2026-09-06 13:52:00.226071+01:00
[12:52:00] Successful get url: https://www.bing.com/th?id=OHR.LakeFyans_EN-GB5800075953_UHD.jpg
[12:52:00] Picture infomations saved to  global/en-GB/README.md
[12:52:00] Picture infomations saved to global/en-GB/history/2026/09/06_en-GB.md
[12:52:00] Start geting global Bing Wallpaper, region=it-IT, local time is 2026-09-06 14:52:00.385625+02:00
[12:52:00] Successful get url: https://www.bing.com/th?id=OHR.RegataStoricaVen_IT-IT3438860394_UHD.jpg
[12:52:00] Picture infomations saved to  global/it-IT/README.md
[12:52:00] Picture infomations saved to global/it-IT/history/2026/09/06_it-IT.md
[12:52:00] Start geting global Bing Wallpaper, region=es-ES, local time is 2026-09-06 14:52:00.753008+02:00
[12:52:00] Successful get url: https://www.bing.com/th?id=OHR.LakeFyans_ES-ES8019860279_UHD.jpg
[12:52:00] Picture infomations saved to  global/es-ES/README.md
[12:52:00] Picture infomations saved to global/es-ES/history/2026/09/06_es-ES.md
[12:52:00] Start geting global Bing Wallpaper, region=fr-CA, local time is 2026-09-06 08:52:00.882825-04:00
[12:52:00] Successful get url: https://www.bing.com/th?id=OHR.LakeFyans_FR-CA5882884303_UHD.jpg
[12:52:01] Picture infomations saved to  global/fr-CA/README.md
[12:52:01] Picture infomations saved to global/fr-CA/history/2026/09/07_fr-CA.md
Program exit at 12:52:01

Program started at 17:55:23
Operating System Name: Linux
Operating System Version: #22-Ubuntu SMP Mon Jul 27 17:24:03 UTC 2026
System Architecture: ('64bit', 'ELF')
Computer Type: x86_64
Computer Name: runnervmejwal
Processor Type: x86_64
Python Version: 3.12.14
Python Interpreter Name: CPython
[17:55:23] Start geting CN Bing Wallpaper
[17:55:23] Successful get url: https://www.bing.com/th?id=OHR.BambergTownhall_ZH-CN1407954732_UHD.jpg
[17:55:23] Image saved to img/background.jpg
[17:55:23] Info saved to README.md
[17:55:23] Image saved to history/2026/09/07.md
[17:55:23] Start geting global Bing Wallpaper, region=en-US, local time is 2026-09-06 13:55:23.559829-04:00
[17:55:23] Successful get url: https://www.bing.com/th?id=OHR.LakeFyans_EN-US4295341714_UHD.jpg
[17:55:24] Picture infomations saved to  global/en-US/README.md
[17:55:24] Picture infomations saved to global/en-US/history/2026/09/07_en-US.md
[17:55:24] Start geting global Bing Wallpaper, region=ja-JP, local time is 2026-09-07 02:55:24.039109+09:00
[17:55:24] Successful get url: https://www.bing.com/th?id=OHR.BambergTownhall_JA-JP4474746509_UHD.jpg
[17:55:24] Picture infomations saved to  global/ja-JP/README.md
[17:55:24] Picture infomations saved to global/ja-JP/history/2026/09/07_ja-JP.md
[17:55:24] Start geting global Bing Wallpaper, region=en-IN, local time is 2026-09-06 23:25:24.355868+05:30
[17:55:24] Successful get url: https://www.bing.com/th?id=OHR.LakeFyans_EN-IN6678174820_UHD.jpg
[17:55:24] Picture infomations saved to  global/en-IN/README.md
[17:55:24] Picture infomations saved to global/en-IN/history/2026/09/06_en-IN.md
[17:55:24] Start geting global Bing Wallpaper, region=pt-BR, local time is 2026-09-06 14:55:24.663558-03:00
[17:55:24] Successful get url: https://www.bing.com/th?id=OHR.LakeFyans_PT-BR2121172613_UHD.jpg
[17:55:24] Picture infomations saved to  global/pt-BR/README.md
[17:55:24] Picture infomations saved to global/pt-BR/history/2026/09/07_pt-BR.md
[17:55:24] Start geting global Bing Wallpaper, region=fr-FR, local time is 2026-09-06 19:55:25.002468+02:00
[17:55:25] Successful get url: https://www.bing.com/th?id=OHR.LakeFyans_FR-FR2873606415_UHD.jpg
[17:55:25] Picture infomations saved to  global/fr-FR/README.md
[17:55:25] Picture infomations saved to global/fr-FR/history/2026/09/06_fr-FR.md
[17:55:25] Start geting global Bing Wallpaper, region=de-DE, local time is 2026-09-06 19:55:25.345927+02:00
[17:55:25] Successful get url: https://www.bing.com/th?id=OHR.LakeFyans_DE-DE9957934690_UHD.jpg
[17:55:25] Picture infomations saved to  global/de-DE/README.md
[17:55:25] Picture infomations saved to global/de-DE/history/2026/09/06_de-DE.md
[17:55:25] Start geting global Bing Wallpaper, region=en-CA, local time is 2026-09-06 13:55:25.645801-04:00
[17:55:25] Successful get url: https://www.bing.com/th?id=OHR.LakeFyans_EN-CA4654575679_UHD.jpg
[17:55:25] Picture infomations saved to  global/en-CA/README.md
[17:55:25] Picture infomations saved to global/en-CA/history/2026/09/07_en-CA.md
[17:55:25] Start geting global Bing Wallpaper, region=en-GB, local time is 2026-09-06 18:55:25.962924+01:00
[17:55:26] Successful get url: https://www.bing.com/th?id=OHR.LakeFyans_EN-GB5800075953_UHD.jpg
[17:55:26] Picture infomations saved to  global/en-GB/README.md
[17:55:26] Picture infomations saved to global/en-GB/history/2026/09/06_en-GB.md
[17:55:26] Start geting global Bing Wallpaper, region=it-IT, local time is 2026-09-06 19:55:26.267512+02:00
[17:55:26] Successful get url: https://www.bing.com/th?id=OHR.RegataStoricaVen_IT-IT3438860394_UHD.jpg
[17:55:26] Picture infomations saved to  global/it-IT/README.md
[17:55:26] Picture infomations saved to global/it-IT/history/2026/09/06_it-IT.md
[17:55:26] Start geting global Bing Wallpaper, region=es-ES, local time is 2026-09-06 19:55:26.758878+02:00
[17:55:26] Successful get url: https://www.bing.com/th?id=OHR.LakeFyans_ES-ES8019860279_UHD.jpg
[17:55:27] Picture infomations saved to  global/es-ES/README.md
[17:55:27] Picture infomations saved to global/es-ES/history/2026/09/06_es-ES.md
[17:55:27] Start geting global Bing Wallpaper, region=fr-CA, local time is 2026-09-06 13:55:27.115699-04:00
[17:55:27] Successful get url: https://www.bing.com/th?id=OHR.LakeFyans_FR-CA5882884303_UHD.jpg
[17:55:27] Picture infomations saved to  global/fr-CA/README.md
[17:55:27] Picture infomations saved to global/fr-CA/history/2026/09/07_fr-CA.md
Program exit at 17:55:27
