
Program started at 13:31:42
Operating System Name: Linux
Operating System Version: #22-Ubuntu SMP Mon Jul 27 17:24:03 UTC 2026
System Architecture: ('64bit', 'ELF')
Computer Type: x86_64
Computer Name: runnervmlun5p
Processor Type: x86_64
Python Version: 3.12.14
Python Interpreter Name: CPython
[13:31:42] Start geting CN Bing Wallpaper
[13:31:42] Successful get url: https://www.bing.com/th?id=OHR.FrenchRivieraVillage_ZH-CN2888811422_UHD.jpg
[13:31:42] Image saved to img/background.jpg
[13:31:42] Info saved to README.md
[13:31:42] Image saved to history/2026/09/11.md
[13:31:42] Start geting global Bing Wallpaper, region=en-US, local time is 2026-09-11 09:31:42.573380-04:00
[13:31:42] Successful get url: https://www.bing.com/th?id=OHR.Flight93_EN-US5966783443_UHD.jpg
[13:31:43] Picture infomations saved to  global/en-US/README.md
[13:31:43] Picture infomations saved to global/en-US/history/2026/09/12_en-US.md
[13:31:43] Start geting global Bing Wallpaper, region=ja-JP, local time is 2026-09-11 22:31:43.408951+09:00
[13:31:43] Successful get url: https://www.bing.com/th?id=OHR.GabitKeni_JA-JP3823379916_UHD.jpg
[13:31:43] Picture infomations saved to  global/ja-JP/README.md
[13:31:43] Picture infomations saved to global/ja-JP/history/2026/09/11_ja-JP.md
[13:31:43] Start geting global Bing Wallpaper, region=en-IN, local time is 2026-09-11 19:01:43.564092+05:30
[13:31:43] Successful get url: https://www.bing.com/th?id=OHR.FrenchRivieraVillage_EN-IN6145300439_UHD.jpg
[13:31:44] Picture infomations saved to  global/en-IN/README.md
[13:31:44] Picture infomations saved to global/en-IN/history/2026/09/11_en-IN.md
[13:31:44] Start geting global Bing Wallpaper, region=pt-BR, local time is 2026-09-11 10:31:44.017938-03:00
[13:31:44] Successful get url: https://www.bing.com/th?id=OHR.RedMacaws_PT-BR5164998297_UHD.jpg
[13:31:44] Picture infomations saved to  global/pt-BR/README.md
[13:31:44] Picture infomations saved to global/pt-BR/history/2026/09/12_pt-BR.md
[13:31:44] Start geting global Bing Wallpaper, region=fr-FR, local time is 2026-09-11 15:31:44.435902+02:00
[13:31:44] Successful get url: https://www.bing.com/th?id=OHR.FrenchRivieraVillage_FR-FR2966437166_UHD.jpg
[13:31:45] Picture infomations saved to  global/fr-FR/README.md
[13:31:45] Picture infomations saved to global/fr-FR/history/2026/09/11_fr-FR.md
[13:31:45] Start geting global Bing Wallpaper, region=de-DE, local time is 2026-09-11 15:31:45.452294+02:00
[13:31:45] Successful get url: https://www.bing.com/th?id=OHR.FrenchRivieraVillage_DE-DE6596669127_UHD.jpg
[13:31:46] Picture infomations saved to  global/de-DE/README.md
[13:31:46] Picture infomations saved to global/de-DE/history/2026/09/11_de-DE.md
[13:31:46] Start geting global Bing Wallpaper, region=en-CA, local time is 2026-09-11 09:31:46.159757-04:00
[13:31:46] Successful get url: https://www.bing.com/th?id=OHR.FrenchRivieraVillage_EN-CA7960015252_UHD.jpg
[13:31:46] Picture infomations saved to  global/en-CA/README.md
[13:31:46] Picture infomations saved to global/en-CA/history/2026/09/12_en-CA.md
[13:31:46] Start geting global Bing Wallpaper, region=en-GB, local time is 2026-09-11 14:31:46.398994+01:00
[13:31:46] Successful get url: https://www.bing.com/th?id=OHR.FrenchRivieraVillage_EN-GB7299831823_UHD.jpg
[13:31:46] Picture infomations saved to  global/en-GB/README.md
[13:31:46] Picture infomations saved to global/en-GB/history/2026/09/11_en-GB.md
[13:31:46] Start geting global Bing Wallpaper, region=it-IT, local time is 2026-09-11 15:31:46.729160+02:00
[13:31:46] Successful get url: https://www.bing.com/th?id=OHR.Castelmezzano_IT-IT4140249349_UHD.jpg
[13:31:46] Picture infomations saved to  global/it-IT/README.md
[13:31:46] Picture infomations saved to global/it-IT/history/2026/09/11_it-IT.md
[13:31:46] Start geting global Bing Wallpaper, region=es-ES, local time is 2026-09-11 15:31:46.968343+02:00
[13:31:47] Successful get url: https://www.bing.com/th?id=OHR.FrenchRivieraVillage_ES-ES2800644521_UHD.jpg
[13:31:47] Picture infomations saved to  global/es-ES/README.md
[13:31:47] Picture infomations saved to global/es-ES/history/2026/09/11_es-ES.md
[13:31:47] Start geting global Bing Wallpaper, region=fr-CA, local time is 2026-09-11 09:31:47.106887-04:00
[13:31:47] Successful get url: https://www.bing.com/th?id=OHR.FrenchRivieraVillage_FR-CA0451501455_UHD.jpg
[13:31:47] Picture infomations saved to  global/fr-CA/README.md
[13:31:47] Picture infomations saved to global/fr-CA/history/2026/09/12_fr-CA.md
Program exit at 13:31:47
