
Program started at 12:49:29
Operating System Name: Linux
Operating System Version: #22-Ubuntu SMP Mon Jul 27 17:24:03 UTC 2026
System Architecture: ('64bit', 'ELF')
Computer Type: x86_64
Computer Name: runnervmlun5p
Processor Type: x86_64
Python Version: 3.12.14
Python Interpreter Name: CPython
[12:49:29] Start geting CN Bing Wallpaper
[12:49:29] Successful get url: https://www.bing.com/th?id=OHR.SardineBait_ZH-CN3256234033_UHD.jpg
[12:49:29] Image saved to img/background.jpg
[12:49:29] Info saved to README.md
[12:49:29] Image saved to history/2026/09/12.md
[12:49:29] Start geting global Bing Wallpaper, region=en-US, local time is 2026-09-12 08:49:29.871998-04:00
[12:49:29] Successful get url: https://www.bing.com/th?id=OHR.SardineBait_EN-US4802395270_UHD.jpg
[12:49:30] Picture infomations saved to  global/en-US/README.md
[12:49:30] Picture infomations saved to global/en-US/history/2026/09/13_en-US.md
[12:49:30] Start geting global Bing Wallpaper, region=ja-JP, local time is 2026-09-12 21:49:30.217251+09:00
[12:49:30] Successful get url: https://www.bing.com/th?id=OHR.SardineBait_JA-JP5540649445_UHD.jpg
[12:49:30] Picture infomations saved to  global/ja-JP/README.md
[12:49:30] Picture infomations saved to global/ja-JP/history/2026/09/12_ja-JP.md
[12:49:30] Start geting global Bing Wallpaper, region=en-IN, local time is 2026-09-12 18:19:30.593651+05:30
[12:49:30] Successful get url: https://www.bing.com/th?id=OHR.SardineBait_EN-IN7573319017_UHD.jpg
[12:49:30] Picture infomations saved to  global/en-IN/README.md
[12:49:30] Picture infomations saved to global/en-IN/history/2026/09/12_en-IN.md
[12:49:30] Start geting global Bing Wallpaper, region=pt-BR, local time is 2026-09-12 09:49:30.939674-03:00
[12:49:31] Successful get url: https://www.bing.com/th?id=OHR.SardineBait_PT-BR1473169959_UHD.jpg
[12:49:31] Picture infomations saved to  global/pt-BR/README.md
[12:49:31] Picture infomations saved to global/pt-BR/history/2026/09/13_pt-BR.md
[12:49:31] Start geting global Bing Wallpaper, region=fr-FR, local time is 2026-09-12 14:49:31.298513+02:00
[12:49:31] Successful get url: https://www.bing.com/th?id=OHR.SardineBait_FR-FR6373570079_UHD.jpg
[12:49:31] Picture infomations saved to  global/fr-FR/README.md
[12:49:31] Picture infomations saved to global/fr-FR/history/2026/09/12_fr-FR.md
[12:49:31] Start geting global Bing Wallpaper, region=de-DE, local time is 2026-09-12 14:49:31.683752+02:00
[12:49:31] Successful get url: https://www.bing.com/th?id=OHR.SardineBait_DE-DE9091780632_UHD.jpg
[12:49:32] Picture infomations saved to  global/de-DE/README.md
[12:49:32] Picture infomations saved to global/de-DE/history/2026/09/12_de-DE.md
[12:49:32] Start geting global Bing Wallpaper, region=en-CA, local time is 2026-09-12 08:49:32.056392-04:00
[12:49:32] Successful get url: https://www.bing.com/th?id=OHR.SardineBait_EN-CA8301633998_UHD.jpg
[12:49:32] Picture infomations saved to  global/en-CA/README.md
[12:49:32] Picture infomations saved to global/en-CA/history/2026/09/13_en-CA.md
[12:49:32] Start geting global Bing Wallpaper, region=en-GB, local time is 2026-09-12 13:49:32.416123+01:00
[12:49:32] Successful get url: https://www.bing.com/th?id=OHR.LastNightOfTheProms2026_EN-GB7492486139_UHD.jpg
[12:49:32] Picture infomations saved to  global/en-GB/README.md
[12:49:32] Picture infomations saved to global/en-GB/history/2026/09/12_en-GB.md
[12:49:32] Start geting global Bing Wallpaper, region=it-IT, local time is 2026-09-12 14:49:32.780614+02:00
[12:49:32] Successful get url: https://www.bing.com/th?id=OHR.SardineBait_IT-IT4326891508_UHD.jpg
[12:49:33] Picture infomations saved to  global/it-IT/README.md
[12:49:33] Picture infomations saved to global/it-IT/history/2026/09/12_it-IT.md
[12:49:33] Start geting global Bing Wallpaper, region=es-ES, local time is 2026-09-12 14:49:33.201869+02:00
[12:49:33] Successful get url: https://www.bing.com/th?id=OHR.SardineBait_ES-ES9719293392_UHD.jpg
[12:49:33] Picture infomations saved to  global/es-ES/README.md
[12:49:33] Picture infomations saved to global/es-ES/history/2026/09/12_es-ES.md
[12:49:33] Start geting global Bing Wallpaper, region=fr-CA, local time is 2026-09-12 08:49:33.603310-04:00
[12:49:33] Successful get url: https://www.bing.com/th?id=OHR.SardineBait_FR-CA8182471916_UHD.jpg
[12:49:33] Picture infomations saved to  global/fr-CA/README.md
[12:49:33] Picture infomations saved to global/fr-CA/history/2026/09/13_fr-CA.md
Program exit at 12:49:33
