
Program started at 14:12:31
Operating System Name: Linux
Operating System Version: #22-Ubuntu SMP Mon Jul 27 17:24:03 UTC 2026
System Architecture: ('64bit', 'ELF')
Computer Type: x86_64
Computer Name: runnervmtr4k5
Processor Type: x86_64
Python Version: 3.12.14
Python Interpreter Name: CPython
[14:12:31] Start geting CN Bing Wallpaper
[14:12:31] Successful get url: https://www.bing.com/th?id=OHR.AutumnEquinoxY26_ZH-CN7957453091_UHD.jpg
[14:12:31] Image saved to img/background.jpg
[14:12:31] Info saved to README.md
[14:12:31] Image saved to history/2026/09/23.md
[14:12:31] Start geting global Bing Wallpaper, region=en-US, local time is 2026-09-23 10:12:31.730254-04:00
[14:12:31] Successful get url: https://www.bing.com/th?id=OHR.TolkienWeek_EN-US7313336185_UHD.jpg
[14:12:31] Picture infomations saved to  global/en-US/README.md
[14:12:31] Picture infomations saved to global/en-US/history/2026/09/24_en-US.md
[14:12:31] Start geting global Bing Wallpaper, region=ja-JP, local time is 2026-09-23 23:12:31.897543+09:00
[14:12:31] Successful get url: https://www.bing.com/th?id=OHR.Japan7Flower2026_JA-JP7430731593_UHD.jpg
[14:12:32] Picture infomations saved to  global/ja-JP/README.md
[14:12:32] Picture infomations saved to global/ja-JP/history/2026/09/23_ja-JP.md
[14:12:32] Start geting global Bing Wallpaper, region=en-IN, local time is 2026-09-23 19:42:32.166787+05:30
[14:12:32] Successful get url: https://www.bing.com/th?id=OHR.FallAspens_EN-IN8196194133_UHD.jpg
[14:12:32] Picture infomations saved to  global/en-IN/README.md
[14:12:32] Picture infomations saved to global/en-IN/history/2026/09/23_en-IN.md
[14:12:32] Start geting global Bing Wallpaper, region=pt-BR, local time is 2026-09-23 11:12:32.310674-03:00
[14:12:32] Successful get url: https://www.bing.com/th?id=OHR.SpringTree_PT-BR3107057910_UHD.jpg
[14:12:32] Picture infomations saved to  global/pt-BR/README.md
[14:12:32] Picture infomations saved to global/pt-BR/history/2026/09/24_pt-BR.md
[14:12:32] Start geting global Bing Wallpaper, region=fr-FR, local time is 2026-09-23 16:12:32.512154+02:00
[14:12:32] Successful get url: https://www.bing.com/th?id=OHR.FallAspens_FR-FR8326000854_UHD.jpg
[14:12:32] Picture infomations saved to  global/fr-FR/README.md
[14:12:32] Picture infomations saved to global/fr-FR/history/2026/09/23_fr-FR.md
[14:12:32] Start geting global Bing Wallpaper, region=de-DE, local time is 2026-09-23 16:12:32.656721+02:00
[14:12:32] Successful get url: https://www.bing.com/th?id=OHR.FallAspens_DE-DE1894805045_UHD.jpg
[14:12:32] Picture infomations saved to  global/de-DE/README.md
[14:12:32] Picture infomations saved to global/de-DE/history/2026/09/23_de-DE.md
[14:12:32] Start geting global Bing Wallpaper, region=en-CA, local time is 2026-09-23 10:12:32.793557-04:00
[14:12:32] Successful get url: https://www.bing.com/th?id=OHR.TolkienWeek_EN-CA7225706887_UHD.jpg
[14:12:32] Picture infomations saved to  global/en-CA/README.md
[14:12:32] Picture infomations saved to global/en-CA/history/2026/09/24_en-CA.md
[14:12:32] Start geting global Bing Wallpaper, region=en-GB, local time is 2026-09-23 15:12:32.933724+01:00
[14:12:33] Successful get url: https://www.bing.com/th?id=OHR.FallAspens_EN-GB9268931266_UHD.jpg
[14:12:33] Picture infomations saved to  global/en-GB/README.md
[14:12:33] Picture infomations saved to global/en-GB/history/2026/09/23_en-GB.md
[14:12:33] Start geting global Bing Wallpaper, region=it-IT, local time is 2026-09-23 16:12:33.090859+02:00
[14:12:33] Successful get url: https://www.bing.com/th?id=OHR.AutumnTrentino_IT-IT8118999546_UHD.jpg
[14:12:33] Picture infomations saved to  global/it-IT/README.md
[14:12:33] Picture infomations saved to global/it-IT/history/2026/09/23_it-IT.md
[14:12:33] Start geting global Bing Wallpaper, region=es-ES, local time is 2026-09-23 16:12:33.257171+02:00
[14:12:33] Successful get url: https://www.bing.com/th?id=OHR.FallAspens_ES-ES8557164613_UHD.jpg
[14:12:33] Picture infomations saved to  global/es-ES/README.md
[14:12:33] Picture infomations saved to global/es-ES/history/2026/09/23_es-ES.md
[14:12:33] Start geting global Bing Wallpaper, region=fr-CA, local time is 2026-09-23 10:12:33.430746-04:00
[14:12:33] Successful get url: https://www.bing.com/th?id=OHR.TolkienWeek_FR-CA4077123678_UHD.jpg
[14:12:34] Picture infomations saved to  global/fr-CA/README.md
[14:12:34] Picture infomations saved to global/fr-CA/history/2026/09/24_fr-CA.md
Program exit at 14:12:34

Program started at 19:22:34
Operating System Name: Linux
Operating System Version: #22-Ubuntu SMP Mon Jul 27 17:24:03 UTC 2026
System Architecture: ('64bit', 'ELF')
Computer Type: x86_64
Computer Name: runnervmlun5p
Processor Type: x86_64
Python Version: 3.12.14
Python Interpreter Name: CPython
[19:22:34] Start geting CN Bing Wallpaper
[19:22:34] Successful get url: https://www.bing.com/th?id=OHR.ElGolfo_ZH-CN8329995759_UHD.jpg
[19:22:34] Image saved to img/background.jpg
[19:22:34] Info saved to README.md
[19:22:34] Image saved to history/2026/09/24.md
[19:22:34] Start geting global Bing Wallpaper, region=en-US, local time is 2026-09-23 15:22:34.568521-04:00
[19:22:34] Successful get url: https://www.bing.com/th?id=OHR.TolkienWeek_EN-US7313336185_UHD.jpg
[19:22:35] Picture infomations saved to  global/en-US/README.md
[19:22:35] Picture infomations saved to global/en-US/history/2026/09/24_en-US.md
[19:22:35] Start geting global Bing Wallpaper, region=ja-JP, local time is 2026-09-24 04:22:35.067272+09:00
[19:22:35] Successful get url: https://www.bing.com/th?id=OHR.ElGolfo_JA-JP7674043520_UHD.jpg
[19:22:35] Picture infomations saved to  global/ja-JP/README.md
[19:22:35] Picture infomations saved to global/ja-JP/history/2026/09/24_ja-JP.md
[19:22:35] Start geting global Bing Wallpaper, region=en-IN, local time is 2026-09-24 00:52:35.430987+05:30
[19:22:35] Successful get url: https://www.bing.com/th?id=OHR.TolkienWeek_EN-IN8323924749_UHD.jpg
[19:22:35] Picture infomations saved to  global/en-IN/README.md
[19:22:35] Picture infomations saved to global/en-IN/history/2026/09/24_en-IN.md
[19:22:35] Start geting global Bing Wallpaper, region=pt-BR, local time is 2026-09-23 16:22:35.716982-03:00
[19:22:35] Successful get url: https://www.bing.com/th?id=OHR.SpringTree_PT-BR3107057910_UHD.jpg
[19:22:36] Picture infomations saved to  global/pt-BR/README.md
[19:22:36] Picture infomations saved to global/pt-BR/history/2026/09/24_pt-BR.md
[19:22:36] Start geting global Bing Wallpaper, region=fr-FR, local time is 2026-09-23 21:22:36.194352+02:00
[19:22:36] Successful get url: https://www.bing.com/th?id=OHR.FallAspens_FR-FR8326000854_UHD.jpg
[19:22:36] Picture infomations saved to  global/fr-FR/README.md
[19:22:36] Picture infomations saved to global/fr-FR/history/2026/09/23_fr-FR.md
[19:22:36] Start geting global Bing Wallpaper, region=de-DE, local time is 2026-09-23 21:22:36.473465+02:00
[19:22:36] Successful get url: https://www.bing.com/th?id=OHR.FallAspens_DE-DE1894805045_UHD.jpg
[19:22:36] Picture infomations saved to  global/de-DE/README.md
[19:22:36] Picture infomations saved to global/de-DE/history/2026/09/23_de-DE.md
[19:22:36] Start geting global Bing Wallpaper, region=en-CA, local time is 2026-09-23 15:22:36.766051-04:00
[19:22:36] Successful get url: https://www.bing.com/th?id=OHR.TolkienWeek_EN-CA7225706887_UHD.jpg
[19:22:37] Picture infomations saved to  global/en-CA/README.md
[19:22:37] Picture infomations saved to global/en-CA/history/2026/09/24_en-CA.md
[19:22:37] Start geting global Bing Wallpaper, region=en-GB, local time is 2026-09-23 20:22:37.439177+01:00
[19:22:37] Successful get url: https://www.bing.com/th?id=OHR.FallAspens_EN-GB9268931266_UHD.jpg
[19:22:37] Picture infomations saved to  global/en-GB/README.md
[19:22:37] Picture infomations saved to global/en-GB/history/2026/09/23_en-GB.md
[19:22:37] Start geting global Bing Wallpaper, region=it-IT, local time is 2026-09-23 21:22:37.756149+02:00
[19:22:37] Successful get url: https://www.bing.com/th?id=OHR.AutumnTrentino_IT-IT8118999546_UHD.jpg
[19:22:38] Picture infomations saved to  global/it-IT/README.md
[19:22:38] Picture infomations saved to global/it-IT/history/2026/09/23_it-IT.md
[19:22:38] Start geting global Bing Wallpaper, region=es-ES, local time is 2026-09-23 21:22:38.692208+02:00
[19:22:38] Successful get url: https://www.bing.com/th?id=OHR.FallAspens_ES-ES8557164613_UHD.jpg
[19:22:39] Picture infomations saved to  global/es-ES/README.md
[19:22:39] Picture infomations saved to global/es-ES/history/2026/09/23_es-ES.md
[19:22:39] Start geting global Bing Wallpaper, region=fr-CA, local time is 2026-09-23 15:22:39.359576-04:00
[19:22:39] Successful get url: https://www.bing.com/th?id=OHR.TolkienWeek_FR-CA4077123678_UHD.jpg
[19:22:39] Picture infomations saved to  global/fr-CA/README.md
[19:22:39] Picture infomations saved to global/fr-CA/history/2026/09/24_fr-CA.md
Program exit at 19:22:39
