
Program started at 13:46:54
Operating System Name: Linux
Operating System Version: #22-Ubuntu SMP Mon Jul 27 17:24:03 UTC 2026
System Architecture: ('64bit', 'ELF')
Computer Type: x86_64
Computer Name: runnervmlun5p
Processor Type: x86_64
Python Version: 3.12.14
Python Interpreter Name: CPython
[13:46:54] Start geting CN Bing Wallpaper
[13:46:54] Successful get url: https://www.bing.com/th?id=OHR.MisurinaPeak_ZH-CN3877105161_UHD.jpg
[13:46:54] Image saved to img/background.jpg
[13:46:54] Info saved to README.md
[13:46:54] Image saved to history/2026/09/13.md
[13:46:54] Start geting global Bing Wallpaper, region=en-US, local time is 2026-09-13 09:46:54.640985-04:00
[13:46:54] Successful get url: https://www.bing.com/th?id=OHR.MisurinaPeak_EN-US4897144498_UHD.jpg
[13:46:54] Picture infomations saved to  global/en-US/README.md
[13:46:54] Picture infomations saved to global/en-US/history/2026/09/14_en-US.md
[13:46:54] Start geting global Bing Wallpaper, region=ja-JP, local time is 2026-09-13 22:46:54.840715+09:00
[13:46:54] Successful get url: https://www.bing.com/th?id=OHR.MisurinaPeak_JA-JP5655621348_UHD.jpg
[13:46:55] Picture infomations saved to  global/ja-JP/README.md
[13:46:55] Picture infomations saved to global/ja-JP/history/2026/09/13_ja-JP.md
[13:46:55] Start geting global Bing Wallpaper, region=en-IN, local time is 2026-09-13 19:16:55.038820+05:30
[13:46:55] Successful get url: https://www.bing.com/th?id=OHR.MisurinaPeak_EN-IN7734195824_UHD.jpg
[13:46:55] Picture infomations saved to  global/en-IN/README.md
[13:46:55] Picture infomations saved to global/en-IN/history/2026/09/13_en-IN.md
[13:46:55] Start geting global Bing Wallpaper, region=pt-BR, local time is 2026-09-13 10:46:55.222130-03:00
[13:46:55] Successful get url: https://www.bing.com/th?id=OHR.MisurinaPeak_PT-BR1204765846_UHD.jpg
[13:46:55] Picture infomations saved to  global/pt-BR/README.md
[13:46:55] Picture infomations saved to global/pt-BR/history/2026/09/14_pt-BR.md
[13:46:55] Start geting global Bing Wallpaper, region=fr-FR, local time is 2026-09-13 15:46:55.445688+02:00
[13:46:55] Successful get url: https://www.bing.com/th?id=OHR.MisurinaPeak_FR-FR3560016710_UHD.jpg
[13:46:55] Picture infomations saved to  global/fr-FR/README.md
[13:46:55] Picture infomations saved to global/fr-FR/history/2026/09/13_fr-FR.md
[13:46:55] Start geting global Bing Wallpaper, region=de-DE, local time is 2026-09-13 15:46:55.699562+02:00
[13:46:55] Successful get url: https://www.bing.com/th?id=OHR.BambergTownhall_DE-DE7159832274_UHD.jpg
[13:46:55] Picture infomations saved to  global/de-DE/README.md
[13:46:55] Picture infomations saved to global/de-DE/history/2026/09/13_de-DE.md
[13:46:55] Start geting global Bing Wallpaper, region=en-CA, local time is 2026-09-13 09:46:55.866527-04:00
[13:46:55] Successful get url: https://www.bing.com/th?id=OHR.MisurinaPeak_EN-CA8816219114_UHD.jpg
[13:46:56] Picture infomations saved to  global/en-CA/README.md
[13:46:56] Picture infomations saved to global/en-CA/history/2026/09/14_en-CA.md
[13:46:56] Start geting global Bing Wallpaper, region=en-GB, local time is 2026-09-13 14:46:56.153773+01:00
[13:46:56] Successful get url: https://www.bing.com/th?id=OHR.MisurinaPeak_EN-GB7732385221_UHD.jpg
[13:46:56] Picture infomations saved to  global/en-GB/README.md
[13:46:56] Picture infomations saved to global/en-GB/history/2026/09/13_en-GB.md
[13:46:56] Start geting global Bing Wallpaper, region=it-IT, local time is 2026-09-13 15:46:56.315984+02:00
[13:46:56] Successful get url: https://www.bing.com/th?id=OHR.MisurinaPeak_IT-IT4415699665_UHD.jpg
[13:46:56] Picture infomations saved to  global/it-IT/README.md
[13:46:56] Picture infomations saved to global/it-IT/history/2026/09/13_it-IT.md
[13:46:56] Start geting global Bing Wallpaper, region=es-ES, local time is 2026-09-13 15:46:56.472498+02:00
[13:46:56] Successful get url: https://www.bing.com/th?id=OHR.LaVueltaEnd_ES-ES2544902517_UHD.jpg
[13:46:56] Picture infomations saved to  global/es-ES/README.md
[13:46:56] Picture infomations saved to global/es-ES/history/2026/09/13_es-ES.md
[13:46:56] Start geting global Bing Wallpaper, region=fr-CA, local time is 2026-09-13 09:46:56.627508-04:00
[13:46:56] Successful get url: https://www.bing.com/th?id=OHR.MisurinaPeak_FR-CA1564788898_UHD.jpg
[13:46:56] Picture infomations saved to  global/fr-CA/README.md
[13:46:56] Picture infomations saved to global/fr-CA/history/2026/09/14_fr-CA.md
Program exit at 13:46:56
