
Program started at 14:34:57
Operating System Name: Linux
Operating System Version: #22-Ubuntu SMP Mon Jul 27 17:24:03 UTC 2026
System Architecture: ('64bit', 'ELF')
Computer Type: x86_64
Computer Name: runnervmtr4k5
Processor Type: x86_64
Python Version: 3.12.14
Python Interpreter Name: CPython
[14:34:57] Start geting CN Bing Wallpaper
[14:34:57] Successful get url: https://www.bing.com/th?id=OHR.MidAutumn2026_ZH-CN8947536773_UHD.jpg
[14:34:57] Image saved to img/background.jpg
[14:34:57] Info saved to README.md
[14:34:57] Image saved to history/2026/09/25.md
[14:34:57] Start geting global Bing Wallpaper, region=en-US, local time is 2026-09-25 10:34:57.821884-04:00
[14:34:57] Successful get url: https://www.bing.com/th?id=OHR.MidAutumn2026_EN-US9341405351_UHD.jpg
[14:34:58] Picture infomations saved to  global/en-US/README.md
[14:34:58] Picture infomations saved to global/en-US/history/2026/09/26_en-US.md
[14:34:58] Start geting global Bing Wallpaper, region=ja-JP, local time is 2026-09-25 23:34:58.544959+09:00
[14:34:58] Successful get url: https://www.bing.com/th?id=OHR.MidAutumn2026_JA-JP8034446964_UHD.jpg
[14:34:58] Picture infomations saved to  global/ja-JP/README.md
[14:34:58] Picture infomations saved to global/ja-JP/history/2026/09/25_ja-JP.md
[14:34:58] Start geting global Bing Wallpaper, region=en-IN, local time is 2026-09-25 20:04:58.867988+05:30
[14:34:58] Successful get url: https://www.bing.com/th?id=OHR.MidAutumn2026_EN-IN8396341266_UHD.jpg
[14:34:59] Picture infomations saved to  global/en-IN/README.md
[14:34:59] Picture infomations saved to global/en-IN/history/2026/09/25_en-IN.md
[14:34:59] Start geting global Bing Wallpaper, region=pt-BR, local time is 2026-09-25 11:34:59.138346-03:00
[14:34:59] Successful get url: https://www.bing.com/th?id=OHR.MidAutumn2026_PT-BR2970027415_UHD.jpg
[14:34:59] Picture infomations saved to  global/pt-BR/README.md
[14:34:59] Picture infomations saved to global/pt-BR/history/2026/09/26_pt-BR.md
[14:34:59] Start geting global Bing Wallpaper, region=fr-FR, local time is 2026-09-25 16:34:59.354570+02:00
[14:34:59] Successful get url: https://www.bing.com/th?id=OHR.MidAutumn2026_FR-FR8607088238_UHD.jpg
[14:34:59] Picture infomations saved to  global/fr-FR/README.md
[14:34:59] Picture infomations saved to global/fr-FR/history/2026/09/25_fr-FR.md
[14:34:59] Start geting global Bing Wallpaper, region=de-DE, local time is 2026-09-25 16:34:59.757983+02:00
[14:34:59] Successful get url: https://www.bing.com/th?id=OHR.MidAutumn2026_DE-DE3267606088_UHD.jpg
[14:35:00] Picture infomations saved to  global/de-DE/README.md
[14:35:00] Picture infomations saved to global/de-DE/history/2026/09/25_de-DE.md
[14:35:00] Start geting global Bing Wallpaper, region=en-CA, local time is 2026-09-25 10:35:00.049465-04:00
[14:35:00] Successful get url: https://www.bing.com/th?id=OHR.MidAutumn2026_EN-CA8501373237_UHD.jpg
[14:35:00] Picture infomations saved to  global/en-CA/README.md
[14:35:00] Picture infomations saved to global/en-CA/history/2026/09/26_en-CA.md
[14:35:00] Start geting global Bing Wallpaper, region=en-GB, local time is 2026-09-25 15:35:00.319758+01:00
[14:35:00] Successful get url: https://www.bing.com/th?id=OHR.MidAutumn2026_EN-GB9443754459_UHD.jpg
[14:35:00] Picture infomations saved to  global/en-GB/README.md
[14:35:00] Picture infomations saved to global/en-GB/history/2026/09/25_en-GB.md
[14:35:00] Start geting global Bing Wallpaper, region=it-IT, local time is 2026-09-25 16:35:00.537805+02:00
[14:35:00] Successful get url: https://www.bing.com/th?id=OHR.MidAutumn2026_IT-IT8365698421_UHD.jpg
[14:35:00] Picture infomations saved to  global/it-IT/README.md
[14:35:00] Picture infomations saved to global/it-IT/history/2026/09/25_it-IT.md
[14:35:00] Start geting global Bing Wallpaper, region=es-ES, local time is 2026-09-25 16:35:00.802793+02:00
[14:35:00] Successful get url: https://www.bing.com/th?id=OHR.MidAutumn2026_ES-ES7834121465_UHD.jpg
[14:35:01] Picture infomations saved to  global/es-ES/README.md
[14:35:01] Picture infomations saved to global/es-ES/history/2026/09/25_es-ES.md
[14:35:01] Start geting global Bing Wallpaper, region=fr-CA, local time is 2026-09-25 10:35:01.097953-04:00
[14:35:01] Successful get url: https://www.bing.com/th?id=OHR.MidAutumn2026_FR-CA5028867730_UHD.jpg
[14:35:01] Picture infomations saved to  global/fr-CA/README.md
[14:35:01] Picture infomations saved to global/fr-CA/history/2026/09/26_fr-CA.md
Program exit at 14:35:01

Program started at 19:44:44
Operating System Name: Linux
Operating System Version: #22-Ubuntu SMP Mon Jul 27 17:24:03 UTC 2026
System Architecture: ('64bit', 'ELF')
Computer Type: x86_64
Computer Name: runnervmtr4k5
Processor Type: x86_64
Python Version: 3.12.14
Python Interpreter Name: CPython
[19:44:44] Start geting CN Bing Wallpaper
[19:44:44] Successful get url: https://www.bing.com/th?id=OHR.BearsEars_ZH-CN0496897450_UHD.jpg
[19:44:44] Image saved to img/background.jpg
[19:44:44] Info saved to README.md
[19:44:44] Image saved to history/2026/09/26.md
[19:44:44] Start geting global Bing Wallpaper, region=en-US, local time is 2026-09-25 15:44:44.509688-04:00
[19:44:44] Successful get url: https://www.bing.com/th?id=OHR.MidAutumn2026_EN-US9341405351_UHD.jpg
[19:44:44] Picture infomations saved to  global/en-US/README.md
[19:44:44] Picture infomations saved to global/en-US/history/2026/09/26_en-US.md
[19:44:44] Start geting global Bing Wallpaper, region=ja-JP, local time is 2026-09-26 04:44:44.955713+09:00
[19:44:44] Successful get url: https://www.bing.com/th?id=OHR.BearsEars_JA-JP8214752036_UHD.jpg
[19:44:45] Picture infomations saved to  global/ja-JP/README.md
[19:44:45] Picture infomations saved to global/ja-JP/history/2026/09/26_ja-JP.md
[19:44:45] Start geting global Bing Wallpaper, region=en-IN, local time is 2026-09-26 01:14:45.240796+05:30
[19:44:45] Successful get url: https://www.bing.com/th?id=OHR.BearsEars_EN-IN8507636618_UHD.jpg
[19:44:45] Picture infomations saved to  global/en-IN/README.md
[19:44:45] Picture infomations saved to global/en-IN/history/2026/09/26_en-IN.md
[19:44:45] Start geting global Bing Wallpaper, region=pt-BR, local time is 2026-09-25 16:44:45.478330-03:00
[19:44:45] Successful get url: https://www.bing.com/th?id=OHR.MidAutumn2026_PT-BR2970027415_UHD.jpg
[19:44:45] Picture infomations saved to  global/pt-BR/README.md
[19:44:45] Picture infomations saved to global/pt-BR/history/2026/09/26_pt-BR.md
[19:44:45] Start geting global Bing Wallpaper, region=fr-FR, local time is 2026-09-25 21:44:45.755152+02:00
[19:44:45] Successful get url: https://www.bing.com/th?id=OHR.MidAutumn2026_FR-FR8607088238_UHD.jpg
[19:44:46] Picture infomations saved to  global/fr-FR/README.md
[19:44:46] Picture infomations saved to global/fr-FR/history/2026/09/25_fr-FR.md
[19:44:46] Start geting global Bing Wallpaper, region=de-DE, local time is 2026-09-25 21:44:46.198938+02:00
[19:44:46] Successful get url: https://www.bing.com/th?id=OHR.MidAutumn2026_DE-DE3267606088_UHD.jpg
[19:44:46] Picture infomations saved to  global/de-DE/README.md
[19:44:46] Picture infomations saved to global/de-DE/history/2026/09/25_de-DE.md
[19:44:46] Start geting global Bing Wallpaper, region=en-CA, local time is 2026-09-25 15:44:46.453429-04:00
[19:44:46] Successful get url: https://www.bing.com/th?id=OHR.MidAutumn2026_EN-CA8501373237_UHD.jpg
[19:44:46] Picture infomations saved to  global/en-CA/README.md
[19:44:46] Picture infomations saved to global/en-CA/history/2026/09/26_en-CA.md
[19:44:46] Start geting global Bing Wallpaper, region=en-GB, local time is 2026-09-25 20:44:46.851619+01:00
[19:44:46] Successful get url: https://www.bing.com/th?id=OHR.MidAutumn2026_EN-GB9443754459_UHD.jpg
[19:44:47] Picture infomations saved to  global/en-GB/README.md
[19:44:47] Picture infomations saved to global/en-GB/history/2026/09/25_en-GB.md
[19:44:47] Start geting global Bing Wallpaper, region=it-IT, local time is 2026-09-25 21:44:47.097861+02:00
[19:44:47] Successful get url: https://www.bing.com/th?id=OHR.MidAutumn2026_IT-IT8365698421_UHD.jpg
[19:44:47] Picture infomations saved to  global/it-IT/README.md
[19:44:47] Picture infomations saved to global/it-IT/history/2026/09/25_it-IT.md
[19:44:47] Start geting global Bing Wallpaper, region=es-ES, local time is 2026-09-25 21:44:47.348348+02:00
[19:44:47] Successful get url: https://www.bing.com/th?id=OHR.MidAutumn2026_ES-ES7834121465_UHD.jpg
[19:44:47] Picture infomations saved to  global/es-ES/README.md
[19:44:47] Picture infomations saved to global/es-ES/history/2026/09/25_es-ES.md
[19:44:47] Start geting global Bing Wallpaper, region=fr-CA, local time is 2026-09-25 15:44:47.764819-04:00
[19:44:47] Successful get url: https://www.bing.com/th?id=OHR.MidAutumn2026_FR-CA5028867730_UHD.jpg
[19:44:48] Picture infomations saved to  global/fr-CA/README.md
[19:44:48] Picture infomations saved to global/fr-CA/history/2026/09/26_fr-CA.md
Program exit at 19:44:48
