
Program started at 13:33:51
Operating System Name: Linux
Operating System Version: #22-Ubuntu SMP Mon Jul 27 17:24:03 UTC 2026
System Architecture: ('64bit', 'ELF')
Computer Type: x86_64
Computer Name: runnervmlun5p
Processor Type: x86_64
Python Version: 3.12.14
Python Interpreter Name: CPython
[13:33:52] Start geting CN Bing Wallpaper
[13:33:52] Successful get url: https://www.bing.com/th?id=OHR.Olvera_ZH-CN2727093856_UHD.jpg
[13:33:52] Image saved to img/background.jpg
[13:33:52] Info saved to README.md
[13:33:52] Image saved to history/2026/09/10.md
[13:33:52] Start geting global Bing Wallpaper, region=en-US, local time is 2026-09-10 09:33:52.254629-04:00
[13:33:52] Successful get url: https://www.bing.com/th?id=OHR.Olvera_EN-US4712443253_UHD.jpg
[13:33:52] Picture infomations saved to  global/en-US/README.md
[13:33:52] Picture infomations saved to global/en-US/history/2026/09/11_en-US.md
[13:33:52] Start geting global Bing Wallpaper, region=ja-JP, local time is 2026-09-10 22:33:52.635040+09:00
[13:33:52] Successful get url: https://www.bing.com/th?id=OHR.Olvera_JA-JP5093791420_UHD.jpg
[13:33:53] Picture infomations saved to  global/ja-JP/README.md
[13:33:53] Picture infomations saved to global/ja-JP/history/2026/09/10_ja-JP.md
[13:33:53] Start geting global Bing Wallpaper, region=en-IN, local time is 2026-09-10 19:03:53.023254+05:30
[13:33:53] Successful get url: https://www.bing.com/th?id=OHR.Olvera_EN-IN7126654941_UHD.jpg
[13:33:53] Picture infomations saved to  global/en-IN/README.md
[13:33:53] Picture infomations saved to global/en-IN/history/2026/09/10_en-IN.md
[13:33:53] Start geting global Bing Wallpaper, region=pt-BR, local time is 2026-09-10 10:33:53.232021-03:00
[13:33:53] Successful get url: https://www.bing.com/th?id=OHR.Olvera_PT-BR2296737928_UHD.jpg
[13:33:53] Picture infomations saved to  global/pt-BR/README.md
[13:33:53] Picture infomations saved to global/pt-BR/history/2026/09/11_pt-BR.md
[13:33:53] Start geting global Bing Wallpaper, region=fr-FR, local time is 2026-09-10 15:33:53.417537+02:00
[13:33:53] Successful get url: https://www.bing.com/th?id=OHR.Olvera_FR-FR2163620703_UHD.jpg
[13:33:54] Picture infomations saved to  global/fr-FR/README.md
[13:33:54] Picture infomations saved to global/fr-FR/history/2026/09/10_fr-FR.md
[13:33:54] Start geting global Bing Wallpaper, region=de-DE, local time is 2026-09-10 15:33:54.110292+02:00
[13:33:54] Successful get url: https://www.bing.com/th?id=OHR.Olvera_DE-DE7810722479_UHD.jpg
[13:33:54] Picture infomations saved to  global/de-DE/README.md
[13:33:54] Picture infomations saved to global/de-DE/history/2026/09/10_de-DE.md
[13:33:54] Start geting global Bing Wallpaper, region=en-CA, local time is 2026-09-10 09:33:54.442323-04:00
[13:33:54] Successful get url: https://www.bing.com/th?id=OHR.TIFFRoy_EN-CA6717935809_UHD.jpg
[13:33:54] Picture infomations saved to  global/en-CA/README.md
[13:33:54] Picture infomations saved to global/en-CA/history/2026/09/11_en-CA.md
[13:33:54] Start geting global Bing Wallpaper, region=en-GB, local time is 2026-09-10 14:33:54.764607+01:00
[13:33:54] Successful get url: https://www.bing.com/th?id=OHR.Olvera_EN-GB6934313279_UHD.jpg
[13:33:55] Picture infomations saved to  global/en-GB/README.md
[13:33:55] Picture infomations saved to global/en-GB/history/2026/09/10_en-GB.md
[13:33:55] Start geting global Bing Wallpaper, region=it-IT, local time is 2026-09-10 15:33:55.107315+02:00
[13:33:55] Successful get url: https://www.bing.com/th?id=OHR.Olvera_IT-IT3958001884_UHD.jpg
[13:33:55] Picture infomations saved to  global/it-IT/README.md
[13:33:55] Picture infomations saved to global/it-IT/history/2026/09/10_it-IT.md
[13:33:55] Start geting global Bing Wallpaper, region=es-ES, local time is 2026-09-10 15:33:55.457753+02:00
[13:33:55] Successful get url: https://www.bing.com/th?id=OHR.Olvera_ES-ES2719648293_UHD.jpg
[13:33:55] Picture infomations saved to  global/es-ES/README.md
[13:33:55] Picture infomations saved to global/es-ES/history/2026/09/10_es-ES.md
[13:33:55] Start geting global Bing Wallpaper, region=fr-CA, local time is 2026-09-10 09:33:55.904156-04:00
[13:33:56] Successful get url: https://www.bing.com/th?id=OHR.TIFFRoy_FR-CA9616987709_UHD.jpg
[13:33:56] Picture infomations saved to  global/fr-CA/README.md
[13:33:56] Picture infomations saved to global/fr-CA/history/2026/09/11_fr-CA.md
Program exit at 13:33:56
