
Program started at 15:52:01
Operating System Name: Linux
Operating System Version: #22-Ubuntu SMP Mon Jul 27 17:24:03 UTC 2026
System Architecture: ('64bit', 'ELF')
Computer Type: x86_64
Computer Name: runnervmlun5p
Processor Type: x86_64
Python Version: 3.12.14
Python Interpreter Name: CPython
[15:52:01] Start geting CN Bing Wallpaper
[15:52:01] Successful get url: https://www.bing.com/th?id=OHR.KochiaChina_ZH-CN4719995421_UHD.jpg
[15:52:01] Image saved to img/background.jpg
[15:52:01] Info saved to README.md
[15:52:01] Image saved to history/2026/09/14.md
[15:52:01] Start geting global Bing Wallpaper, region=en-US, local time is 2026-09-14 11:52:01.554226-04:00
[15:52:01] Successful get url: https://www.bing.com/th?id=OHR.KochiaChina_EN-US5037126636_UHD.jpg
[15:52:01] Picture infomations saved to  global/en-US/README.md
[15:52:01] Picture infomations saved to global/en-US/history/2026/09/15_en-US.md
[15:52:01] Start geting global Bing Wallpaper, region=ja-JP, local time is 2026-09-15 00:52:01.997110+09:00
[15:52:02] Successful get url: https://www.bing.com/th?id=OHR.KochiaChina_JA-JP6121199727_UHD.jpg
[15:52:02] Picture infomations saved to  global/ja-JP/README.md
[15:52:02] Picture infomations saved to global/ja-JP/history/2026/09/15_ja-JP.md
[15:52:02] Start geting global Bing Wallpaper, region=en-IN, local time is 2026-09-14 21:22:02.301059+05:30
[15:52:02] Successful get url: https://www.bing.com/th?id=OHR.KochiaChina_EN-IN7950718460_UHD.jpg
[15:52:02] Picture infomations saved to  global/en-IN/README.md
[15:52:02] Picture infomations saved to global/en-IN/history/2026/09/14_en-IN.md
[15:52:02] Start geting global Bing Wallpaper, region=pt-BR, local time is 2026-09-14 12:52:02.827944-03:00
[15:52:02] Successful get url: https://www.bing.com/th?id=OHR.KochiaChina_PT-BR0883558645_UHD.jpg
[15:52:03] Picture infomations saved to  global/pt-BR/README.md
[15:52:03] Picture infomations saved to global/pt-BR/history/2026/09/15_pt-BR.md
[15:52:03] Start geting global Bing Wallpaper, region=fr-FR, local time is 2026-09-14 17:52:03.321624+02:00
[15:52:03] Successful get url: https://www.bing.com/th?id=OHR.KochiaChina_FR-FR3921834032_UHD.jpg
[15:52:04] Picture infomations saved to  global/fr-FR/README.md
[15:52:04] Picture infomations saved to global/fr-FR/history/2026/09/14_fr-FR.md
[15:52:04] Start geting global Bing Wallpaper, region=de-DE, local time is 2026-09-14 17:52:04.060255+02:00
[15:52:04] Successful get url: https://www.bing.com/th?id=OHR.KochiaChina_DE-DE7299864606_UHD.jpg
[15:52:04] Picture infomations saved to  global/de-DE/README.md
[15:52:04] Picture infomations saved to global/de-DE/history/2026/09/14_de-DE.md
[15:52:04] Start geting global Bing Wallpaper, region=en-CA, local time is 2026-09-14 11:52:04.408977-04:00
[15:52:04] Successful get url: https://www.bing.com/th?id=OHR.KochiaChina_EN-CA9157667253_UHD.jpg
[15:52:04] Picture infomations saved to  global/en-CA/README.md
[15:52:04] Picture infomations saved to global/en-CA/history/2026/09/15_en-CA.md
[15:52:04] Start geting global Bing Wallpaper, region=en-GB, local time is 2026-09-14 16:52:04.746479+01:00
[15:52:04] Successful get url: https://www.bing.com/th?id=OHR.KochiaChina_EN-GB8041098184_UHD.jpg
[15:52:05] Picture infomations saved to  global/en-GB/README.md
[15:52:05] Picture infomations saved to global/en-GB/history/2026/09/14_en-GB.md
[15:52:05] Start geting global Bing Wallpaper, region=it-IT, local time is 2026-09-14 17:52:05.044144+02:00
[15:52:05] Successful get url: https://www.bing.com/th?id=OHR.KochiaChina_IT-IT4492706565_UHD.jpg
[15:52:05] Picture infomations saved to  global/it-IT/README.md
[15:52:05] Picture infomations saved to global/it-IT/history/2026/09/14_it-IT.md
[15:52:05] Start geting global Bing Wallpaper, region=es-ES, local time is 2026-09-14 17:52:05.536169+02:00
[15:52:05] Successful get url: https://www.bing.com/th?id=OHR.KochiaChina_ES-ES5067381880_UHD.jpg
[15:52:06] Picture infomations saved to  global/es-ES/README.md
[15:52:06] Picture infomations saved to global/es-ES/history/2026/09/14_es-ES.md
[15:52:06] Start geting global Bing Wallpaper, region=fr-CA, local time is 2026-09-14 11:52:06.062498-04:00
[15:52:06] Successful get url: https://www.bing.com/th?id=OHR.KochiaChina_FR-CA2514876022_UHD.jpg
[15:52:06] Picture infomations saved to  global/fr-CA/README.md
[15:52:06] Picture infomations saved to global/fr-CA/history/2026/09/15_fr-CA.md
Program exit at 15:52:06

Program started at 20:06:01
Operating System Name: Linux
Operating System Version: #22-Ubuntu SMP Mon Jul 27 17:24:03 UTC 2026
System Architecture: ('64bit', 'ELF')
Computer Type: x86_64
Computer Name: runnervmlun5p
Processor Type: x86_64
Python Version: 3.12.14
Python Interpreter Name: CPython
[20:06:01] Start geting CN Bing Wallpaper
[20:06:01] Successful get url: https://www.bing.com/th?id=OHR.RedMacawsFlight_ZH-CN5045822113_UHD.jpg
[20:06:01] Image saved to img/background.jpg
[20:06:01] Info saved to README.md
[20:06:01] Image saved to history/2026/09/15.md
[20:06:01] Start geting global Bing Wallpaper, region=en-US, local time is 2026-09-14 16:06:01.309323-04:00
[20:06:01] Successful get url: https://www.bing.com/th?id=OHR.KochiaChina_EN-US5037126636_UHD.jpg
[20:06:01] Picture infomations saved to  global/en-US/README.md
[20:06:01] Picture infomations saved to global/en-US/history/2026/09/15_en-US.md
[20:06:01] Start geting global Bing Wallpaper, region=ja-JP, local time is 2026-09-15 05:06:01.476867+09:00
[20:06:01] Successful get url: https://www.bing.com/th?id=OHR.KochiaChina_JA-JP6121199727_UHD.jpg
[20:06:01] Picture infomations saved to  global/ja-JP/README.md
[20:06:01] Picture infomations saved to global/ja-JP/history/2026/09/15_ja-JP.md
[20:06:01] Start geting global Bing Wallpaper, region=en-IN, local time is 2026-09-15 01:36:01.728480+05:30
[20:06:01] Successful get url: https://www.bing.com/th?id=OHR.RedMacawsFlight_EN-IN8058515331_UHD.jpg
[20:06:01] Picture infomations saved to  global/en-IN/README.md
[20:06:01] Picture infomations saved to global/en-IN/history/2026/09/15_en-IN.md
[20:06:01] Start geting global Bing Wallpaper, region=pt-BR, local time is 2026-09-14 17:06:01.869735-03:00
[20:06:01] Successful get url: https://www.bing.com/th?id=OHR.KochiaChina_PT-BR0883558645_UHD.jpg
[20:06:02] Picture infomations saved to  global/pt-BR/README.md
[20:06:02] Picture infomations saved to global/pt-BR/history/2026/09/15_pt-BR.md
[20:06:02] Start geting global Bing Wallpaper, region=fr-FR, local time is 2026-09-14 22:06:02.058861+02:00
[20:06:02] Successful get url: https://www.bing.com/th?id=OHR.KochiaChina_FR-FR3921834032_UHD.jpg
[20:06:02] Picture infomations saved to  global/fr-FR/README.md
[20:06:02] Picture infomations saved to global/fr-FR/history/2026/09/14_fr-FR.md
[20:06:02] Start geting global Bing Wallpaper, region=de-DE, local time is 2026-09-14 22:06:02.440716+02:00
[20:06:02] Successful get url: https://www.bing.com/th?id=OHR.KochiaChina_DE-DE7299864606_UHD.jpg
[20:06:02] Picture infomations saved to  global/de-DE/README.md
[20:06:02] Picture infomations saved to global/de-DE/history/2026/09/14_de-DE.md
[20:06:02] Start geting global Bing Wallpaper, region=en-CA, local time is 2026-09-14 16:06:02.588614-04:00
[20:06:02] Successful get url: https://www.bing.com/th?id=OHR.KochiaChina_EN-CA9157667253_UHD.jpg
[20:06:02] Picture infomations saved to  global/en-CA/README.md
[20:06:02] Picture infomations saved to global/en-CA/history/2026/09/15_en-CA.md
[20:06:02] Start geting global Bing Wallpaper, region=en-GB, local time is 2026-09-14 21:06:02.837903+01:00
[20:06:02] Successful get url: https://www.bing.com/th?id=OHR.KochiaChina_EN-GB8041098184_UHD.jpg
[20:06:03] Picture infomations saved to  global/en-GB/README.md
[20:06:03] Picture infomations saved to global/en-GB/history/2026/09/14_en-GB.md
[20:06:03] Start geting global Bing Wallpaper, region=it-IT, local time is 2026-09-14 22:06:03.037942+02:00
[20:06:03] Successful get url: https://www.bing.com/th?id=OHR.KochiaChina_IT-IT4492706565_UHD.jpg
[20:06:03] Picture infomations saved to  global/it-IT/README.md
[20:06:03] Picture infomations saved to global/it-IT/history/2026/09/14_it-IT.md
[20:06:03] Start geting global Bing Wallpaper, region=es-ES, local time is 2026-09-14 22:06:03.281766+02:00
[20:06:03] Successful get url: https://www.bing.com/th?id=OHR.KochiaChina_ES-ES5067381880_UHD.jpg
[20:06:03] Picture infomations saved to  global/es-ES/README.md
[20:06:03] Picture infomations saved to global/es-ES/history/2026/09/14_es-ES.md
[20:06:03] Start geting global Bing Wallpaper, region=fr-CA, local time is 2026-09-14 16:06:03.663519-04:00
[20:06:03] Successful get url: https://www.bing.com/th?id=OHR.KochiaChina_FR-CA2514876022_UHD.jpg
[20:06:03] Picture infomations saved to  global/fr-CA/README.md
[20:06:03] Picture infomations saved to global/fr-CA/history/2026/09/15_fr-CA.md
Program exit at 20:06:03
