
Program started at 09:36:47
Operating System Name: Linux
Operating System Version: #22-Ubuntu SMP Mon Jul 27 17:24:03 UTC 2026
System Architecture: ('64bit', 'ELF')
Computer Type: x86_64
Computer Name: runnervmzvulz
Processor Type: x86_64
Python Version: 3.12.13
Python Interpreter Name: CPython
[09:36:47] Start geting CN Bing Wallpaper
[09:36:48] Successful get url: https://www.bing.com/th?id=OHR.ValleyDreams_ZH-CN9689713135_UHD.jpg
[09:36:48] Image saved to img/background.jpg
[09:36:48] Info saved to README.md
[09:36:48] Image saved to history/2026/08/15.md
[09:36:48] Start geting global Bing Wallpaper, region=en-US, local time is 2026-08-15 05:36:48.302251-04:00
[09:36:48] Successful get url: https://www.bing.com/th?id=OHR.ValleyDreams_EN-US5250331985_UHD.jpg
[09:36:48] Picture infomations saved to  global/en-US/README.md
[09:36:48] Picture infomations saved to global/en-US/history/2026/08/16_en-US.md
[09:36:48] Start geting global Bing Wallpaper, region=ja-JP, local time is 2026-08-15 18:36:48.676915+09:00
[09:36:48] Successful get url: https://www.bing.com/th?id=OHR.ValleyDreams_JA-JP6579828761_UHD.jpg
[09:36:49] Picture infomations saved to  global/ja-JP/README.md
[09:36:49] Picture infomations saved to global/ja-JP/history/2026/08/15_ja-JP.md
[09:36:49] Start geting global Bing Wallpaper, region=en-IN, local time is 2026-08-15 15:06:49.015844+05:30
[09:36:49] Successful get url: https://www.bing.com/th?id=OHR.IndependenceDay2026_EN-IN1491568628_UHD.jpg
[09:36:49] Picture infomations saved to  global/en-IN/README.md
[09:36:49] Picture infomations saved to global/en-IN/history/2026/08/15_en-IN.md
[09:36:49] Start geting global Bing Wallpaper, region=pt-BR, local time is 2026-08-15 06:36:49.360900-03:00
[09:36:49] Successful get url: https://www.bing.com/th?id=OHR.ColorfulCop_PT-BR4548843545_UHD.jpg
[09:36:49] Picture infomations saved to  global/pt-BR/README.md
[09:36:49] Picture infomations saved to global/pt-BR/history/2026/08/16_pt-BR.md
[09:36:49] Start geting global Bing Wallpaper, region=fr-FR, local time is 2026-08-15 11:36:49.711418+02:00
[09:36:49] Successful get url: https://www.bing.com/th?id=OHR.ValleyDreams_FR-FR7228733244_UHD.jpg
[09:36:50] Picture infomations saved to  global/fr-FR/README.md
[09:36:50] Picture infomations saved to global/fr-FR/history/2026/08/15_fr-FR.md
[09:36:50] Start geting global Bing Wallpaper, region=de-DE, local time is 2026-08-15 11:36:50.067708+02:00
[09:36:50] Successful get url: https://www.bing.com/th?id=OHR.SellinSunrise_DE-DE6501539287_UHD.jpg
[09:36:50] Picture infomations saved to  global/de-DE/README.md
[09:36:50] Picture infomations saved to global/de-DE/history/2026/08/15_de-DE.md
[09:36:50] Start geting global Bing Wallpaper, region=en-CA, local time is 2026-08-15 05:36:50.408942-04:00
[09:36:50] Successful get url: https://www.bing.com/th?id=OHR.ValleyDreams_EN-CA5979323627_UHD.jpg
[09:36:50] Picture infomations saved to  global/en-CA/README.md
[09:36:50] Picture infomations saved to global/en-CA/history/2026/08/16_en-CA.md
[09:36:50] Start geting global Bing Wallpaper, region=en-GB, local time is 2026-08-15 10:36:50.760389+01:00
[09:36:50] Successful get url: https://www.bing.com/th?id=OHR.ValleyDreams_EN-GB5755022749_UHD.jpg
[09:36:51] Picture infomations saved to  global/en-GB/README.md
[09:36:51] Picture infomations saved to global/en-GB/history/2026/08/15_en-GB.md
[09:36:51] Start geting global Bing Wallpaper, region=it-IT, local time is 2026-08-15 11:36:51.104770+02:00
[09:36:51] Successful get url: https://www.bing.com/th?id=OHR.EstateItaliana_IT-IT7841784337_UHD.jpg
[09:36:51] Picture infomations saved to  global/it-IT/README.md
[09:36:51] Picture infomations saved to global/it-IT/history/2026/08/15_it-IT.md
[09:36:51] Start geting global Bing Wallpaper, region=es-ES, local time is 2026-08-15 11:36:51.473367+02:00
[09:36:51] Successful get url: https://www.bing.com/th?id=OHR.MalagaFairAgosto_ES-ES2221508269_UHD.jpg
[09:36:51] Picture infomations saved to  global/es-ES/README.md
[09:36:51] Picture infomations saved to global/es-ES/history/2026/08/15_es-ES.md
[09:36:51] Start geting global Bing Wallpaper, region=fr-CA, local time is 2026-08-15 05:36:51.833394-04:00
[09:36:51] Successful get url: https://www.bing.com/th?id=OHR.ValleyDreams_FR-CA7670530303_UHD.jpg
[09:36:52] Picture infomations saved to  global/fr-CA/README.md
[09:36:52] Picture infomations saved to global/fr-CA/history/2026/08/16_fr-CA.md
Program exit at 09:36:52

Program started at 16:15:07
Operating System Name: Linux
Operating System Version: #22-Ubuntu SMP Mon Jul 27 17:24:03 UTC 2026
System Architecture: ('64bit', 'ELF')
Computer Type: x86_64
Computer Name: runnervmzvulz
Processor Type: x86_64
Python Version: 3.12.13
Python Interpreter Name: CPython
[16:15:07] Start geting CN Bing Wallpaper
[16:15:08] Successful get url: https://www.bing.com/th?id=OHR.RossErrillyRuins_ZH-CN9986322001_UHD.jpg
[16:15:08] Image saved to img/background.jpg
[16:15:08] Info saved to README.md
[16:15:08] Image saved to history/2026/08/16.md
[16:15:08] Start geting global Bing Wallpaper, region=en-US, local time is 2026-08-15 12:15:08.299006-04:00
[16:15:08] Successful get url: https://www.bing.com/th?id=OHR.ValleyDreams_EN-US5250331985_UHD.jpg
[16:15:08] Picture infomations saved to  global/en-US/README.md
[16:15:08] Picture infomations saved to global/en-US/history/2026/08/16_en-US.md
[16:15:08] Start geting global Bing Wallpaper, region=ja-JP, local time is 2026-08-16 01:15:08.515576+09:00
[16:15:08] Successful get url: https://www.bing.com/th?id=OHR.RossErrillyRuins_JA-JP6822363126_UHD.jpg
[16:15:08] Picture infomations saved to  global/ja-JP/README.md
[16:15:08] Picture infomations saved to global/ja-JP/history/2026/08/16_ja-JP.md
[16:15:08] Start geting global Bing Wallpaper, region=en-IN, local time is 2026-08-15 21:45:08.698686+05:30
[16:15:08] Successful get url: https://www.bing.com/th?id=OHR.IndependenceDay2026_EN-IN1491568628_UHD.jpg
[16:15:08] Picture infomations saved to  global/en-IN/README.md
[16:15:08] Picture infomations saved to global/en-IN/history/2026/08/15_en-IN.md
[16:15:08] Start geting global Bing Wallpaper, region=pt-BR, local time is 2026-08-15 13:15:08.844655-03:00
[16:15:08] Successful get url: https://www.bing.com/th?id=OHR.ColorfulCop_PT-BR4548843545_UHD.jpg
[16:15:08] Picture infomations saved to  global/pt-BR/README.md
[16:15:08] Picture infomations saved to global/pt-BR/history/2026/08/16_pt-BR.md
[16:15:08] Start geting global Bing Wallpaper, region=fr-FR, local time is 2026-08-15 18:15:08.997597+02:00
[16:15:09] Successful get url: https://www.bing.com/th?id=OHR.ValleyDreams_FR-FR7228733244_UHD.jpg
[16:15:09] Picture infomations saved to  global/fr-FR/README.md
[16:15:09] Picture infomations saved to global/fr-FR/history/2026/08/15_fr-FR.md
[16:15:09] Start geting global Bing Wallpaper, region=de-DE, local time is 2026-08-15 18:15:09.240011+02:00
[16:15:09] Successful get url: https://www.bing.com/th?id=OHR.SellinSunrise_DE-DE6501539287_UHD.jpg
[16:15:09] Picture infomations saved to  global/de-DE/README.md
[16:15:09] Picture infomations saved to global/de-DE/history/2026/08/15_de-DE.md
[16:15:09] Start geting global Bing Wallpaper, region=en-CA, local time is 2026-08-15 12:15:09.603329-04:00
[16:15:09] Successful get url: https://www.bing.com/th?id=OHR.ValleyDreams_EN-CA5979323627_UHD.jpg
[16:15:09] Picture infomations saved to  global/en-CA/README.md
[16:15:09] Picture infomations saved to global/en-CA/history/2026/08/16_en-CA.md
[16:15:09] Start geting global Bing Wallpaper, region=en-GB, local time is 2026-08-15 17:15:09.759507+01:00
[16:15:09] Successful get url: https://www.bing.com/th?id=OHR.ValleyDreams_EN-GB5755022749_UHD.jpg
[16:15:09] Picture infomations saved to  global/en-GB/README.md
[16:15:09] Picture infomations saved to global/en-GB/history/2026/08/15_en-GB.md
[16:15:09] Start geting global Bing Wallpaper, region=it-IT, local time is 2026-08-15 18:15:10.000792+02:00
[16:15:10] Successful get url: https://www.bing.com/th?id=OHR.EstateItaliana_IT-IT7841784337_UHD.jpg
[16:15:10] Picture infomations saved to  global/it-IT/README.md
[16:15:10] Picture infomations saved to global/it-IT/history/2026/08/15_it-IT.md
[16:15:10] Start geting global Bing Wallpaper, region=es-ES, local time is 2026-08-15 18:15:10.157119+02:00
[16:15:10] Successful get url: https://www.bing.com/th?id=OHR.MalagaFairAgosto_ES-ES2221508269_UHD.jpg
[16:15:10] Picture infomations saved to  global/es-ES/README.md
[16:15:10] Picture infomations saved to global/es-ES/history/2026/08/15_es-ES.md
[16:15:10] Start geting global Bing Wallpaper, region=fr-CA, local time is 2026-08-15 12:15:10.369307-04:00
[16:15:10] Successful get url: https://www.bing.com/th?id=OHR.ValleyDreams_FR-CA7670530303_UHD.jpg
[16:15:10] Picture infomations saved to  global/fr-CA/README.md
[16:15:10] Picture infomations saved to global/fr-CA/history/2026/08/16_fr-CA.md
Program exit at 16:15:10
