
Program started at 11:30:44
Operating System Name: Linux
Operating System Version: #20~24.04.1-Ubuntu SMP Fri Jun 19 20:09:14 UTC 2026
System Architecture: ('64bit', 'ELF')
Computer Type: x86_64
Computer Name: runnervmvrwv9
Processor Type: x86_64
Python Version: 3.12.13
Python Interpreter Name: CPython
[11:30:44] Start geting CN Bing Wallpaper
[11:30:44] Successful get url: https://www.bing.com/th?id=OHR.MaraCrossing_ZH-CN8816902094_UHD.jpg
[11:30:44] Image saved to img/background.jpg
[11:30:44] Info saved to README.md
[11:30:44] Image saved to history/2026/08/06.md
[11:30:44] Start geting global Bing Wallpaper, region=en-US, local time is 2026-08-06 07:30:44.873250-04:00
[11:30:44] Successful get url: https://www.bing.com/th?id=OHR.MaraCrossing_EN-US8682968377_UHD.jpg
[11:30:45] Picture infomations saved to  global/en-US/README.md
[11:30:45] Picture infomations saved to global/en-US/history/2026/08/07_en-US.md
[11:30:45] Start geting global Bing Wallpaper, region=ja-JP, local time is 2026-08-06 20:30:45.316958+09:00
[11:30:45] Successful get url: https://www.bing.com/th?id=OHR.HiroshimaPeaceMemorial2026_JA-JP7778121397_UHD.jpg
[11:30:45] Picture infomations saved to  global/ja-JP/README.md
[11:30:45] Picture infomations saved to global/ja-JP/history/2026/08/06_ja-JP.md
[11:30:45] Start geting global Bing Wallpaper, region=en-IN, local time is 2026-08-06 17:00:45.705434+05:30
[11:30:45] Successful get url: https://www.bing.com/th?id=OHR.MaraCrossing_EN-IN3635876531_UHD.jpg
[11:30:46] Picture infomations saved to  global/en-IN/README.md
[11:30:46] Picture infomations saved to global/en-IN/history/2026/08/06_en-IN.md
[11:30:46] Start geting global Bing Wallpaper, region=pt-BR, local time is 2026-08-06 08:30:46.120670-03:00
[11:30:46] Successful get url: https://www.bing.com/th?id=OHR.MaraCrossing_PT-BR3865870931_UHD.jpg
[11:30:46] Picture infomations saved to  global/pt-BR/README.md
[11:30:46] Picture infomations saved to global/pt-BR/history/2026/08/07_pt-BR.md
[11:30:46] Start geting global Bing Wallpaper, region=fr-FR, local time is 2026-08-06 13:30:46.534756+02:00
[11:30:46] Successful get url: https://www.bing.com/th?id=OHR.MaraCrossing_FR-FR8762325537_UHD.jpg
[11:30:47] Picture infomations saved to  global/fr-FR/README.md
[11:30:47] Picture infomations saved to global/fr-FR/history/2026/08/06_fr-FR.md
[11:30:47] Start geting global Bing Wallpaper, region=de-DE, local time is 2026-08-06 13:30:47.074811+02:00
[11:30:47] Successful get url: https://www.bing.com/th?id=OHR.MaraCrossing_DE-DE5747320047_UHD.jpg
[11:30:47] Picture infomations saved to  global/de-DE/README.md
[11:30:47] Picture infomations saved to global/de-DE/history/2026/08/06_de-DE.md
[11:30:47] Start geting global Bing Wallpaper, region=en-CA, local time is 2026-08-06 07:30:47.487378-04:00
[11:30:47] Successful get url: https://www.bing.com/th?id=OHR.EDMFolkFest_EN-CA4302918547_UHD.jpg
[11:30:48] Picture infomations saved to  global/en-CA/README.md
[11:30:48] Picture infomations saved to global/en-CA/history/2026/08/07_en-CA.md
[11:30:48] Start geting global Bing Wallpaper, region=en-GB, local time is 2026-08-06 12:30:48.007817+01:00
[11:30:48] Successful get url: https://www.bing.com/th?id=OHR.MaraCrossing_EN-GB8480696688_UHD.jpg
[11:30:48] Picture infomations saved to  global/en-GB/README.md
[11:30:48] Picture infomations saved to global/en-GB/history/2026/08/06_en-GB.md
[11:30:48] Start geting global Bing Wallpaper, region=it-IT, local time is 2026-08-06 13:30:48.426879+02:00
[11:30:48] Successful get url: https://www.bing.com/th?id=OHR.MaraCrossing_IT-IT0069962871_UHD.jpg
[11:30:48] Picture infomations saved to  global/it-IT/README.md
[11:30:48] Picture infomations saved to global/it-IT/history/2026/08/06_it-IT.md
[11:30:48] Start geting global Bing Wallpaper, region=es-ES, local time is 2026-08-06 13:30:48.831633+02:00
[11:30:48] Successful get url: https://www.bing.com/th?id=OHR.MaraCrossing_ES-ES3801561108_UHD.jpg
[11:30:49] Picture infomations saved to  global/es-ES/README.md
[11:30:49] Picture infomations saved to global/es-ES/history/2026/08/06_es-ES.md
[11:30:49] Start geting global Bing Wallpaper, region=fr-CA, local time is 2026-08-06 07:30:49.229481-04:00
[11:30:49] Successful get url: https://www.bing.com/th?id=OHR.EDMFolkFest_FR-CA2482532216_UHD.jpg
[11:30:49] Picture infomations saved to  global/fr-CA/README.md
[11:30:49] Picture infomations saved to global/fr-CA/history/2026/08/07_fr-CA.md
Program exit at 11:30:49
