
Program started at 11:31:54
Operating System Name: Linux
Operating System Version: #20~24.04.1-Ubuntu SMP Fri Jun 19 20:09:14 UTC 2026
System Architecture: ('64bit', 'ELF')
Computer Type: x86_64
Computer Name: runnervmvrwv9
Processor Type: x86_64
Python Version: 3.12.13
Python Interpreter Name: CPython
[11:31:54] Start geting CN Bing Wallpaper
[11:31:54] Successful get url: https://www.bing.com/th?id=OHR.AdorableOwlet_ZH-CN6929234033_UHD.jpg
[11:31:54] Image saved to img/background.jpg
[11:31:54] Info saved to README.md
[11:31:54] Image saved to history/2026/08/04.md
[11:31:54] Start geting global Bing Wallpaper, region=en-US, local time is 2026-08-04 07:31:54.766203-04:00
[11:31:54] Successful get url: https://www.bing.com/th?id=OHR.AdorableOwlet_EN-US7873975586_UHD.jpg
[11:31:55] Picture infomations saved to  global/en-US/README.md
[11:31:55] Picture infomations saved to global/en-US/history/2026/08/05_en-US.md
[11:31:55] Start geting global Bing Wallpaper, region=ja-JP, local time is 2026-08-04 20:31:55.018429+09:00
[11:31:55] Successful get url: https://www.bing.com/th?id=OHR.AdorableOwlet_JA-JP7246946497_UHD.jpg
[11:31:55] Picture infomations saved to  global/ja-JP/README.md
[11:31:55] Picture infomations saved to global/ja-JP/history/2026/08/04_ja-JP.md
[11:31:55] Start geting global Bing Wallpaper, region=en-IN, local time is 2026-08-04 17:01:55.177618+05:30
[11:31:55] Successful get url: https://www.bing.com/th?id=OHR.AdorableOwlet_EN-IN2984405416_UHD.jpg
[11:31:55] Picture infomations saved to  global/en-IN/README.md
[11:31:55] Picture infomations saved to global/en-IN/history/2026/08/04_en-IN.md
[11:31:55] Start geting global Bing Wallpaper, region=pt-BR, local time is 2026-08-04 08:31:55.424402-03:00
[11:31:55] Successful get url: https://www.bing.com/th?id=OHR.AdorableOwlet_PT-BR1823558935_UHD.jpg
[11:31:55] Picture infomations saved to  global/pt-BR/README.md
[11:31:55] Picture infomations saved to global/pt-BR/history/2026/08/05_pt-BR.md
[11:31:55] Start geting global Bing Wallpaper, region=fr-FR, local time is 2026-08-04 13:31:55.639868+02:00
[11:31:55] Successful get url: https://www.bing.com/th?id=OHR.AdorableOwlet_FR-FR9479841561_UHD.jpg
[11:31:55] Picture infomations saved to  global/fr-FR/README.md
[11:31:55] Picture infomations saved to global/fr-FR/history/2026/08/04_fr-FR.md
[11:31:55] Start geting global Bing Wallpaper, region=de-DE, local time is 2026-08-04 13:31:55.767130+02:00
[11:31:55] Successful get url: https://www.bing.com/th?id=OHR.AdorableOwlet_DE-DE5484057022_UHD.jpg
[11:31:55] Picture infomations saved to  global/de-DE/README.md
[11:31:55] Picture infomations saved to global/de-DE/history/2026/08/04_de-DE.md
[11:31:55] Start geting global Bing Wallpaper, region=en-CA, local time is 2026-08-04 07:31:55.947552-04:00
[11:31:55] Successful get url: https://www.bing.com/th?id=OHR.AdorableOwlet_EN-CA3620790645_UHD.jpg
[11:31:56] Picture infomations saved to  global/en-CA/README.md
[11:31:56] Picture infomations saved to global/en-CA/history/2026/08/05_en-CA.md
[11:31:56] Start geting global Bing Wallpaper, region=en-GB, local time is 2026-08-04 12:31:56.097346+01:00
[11:31:56] Successful get url: https://www.bing.com/th?id=OHR.AdorableOwlet_EN-GB7610468145_UHD.jpg
[11:31:56] Picture infomations saved to  global/en-GB/README.md
[11:31:56] Picture infomations saved to global/en-GB/history/2026/08/04_en-GB.md
[11:31:56] Start geting global Bing Wallpaper, region=it-IT, local time is 2026-08-04 13:31:56.387910+02:00
[11:31:56] Successful get url: https://www.bing.com/th?id=OHR.AdorableOwlet_IT-IT9869422851_UHD.jpg
[11:31:56] Picture infomations saved to  global/it-IT/README.md
[11:31:56] Picture infomations saved to global/it-IT/history/2026/08/04_it-IT.md
[11:31:56] Start geting global Bing Wallpaper, region=es-ES, local time is 2026-08-04 13:31:56.530476+02:00
[11:31:56] Successful get url: https://www.bing.com/th?id=OHR.AdorableOwlet_ES-ES3577552692_UHD.jpg
[11:31:56] Picture infomations saved to  global/es-ES/README.md
[11:31:56] Picture infomations saved to global/es-ES/history/2026/08/04_es-ES.md
[11:31:56] Start geting global Bing Wallpaper, region=fr-CA, local time is 2026-08-04 07:31:56.663320-04:00
[11:31:56] Successful get url: https://www.bing.com/th?id=OHR.AdorableOwlet_FR-CA4740812558_UHD.jpg
[11:31:56] Picture infomations saved to  global/fr-CA/README.md
[11:31:56] Picture infomations saved to global/fr-CA/history/2026/08/05_fr-CA.md
Program exit at 11:31:56

Program started at 17:37:37
Operating System Name: Linux
Operating System Version: #20~24.04.1-Ubuntu SMP Fri Jun 19 20:09:14 UTC 2026
System Architecture: ('64bit', 'ELF')
Computer Type: x86_64
Computer Name: runnervmvrwv9
Processor Type: x86_64
Python Version: 3.12.13
Python Interpreter Name: CPython
[17:37:37] Start geting CN Bing Wallpaper
[17:37:37] Successful get url: https://www.bing.com/th?id=OHR.FezMorocco_ZH-CN7662339428_UHD.jpg
[17:37:37] Image saved to img/background.jpg
[17:37:37] Info saved to README.md
[17:37:37] Image saved to history/2026/08/05.md
[17:37:37] Start geting global Bing Wallpaper, region=en-US, local time is 2026-08-04 13:37:37.672085-04:00
[17:37:37] Successful get url: https://www.bing.com/th?id=OHR.AdorableOwlet_EN-US7873975586_UHD.jpg
[17:37:37] Picture infomations saved to  global/en-US/README.md
[17:37:37] Picture infomations saved to global/en-US/history/2026/08/05_en-US.md
[17:37:37] Start geting global Bing Wallpaper, region=ja-JP, local time is 2026-08-05 02:37:37.885744+09:00
[17:37:37] Successful get url: https://www.bing.com/th?id=OHR.FezMorocco_JA-JP7567982886_UHD.jpg
[17:37:38] Picture infomations saved to  global/ja-JP/README.md
[17:37:38] Picture infomations saved to global/ja-JP/history/2026/08/05_ja-JP.md
[17:37:38] Start geting global Bing Wallpaper, region=en-IN, local time is 2026-08-04 23:07:38.173685+05:30
[17:37:38] Successful get url: https://www.bing.com/th?id=OHR.AdorableOwlet_EN-IN2984405416_UHD.jpg
[17:37:38] Picture infomations saved to  global/en-IN/README.md
[17:37:38] Picture infomations saved to global/en-IN/history/2026/08/04_en-IN.md
[17:37:38] Start geting global Bing Wallpaper, region=pt-BR, local time is 2026-08-04 14:37:38.363249-03:00
[17:37:38] Successful get url: https://www.bing.com/th?id=OHR.AdorableOwlet_PT-BR1823558935_UHD.jpg
[17:37:38] Picture infomations saved to  global/pt-BR/README.md
[17:37:38] Picture infomations saved to global/pt-BR/history/2026/08/05_pt-BR.md
[17:37:38] Start geting global Bing Wallpaper, region=fr-FR, local time is 2026-08-04 19:37:38.523346+02:00
[17:37:38] Successful get url: https://www.bing.com/th?id=OHR.AdorableOwlet_FR-FR9479841561_UHD.jpg
[17:37:38] Picture infomations saved to  global/fr-FR/README.md
[17:37:38] Picture infomations saved to global/fr-FR/history/2026/08/04_fr-FR.md
[17:37:38] Start geting global Bing Wallpaper, region=de-DE, local time is 2026-08-04 19:37:38.715696+02:00
[17:37:38] Successful get url: https://www.bing.com/th?id=OHR.AdorableOwlet_DE-DE5484057022_UHD.jpg
[17:37:38] Picture infomations saved to  global/de-DE/README.md
[17:37:38] Picture infomations saved to global/de-DE/history/2026/08/04_de-DE.md
[17:37:38] Start geting global Bing Wallpaper, region=en-CA, local time is 2026-08-04 13:37:38.880969-04:00
[17:37:38] Successful get url: https://www.bing.com/th?id=OHR.AdorableOwlet_EN-CA3620790645_UHD.jpg
[17:37:39] Picture infomations saved to  global/en-CA/README.md
[17:37:39] Picture infomations saved to global/en-CA/history/2026/08/05_en-CA.md
[17:37:39] Start geting global Bing Wallpaper, region=en-GB, local time is 2026-08-04 18:37:39.109612+01:00
[17:37:39] Successful get url: https://www.bing.com/th?id=OHR.AdorableOwlet_EN-GB7610468145_UHD.jpg
[17:37:39] Picture infomations saved to  global/en-GB/README.md
[17:37:39] Picture infomations saved to global/en-GB/history/2026/08/04_en-GB.md
[17:37:39] Start geting global Bing Wallpaper, region=it-IT, local time is 2026-08-04 19:37:39.327855+02:00
[17:37:39] Successful get url: https://www.bing.com/th?id=OHR.AdorableOwlet_IT-IT9869422851_UHD.jpg
[17:37:39] Picture infomations saved to  global/it-IT/README.md
[17:37:39] Picture infomations saved to global/it-IT/history/2026/08/04_it-IT.md
[17:37:39] Start geting global Bing Wallpaper, region=es-ES, local time is 2026-08-04 19:37:39.541752+02:00
[17:37:39] Successful get url: https://www.bing.com/th?id=OHR.AdorableOwlet_ES-ES3577552692_UHD.jpg
[17:37:39] Picture infomations saved to  global/es-ES/README.md
[17:37:39] Picture infomations saved to global/es-ES/history/2026/08/04_es-ES.md
[17:37:39] Start geting global Bing Wallpaper, region=fr-CA, local time is 2026-08-04 13:37:39.707313-04:00
[17:37:39] Successful get url: https://www.bing.com/th?id=OHR.AdorableOwlet_FR-CA4740812558_UHD.jpg
[17:37:39] Picture infomations saved to  global/fr-CA/README.md
[17:37:39] Picture infomations saved to global/fr-CA/history/2026/08/05_fr-CA.md
Program exit at 17:37:39
