
Program started at 09:49:59
Operating System Name: Linux
Operating System Version: #22-Ubuntu SMP Mon Jul 27 17:24:03 UTC 2026
System Architecture: ('64bit', 'ELF')
Computer Type: x86_64
Computer Name: runnervm76f27
Processor Type: x86_64
Python Version: 3.12.14
Python Interpreter Name: CPython
[09:49:59] Start geting CN Bing Wallpaper
[09:49:59] Successful get url: https://www.bing.com/th?id=OHR.JulierPass_ZH-CN3064797820_UHD.jpg
[09:49:59] Image saved to img/background.jpg
[09:49:59] Info saved to README.md
[09:49:59] Image saved to history/2026/08/21.md
[09:49:59] Start geting global Bing Wallpaper, region=en-US, local time is 2026-08-21 05:49:59.609777-04:00
[09:49:59] Successful get url: https://www.bing.com/th?id=OHR.JulierPass_EN-US2643379571_UHD.jpg
[09:49:59] Picture infomations saved to  global/en-US/README.md
[09:49:59] Picture infomations saved to global/en-US/history/2026/08/22_en-US.md
[09:49:59] Start geting global Bing Wallpaper, region=ja-JP, local time is 2026-08-21 18:49:59.794047+09:00
[09:49:59] Successful get url: https://www.bing.com/th?id=OHR.JulierPass_JA-JP8487146662_UHD.jpg
[09:49:59] Picture infomations saved to  global/ja-JP/README.md
[09:49:59] Picture infomations saved to global/ja-JP/history/2026/08/21_ja-JP.md
[09:49:59] Start geting global Bing Wallpaper, region=en-IN, local time is 2026-08-21 15:19:59.921875+05:30
[09:49:59] Successful get url: https://www.bing.com/th?id=OHR.JulierPass_EN-IN9398665018_UHD.jpg
[09:50:00] Picture infomations saved to  global/en-IN/README.md
[09:50:00] Picture infomations saved to global/en-IN/history/2026/08/21_en-IN.md
[09:50:00] Start geting global Bing Wallpaper, region=pt-BR, local time is 2026-08-21 06:50:00.075973-03:00
[09:50:00] Successful get url: https://www.bing.com/th?id=OHR.JulierPass_PT-BR6496661993_UHD.jpg
[09:50:00] Picture infomations saved to  global/pt-BR/README.md
[09:50:00] Picture infomations saved to global/pt-BR/history/2026/08/22_pt-BR.md
[09:50:00] Start geting global Bing Wallpaper, region=fr-FR, local time is 2026-08-21 11:50:00.200901+02:00
[09:50:00] Successful get url: https://www.bing.com/th?id=OHR.JulierPass_FR-FR0870283971_UHD.jpg
[09:50:00] Picture infomations saved to  global/fr-FR/README.md
[09:50:00] Picture infomations saved to global/fr-FR/history/2026/08/21_fr-FR.md
[09:50:00] Start geting global Bing Wallpaper, region=de-DE, local time is 2026-08-21 11:50:00.323387+02:00
[09:50:00] Successful get url: https://www.bing.com/th?id=OHR.JulierPass_DE-DE4547078745_UHD.jpg
[09:50:00] Picture infomations saved to  global/de-DE/README.md
[09:50:00] Picture infomations saved to global/de-DE/history/2026/08/21_de-DE.md
[09:50:00] Start geting global Bing Wallpaper, region=en-CA, local time is 2026-08-21 05:50:00.449665-04:00
[09:50:00] Successful get url: https://www.bing.com/th?id=OHR.CanadaNE_EN-CA9090606067_UHD.jpg
[09:50:00] Picture infomations saved to  global/en-CA/README.md
[09:50:00] Picture infomations saved to global/en-CA/history/2026/08/22_en-CA.md
[09:50:00] Start geting global Bing Wallpaper, region=en-GB, local time is 2026-08-21 10:50:00.578845+01:00
[09:50:00] Successful get url: https://www.bing.com/th?id=OHR.JulierPass_EN-GB1060938084_UHD.jpg
[09:50:00] Picture infomations saved to  global/en-GB/README.md
[09:50:00] Picture infomations saved to global/en-GB/history/2026/08/21_en-GB.md
[09:50:00] Start geting global Bing Wallpaper, region=it-IT, local time is 2026-08-21 11:50:00.741141+02:00
[09:50:00] Successful get url: https://www.bing.com/th?id=OHR.JulierPass_IT-IT0417165500_UHD.jpg
[09:50:00] Picture infomations saved to  global/it-IT/README.md
[09:50:00] Picture infomations saved to global/it-IT/history/2026/08/21_it-IT.md
[09:50:00] Start geting global Bing Wallpaper, region=es-ES, local time is 2026-08-21 11:50:00.873676+02:00
[09:50:00] Successful get url: https://www.bing.com/th?id=OHR.JulierPass_ES-ES7799772209_UHD.jpg
[09:50:01] Picture infomations saved to  global/es-ES/README.md
[09:50:01] Picture infomations saved to global/es-ES/history/2026/08/21_es-ES.md
[09:50:01] Start geting global Bing Wallpaper, region=fr-CA, local time is 2026-08-21 05:50:01.029474-04:00
[09:50:01] Successful get url: https://www.bing.com/th?id=OHR.CanadaNE_FR-CA5981626201_UHD.jpg
[09:50:01] Picture infomations saved to  global/fr-CA/README.md
[09:50:01] Picture infomations saved to global/fr-CA/history/2026/08/22_fr-CA.md
Program exit at 09:50:01
