
Program started at 12:34:29
Operating System Name: Linux
Operating System Version: #20~24.04.1-Ubuntu SMP Fri Jun 19 20:09:14 UTC 2026
System Architecture: ('64bit', 'ELF')
Computer Type: x86_64
Computer Name: runnervmvrwv9
Processor Type: x86_64
Python Version: 3.12.13
Python Interpreter Name: CPython
[12:34:30] Start geting CN Bing Wallpaper
[12:34:30] Successful get url: https://www.bing.com/th?id=OHR.BoatsMalta_ZH-CN4708255775_UHD.jpg
[12:34:30] Image saved to img/background.jpg
[12:34:30] Info saved to README.md
[12:34:30] Image saved to history/2026/08/03.md
[12:34:30] Start geting global Bing Wallpaper, region=en-US, local time is 2026-08-03 08:34:30.323504-04:00
[12:34:30] Successful get url: https://www.bing.com/th?id=OHR.BoatsMalta_EN-US5373607495_UHD.jpg
[12:34:30] Picture infomations saved to  global/en-US/README.md
[12:34:30] Picture infomations saved to global/en-US/history/2026/08/04_en-US.md
[12:34:30] Start geting global Bing Wallpaper, region=ja-JP, local time is 2026-08-03 21:34:30.559599+09:00
[12:34:30] Successful get url: https://www.bing.com/th?id=OHR.BoatsMalta_JA-JP6685221242_UHD.jpg
[12:34:30] Picture infomations saved to  global/ja-JP/README.md
[12:34:30] Picture infomations saved to global/ja-JP/history/2026/08/03_ja-JP.md
[12:34:30] Start geting global Bing Wallpaper, region=en-IN, local time is 2026-08-03 18:04:30.693164+05:30
[12:34:30] Successful get url: https://www.bing.com/th?id=OHR.BoatsMalta_EN-IN2698932333_UHD.jpg
[12:34:30] Picture infomations saved to  global/en-IN/README.md
[12:34:30] Picture infomations saved to global/en-IN/history/2026/08/03_en-IN.md
[12:34:30] Start geting global Bing Wallpaper, region=pt-BR, local time is 2026-08-03 09:34:30.866895-03:00
[12:34:30] Successful get url: https://www.bing.com/th?id=OHR.BoatsMalta_PT-BR0574655720_UHD.jpg
[12:34:31] Picture infomations saved to  global/pt-BR/README.md
[12:34:31] Picture infomations saved to global/pt-BR/history/2026/08/04_pt-BR.md
[12:34:31] Start geting global Bing Wallpaper, region=fr-FR, local time is 2026-08-03 14:34:31.120281+02:00
[12:34:31] Successful get url: https://www.bing.com/th?id=OHR.BoatsMalta_FR-FR8096449869_UHD.jpg
[12:34:31] Picture infomations saved to  global/fr-FR/README.md
[12:34:31] Picture infomations saved to global/fr-FR/history/2026/08/03_fr-FR.md
[12:34:31] Start geting global Bing Wallpaper, region=de-DE, local time is 2026-08-03 14:34:31.254327+02:00
[12:34:31] Successful get url: https://www.bing.com/th?id=OHR.BoatsMalta_DE-DE5376700732_UHD.jpg
[12:34:31] Picture infomations saved to  global/de-DE/README.md
[12:34:31] Picture infomations saved to global/de-DE/history/2026/08/03_de-DE.md
[12:34:31] Start geting global Bing Wallpaper, region=en-CA, local time is 2026-08-03 08:34:31.427219-04:00
[12:34:31] Successful get url: https://www.bing.com/th?id=OHR.BoatsMalta_EN-CA2874745568_UHD.jpg
[12:34:31] Picture infomations saved to  global/en-CA/README.md
[12:34:31] Picture infomations saved to global/en-CA/history/2026/08/04_en-CA.md
[12:34:31] Start geting global Bing Wallpaper, region=en-GB, local time is 2026-08-03 13:34:31.568784+01:00
[12:34:31] Successful get url: https://www.bing.com/th?id=OHR.BoatsMalta_EN-GB7267750671_UHD.jpg
[12:34:31] Picture infomations saved to  global/en-GB/README.md
[12:34:31] Picture infomations saved to global/en-GB/history/2026/08/03_en-GB.md
[12:34:31] Start geting global Bing Wallpaper, region=it-IT, local time is 2026-08-03 14:34:31.719306+02:00
[12:34:31] Successful get url: https://www.bing.com/th?id=OHR.BoatsMalta_IT-IT9782215973_UHD.jpg
[12:34:31] Picture infomations saved to  global/it-IT/README.md
[12:34:31] Picture infomations saved to global/it-IT/history/2026/08/03_it-IT.md
[12:34:31] Start geting global Bing Wallpaper, region=es-ES, local time is 2026-08-03 14:34:31.896969+02:00
[12:34:31] Successful get url: https://www.bing.com/th?id=OHR.BoatsMalta_ES-ES3454206365_UHD.jpg
[12:34:32] Picture infomations saved to  global/es-ES/README.md
[12:34:32] Picture infomations saved to global/es-ES/history/2026/08/03_es-ES.md
[12:34:32] Start geting global Bing Wallpaper, region=fr-CA, local time is 2026-08-03 08:34:32.034909-04:00
[12:34:32] Successful get url: https://www.bing.com/th?id=OHR.BoatsMalta_FR-CA4595918849_UHD.jpg
[12:34:32] Picture infomations saved to  global/fr-CA/README.md
[12:34:32] Picture infomations saved to global/fr-CA/history/2026/08/04_fr-CA.md
Program exit at 12:34:32
