
Program started at 11:26:51
Operating System Name: Linux
Operating System Version: #20~24.04.1-Ubuntu SMP Fri Jun 19 20:09:14 UTC 2026
System Architecture: ('64bit', 'ELF')
Computer Type: x86_64
Computer Name: runnervmvrwv9
Processor Type: x86_64
Python Version: 3.12.13
Python Interpreter Name: CPython
[11:26:51] Start geting CN Bing Wallpaper
[11:26:51] Successful get url: https://www.bing.com/th?id=OHR.FezMorocco_ZH-CN7662339428_UHD.jpg
[11:26:51] Image saved to img/background.jpg
[11:26:51] Info saved to README.md
[11:26:51] Image saved to history/2026/08/05.md
[11:26:51] Start geting global Bing Wallpaper, region=en-US, local time is 2026-08-05 07:26:51.575671-04:00
[11:26:51] Successful get url: https://www.bing.com/th?id=OHR.FezMorocco_EN-US8380353742_UHD.jpg
[11:26:51] Picture infomations saved to  global/en-US/README.md
[11:26:51] Picture infomations saved to global/en-US/history/2026/08/06_en-US.md
[11:26:51] Start geting global Bing Wallpaper, region=ja-JP, local time is 2026-08-05 20:26:51.742411+09:00
[11:26:51] Successful get url: https://www.bing.com/th?id=OHR.FezMorocco_JA-JP7567982886_UHD.jpg
[11:26:51] Picture infomations saved to  global/ja-JP/README.md
[11:26:51] Picture infomations saved to global/ja-JP/history/2026/08/05_ja-JP.md
[11:26:51] Start geting global Bing Wallpaper, region=en-IN, local time is 2026-08-05 16:56:51.889042+05:30
[11:26:51] Successful get url: https://www.bing.com/th?id=OHR.FezMorocco_EN-IN3277799020_UHD.jpg
[11:26:52] Picture infomations saved to  global/en-IN/README.md
[11:26:52] Picture infomations saved to global/en-IN/history/2026/08/05_en-IN.md
[11:26:52] Start geting global Bing Wallpaper, region=pt-BR, local time is 2026-08-05 08:26:52.044973-03:00
[11:26:52] Successful get url: https://www.bing.com/th?id=OHR.FezMorocco_PT-BR3389215453_UHD.jpg
[11:26:52] Picture infomations saved to  global/pt-BR/README.md
[11:26:52] Picture infomations saved to global/pt-BR/history/2026/08/06_pt-BR.md
[11:26:52] Start geting global Bing Wallpaper, region=fr-FR, local time is 2026-08-05 13:26:52.198740+02:00
[11:26:52] Successful get url: https://www.bing.com/th?id=OHR.FezMorocco_FR-FR8577168535_UHD.jpg
[11:26:52] Picture infomations saved to  global/fr-FR/README.md
[11:26:52] Picture infomations saved to global/fr-FR/history/2026/08/05_fr-FR.md
[11:26:52] Start geting global Bing Wallpaper, region=de-DE, local time is 2026-08-05 13:26:52.335899+02:00
[11:26:52] Successful get url: https://www.bing.com/th?id=OHR.FezMorocco_DE-DE5645521719_UHD.jpg
[11:26:52] Picture infomations saved to  global/de-DE/README.md
[11:26:52] Picture infomations saved to global/de-DE/history/2026/08/05_de-DE.md
[11:26:52] Start geting global Bing Wallpaper, region=en-CA, local time is 2026-08-05 07:26:52.455878-04:00
[11:26:52] Successful get url: https://www.bing.com/th?id=OHR.FezMorocco_EN-CA4182192708_UHD.jpg
[11:26:52] Picture infomations saved to  global/en-CA/README.md
[11:26:52] Picture infomations saved to global/en-CA/history/2026/08/06_en-CA.md
[11:26:52] Start geting global Bing Wallpaper, region=en-GB, local time is 2026-08-05 12:26:52.620134+01:00
[11:26:52] Successful get url: https://www.bing.com/th?id=OHR.FezMorocco_EN-GB7904978053_UHD.jpg
[11:26:52] Picture infomations saved to  global/en-GB/README.md
[11:26:52] Picture infomations saved to global/en-GB/history/2026/08/05_en-GB.md
[11:26:52] Start geting global Bing Wallpaper, region=it-IT, local time is 2026-08-05 13:26:52.779902+02:00
[11:26:52] Successful get url: https://www.bing.com/th?id=OHR.FezMorocco_IT-IT9988975389_UHD.jpg
[11:26:53] Picture infomations saved to  global/it-IT/README.md
[11:26:53] Picture infomations saved to global/it-IT/history/2026/08/05_it-IT.md
[11:26:53] Start geting global Bing Wallpaper, region=es-ES, local time is 2026-08-05 13:26:53.012191+02:00
[11:26:53] Successful get url: https://www.bing.com/th?id=OHR.FezMorocco_ES-ES3693583012_UHD.jpg
[11:26:53] Picture infomations saved to  global/es-ES/README.md
[11:26:53] Picture infomations saved to global/es-ES/history/2026/08/05_es-ES.md
[11:26:53] Start geting global Bing Wallpaper, region=fr-CA, local time is 2026-08-05 07:26:53.281427-04:00
[11:26:53] Successful get url: https://www.bing.com/th?id=OHR.FezMorocco_FR-CA4909492278_UHD.jpg
[11:26:53] Picture infomations saved to  global/fr-CA/README.md
[11:26:53] Picture infomations saved to global/fr-CA/history/2026/08/06_fr-CA.md
Program exit at 11:26:53
