
Program started at 09:54:28
Operating System Name: Linux
Operating System Version: #22-Ubuntu SMP Mon Jul 27 17:24:03 UTC 2026
System Architecture: ('64bit', 'ELF')
Computer Type: x86_64
Computer Name: runnervm76f27
Processor Type: x86_64
Python Version: 3.12.14
Python Interpreter Name: CPython
[09:54:28] Start geting CN Bing Wallpaper
[09:54:29] Successful get url: https://www.bing.com/th?id=OHR.AurorasIceland_ZH-CN9781322454_UHD.jpg
[09:54:29] Image saved to img/background.jpg
[09:54:29] Info saved to README.md
[09:54:29] Image saved to history/2026/08/26.md
[09:54:29] Start geting global Bing Wallpaper, region=en-US, local time is 2026-08-26 05:54:29.079894-04:00
[09:54:29] Successful get url: https://www.bing.com/th?id=OHR.AurorasIceland_EN-US3293282785_UHD.jpg
[09:54:29] Picture infomations saved to  global/en-US/README.md
[09:54:29] Picture infomations saved to global/en-US/history/2026/08/27_en-US.md
[09:54:29] Start geting global Bing Wallpaper, region=ja-JP, local time is 2026-08-26 18:54:29.209541+09:00
[09:54:29] Successful get url: https://www.bing.com/th?id=OHR.AurorasIceland_JA-JP9970815507_UHD.jpg
[09:54:29] Picture infomations saved to  global/ja-JP/README.md
[09:54:29] Picture infomations saved to global/ja-JP/history/2026/08/26_ja-JP.md
[09:54:29] Start geting global Bing Wallpaper, region=en-IN, local time is 2026-08-26 15:24:29.344117+05:30
[09:54:29] Successful get url: https://www.bing.com/th?id=OHR.AurorasIceland_EN-IN9916681236_UHD.jpg
[09:54:29] Picture infomations saved to  global/en-IN/README.md
[09:54:29] Picture infomations saved to global/en-IN/history/2026/08/26_en-IN.md
[09:54:29] Start geting global Bing Wallpaper, region=pt-BR, local time is 2026-08-26 06:54:29.498124-03:00
[09:54:29] Successful get url: https://www.bing.com/th?id=OHR.AurorasIceland_PT-BR0858766581_UHD.jpg
[09:54:29] Picture infomations saved to  global/pt-BR/README.md
[09:54:29] Picture infomations saved to global/pt-BR/history/2026/08/27_pt-BR.md
[09:54:29] Start geting global Bing Wallpaper, region=fr-FR, local time is 2026-08-26 11:54:29.619327+02:00
[09:54:29] Successful get url: https://www.bing.com/th?id=OHR.AurorasIceland_FR-FR6287537082_UHD.jpg
[09:54:29] Picture infomations saved to  global/fr-FR/README.md
[09:54:29] Picture infomations saved to global/fr-FR/history/2026/08/26_fr-FR.md
[09:54:29] Start geting global Bing Wallpaper, region=de-DE, local time is 2026-08-26 11:54:29.747753+02:00
[09:54:29] Successful get url: https://www.bing.com/th?id=OHR.AurorasIceland_DE-DE5182720309_UHD.jpg
[09:54:29] Picture infomations saved to  global/de-DE/README.md
[09:54:29] Picture infomations saved to global/de-DE/history/2026/08/26_de-DE.md
[09:54:29] Start geting global Bing Wallpaper, region=en-CA, local time is 2026-08-26 05:54:29.877202-04:00
[09:54:29] Successful get url: https://www.bing.com/th?id=OHR.AurorasIceland_EN-CA9381288782_UHD.jpg
[09:54:29] Picture infomations saved to  global/en-CA/README.md
[09:54:29] Picture infomations saved to global/en-CA/history/2026/08/27_en-CA.md
[09:54:29] Start geting global Bing Wallpaper, region=en-GB, local time is 2026-08-26 10:54:29.997400+01:00
[09:54:30] Successful get url: https://www.bing.com/th?id=OHR.AurorasIceland_EN-GB1541173608_UHD.jpg
[09:54:30] Picture infomations saved to  global/en-GB/README.md
[09:54:30] Picture infomations saved to global/en-GB/history/2026/08/26_en-GB.md
[09:54:30] Start geting global Bing Wallpaper, region=it-IT, local time is 2026-08-26 11:54:30.139828+02:00
[09:54:30] Successful get url: https://www.bing.com/th?id=OHR.AurorasIceland_IT-IT1298284038_UHD.jpg
[09:54:30] Picture infomations saved to  global/it-IT/README.md
[09:54:30] Picture infomations saved to global/it-IT/history/2026/08/26_it-IT.md
[09:54:30] Start geting global Bing Wallpaper, region=es-ES, local time is 2026-08-26 11:54:30.277515+02:00
[09:54:30] Successful get url: https://www.bing.com/th?id=OHR.TomatinaBunol_ES-ES8709376731_UHD.jpg
[09:54:30] Picture infomations saved to  global/es-ES/README.md
[09:54:30] Picture infomations saved to global/es-ES/history/2026/08/26_es-ES.md
[09:54:30] Start geting global Bing Wallpaper, region=fr-CA, local time is 2026-08-26 05:54:30.423133-04:00
[09:54:30] Successful get url: https://www.bing.com/th?id=OHR.AurorasIceland_FR-CA6768685677_UHD.jpg
[09:54:30] Picture infomations saved to  global/fr-CA/README.md
[09:54:30] Picture infomations saved to global/fr-CA/history/2026/08/27_fr-CA.md
Program exit at 09:54:30
