
Program started at 09:46:41
Operating System Name: Linux
Operating System Version: #22-Ubuntu SMP Mon Jul 27 17:24:03 UTC 2026
System Architecture: ('64bit', 'ELF')
Computer Type: x86_64
Computer Name: runnervmzvulz
Processor Type: x86_64
Python Version: 3.12.13
Python Interpreter Name: CPython
[09:46:41] Start geting CN Bing Wallpaper
[09:46:41] Successful get url: https://www.bing.com/th?id=OHR.WhyteCliffP_ZH-CN0573407830_UHD.jpg
[09:46:42] Image saved to img/background.jpg
[09:46:42] Info saved to README.md
[09:46:42] Image saved to history/2026/08/19.md
[09:46:42] Start geting global Bing Wallpaper, region=en-US, local time is 2026-08-19 05:46:42.099863-04:00
[09:46:42] Successful get url: https://www.bing.com/th?id=OHR.BrewsterXF2A_EN-US0417477370_UHD.jpg
[09:46:42] Picture infomations saved to  global/en-US/README.md
[09:46:42] Picture infomations saved to global/en-US/history/2026/08/20_en-US.md
[09:46:42] Start geting global Bing Wallpaper, region=ja-JP, local time is 2026-08-19 18:46:42.359917+09:00
[09:46:42] Successful get url: https://www.bing.com/th?id=OHR.WildlifeCrossingPoland_JA-JP7553811306_UHD.jpg
[09:46:42] Picture infomations saved to  global/ja-JP/README.md
[09:46:42] Picture infomations saved to global/ja-JP/history/2026/08/19_ja-JP.md
[09:46:42] Start geting global Bing Wallpaper, region=en-IN, local time is 2026-08-19 15:16:42.600942+05:30
[09:46:42] Successful get url: https://www.bing.com/th?id=OHR.WhyteCliffP_EN-IN2033000441_UHD.jpg
[09:46:42] Picture infomations saved to  global/en-IN/README.md
[09:46:42] Picture infomations saved to global/en-IN/history/2026/08/19_en-IN.md
[09:46:42] Start geting global Bing Wallpaper, region=pt-BR, local time is 2026-08-19 06:46:42.843024-03:00
[09:46:42] Successful get url: https://www.bing.com/th?id=OHR.WhyteCliffP_PT-BR5369285709_UHD.jpg
[09:46:43] Picture infomations saved to  global/pt-BR/README.md
[09:46:43] Picture infomations saved to global/pt-BR/history/2026/08/20_pt-BR.md
[09:46:43] Start geting global Bing Wallpaper, region=fr-FR, local time is 2026-08-19 11:46:43.048205+02:00
[09:46:43] Successful get url: https://www.bing.com/th?id=OHR.WhyteCliffP_FR-FR1858775924_UHD.jpg
[09:46:43] Picture infomations saved to  global/fr-FR/README.md
[09:46:43] Picture infomations saved to global/fr-FR/history/2026/08/19_fr-FR.md
[09:46:43] Start geting global Bing Wallpaper, region=de-DE, local time is 2026-08-19 11:46:43.343319+02:00
[09:46:43] Successful get url: https://www.bing.com/th?id=OHR.WhyteCliffP_DE-DE7763456664_UHD.jpg
[09:46:43] Picture infomations saved to  global/de-DE/README.md
[09:46:43] Picture infomations saved to global/de-DE/history/2026/08/19_de-DE.md
[09:46:43] Start geting global Bing Wallpaper, region=en-CA, local time is 2026-08-19 05:46:43.790269-04:00
[09:46:43] Successful get url: https://www.bing.com/th?id=OHR.WhyteCliffP_EN-CA6624264199_UHD.jpg
[09:46:44] Picture infomations saved to  global/en-CA/README.md
[09:46:44] Picture infomations saved to global/en-CA/history/2026/08/20_en-CA.md
[09:46:44] Start geting global Bing Wallpaper, region=en-GB, local time is 2026-08-19 10:46:44.004605+01:00
[09:46:44] Successful get url: https://www.bing.com/th?id=OHR.WhyteCliffP_EN-GB6122204864_UHD.jpg
[09:46:44] Picture infomations saved to  global/en-GB/README.md
[09:46:44] Picture infomations saved to global/en-GB/history/2026/08/19_en-GB.md
[09:46:44] Start geting global Bing Wallpaper, region=it-IT, local time is 2026-08-19 11:46:44.371898+02:00
[09:46:44] Successful get url: https://www.bing.com/th?id=OHR.WhyteCliffP_IT-IT4080399787_UHD.jpg
[09:46:44] Picture infomations saved to  global/it-IT/README.md
[09:46:44] Picture infomations saved to global/it-IT/history/2026/08/19_it-IT.md
[09:46:44] Start geting global Bing Wallpaper, region=es-ES, local time is 2026-08-19 11:46:44.590386+02:00
[09:46:44] Successful get url: https://www.bing.com/th?id=OHR.WhyteCliffP_ES-ES2273614080_UHD.jpg
[09:46:44] Picture infomations saved to  global/es-ES/README.md
[09:46:44] Picture infomations saved to global/es-ES/history/2026/08/19_es-ES.md
[09:46:44] Start geting global Bing Wallpaper, region=fr-CA, local time is 2026-08-19 05:46:44.835270-04:00
[09:46:44] Successful get url: https://www.bing.com/th?id=OHR.WhyteCliffP_FR-CA5468356584_UHD.jpg
[09:46:45] Picture infomations saved to  global/fr-CA/README.md
[09:46:45] Picture infomations saved to global/fr-CA/history/2026/08/20_fr-CA.md
Program exit at 09:46:45
