
Program started at 09:39:11
Operating System Name: Linux
Operating System Version: #22-Ubuntu SMP Mon Jul 27 17:24:03 UTC 2026
System Architecture: ('64bit', 'ELF')
Computer Type: x86_64
Computer Name: runnervm76f27
Processor Type: x86_64
Python Version: 3.12.14
Python Interpreter Name: CPython
[09:39:11] Start geting CN Bing Wallpaper
[09:39:12] Successful get url: https://www.bing.com/th?id=OHR.EndofHeatY26_ZH-CN8936468848_UHD.jpg
[09:39:12] Image saved to img/background.jpg
[09:39:12] Info saved to README.md
[09:39:12] Image saved to history/2026/08/23.md
[09:39:12] Start geting global Bing Wallpaper, region=en-US, local time is 2026-08-23 05:39:12.132845-04:00
[09:39:12] Successful get url: https://www.bing.com/th?id=OHR.KatmaiBear_EN-US2844742219_UHD.jpg
[09:39:12] Picture infomations saved to  global/en-US/README.md
[09:39:12] Picture infomations saved to global/en-US/history/2026/08/24_en-US.md
[09:39:12] Start geting global Bing Wallpaper, region=ja-JP, local time is 2026-08-23 18:39:12.326436+09:00
[09:39:12] Successful get url: https://www.bing.com/th?id=OHR.ShizuokaSummer2026_JA-JP8848642076_UHD.jpg
[09:39:12] Picture infomations saved to  global/ja-JP/README.md
[09:39:12] Picture infomations saved to global/ja-JP/history/2026/08/23_ja-JP.md
[09:39:12] Start geting global Bing Wallpaper, region=en-IN, local time is 2026-08-23 15:09:12.472972+05:30
[09:39:12] Successful get url: https://www.bing.com/th?id=OHR.KatmaiBear_EN-IN9565722566_UHD.jpg
[09:39:12] Picture infomations saved to  global/en-IN/README.md
[09:39:12] Picture infomations saved to global/en-IN/history/2026/08/23_en-IN.md
[09:39:12] Start geting global Bing Wallpaper, region=pt-BR, local time is 2026-08-23 06:39:12.613115-03:00
[09:39:12] Successful get url: https://www.bing.com/th?id=OHR.KatmaiBear_PT-BR9294561770_UHD.jpg
[09:39:12] Picture infomations saved to  global/pt-BR/README.md
[09:39:12] Picture infomations saved to global/pt-BR/history/2026/08/24_pt-BR.md
[09:39:12] Start geting global Bing Wallpaper, region=fr-FR, local time is 2026-08-23 11:39:12.761530+02:00
[09:39:12] Successful get url: https://www.bing.com/th?id=OHR.KatmaiBear_FR-FR3593143405_UHD.jpg
[09:39:12] Picture infomations saved to  global/fr-FR/README.md
[09:39:12] Picture infomations saved to global/fr-FR/history/2026/08/23_fr-FR.md
[09:39:12] Start geting global Bing Wallpaper, region=de-DE, local time is 2026-08-23 11:39:12.896979+02:00
[09:39:12] Successful get url: https://www.bing.com/th?id=OHR.KatmaiBear_DE-DE4863569312_UHD.jpg
[09:39:13] Picture infomations saved to  global/de-DE/README.md
[09:39:13] Picture infomations saved to global/de-DE/history/2026/08/23_de-DE.md
[09:39:13] Start geting global Bing Wallpaper, region=en-CA, local time is 2026-08-23 05:39:13.052969-04:00
[09:39:13] Successful get url: https://www.bing.com/th?id=OHR.KatmaiBear_EN-CA7184475938_UHD.jpg
[09:39:13] Picture infomations saved to  global/en-CA/README.md
[09:39:13] Picture infomations saved to global/en-CA/history/2026/08/24_en-CA.md
[09:39:13] Start geting global Bing Wallpaper, region=en-GB, local time is 2026-08-23 10:39:13.176072+01:00
[09:39:13] Successful get url: https://www.bing.com/th?id=OHR.KatmaiBear_EN-GB1247114173_UHD.jpg
[09:39:13] Picture infomations saved to  global/en-GB/README.md
[09:39:13] Picture infomations saved to global/en-GB/history/2026/08/23_en-GB.md
[09:39:13] Start geting global Bing Wallpaper, region=it-IT, local time is 2026-08-23 11:39:13.315267+02:00
[09:39:13] Successful get url: https://www.bing.com/th?id=OHR.KatmaiBear_IT-IT0998174582_UHD.jpg
[09:39:13] Picture infomations saved to  global/it-IT/README.md
[09:39:13] Picture infomations saved to global/it-IT/history/2026/08/23_it-IT.md
[09:39:13] Start geting global Bing Wallpaper, region=es-ES, local time is 2026-08-23 11:39:13.439681+02:00
[09:39:13] Successful get url: https://www.bing.com/th?id=OHR.KatmaiBear_ES-ES8288785894_UHD.jpg
[09:39:13] Picture infomations saved to  global/es-ES/README.md
[09:39:13] Picture infomations saved to global/es-ES/history/2026/08/23_es-ES.md
[09:39:13] Start geting global Bing Wallpaper, region=fr-CA, local time is 2026-08-23 05:39:13.557749-04:00
[09:39:13] Successful get url: https://www.bing.com/th?id=OHR.KatmaiBear_FR-CA5626278090_UHD.jpg
[09:39:13] Picture infomations saved to  global/fr-CA/README.md
[09:39:13] Picture infomations saved to global/fr-CA/history/2026/08/24_fr-CA.md
Program exit at 09:39:13
