
Program started at 19:49:00
Operating System Name: Linux
Operating System Version: #22-Ubuntu SMP Mon Jul 27 17:24:03 UTC 2026
System Architecture: ('64bit', 'ELF')
Computer Type: x86_64
Computer Name: runnervmgx7h7
Processor Type: x86_64
Python Version: 3.12.14
Python Interpreter Name: CPython
[19:49:00] Start geting CN Bing Wallpaper
[19:49:00] Successful get url: https://www.bing.com/th?id=OHR.MichelSunset_ZH-CN0822968543_UHD.jpg
[19:49:00] Image saved to img/background.jpg
[19:49:00] Info saved to README.md
[19:49:00] Image saved to history/2026/08/28.md
[19:49:00] Start geting global Bing Wallpaper, region=en-US, local time is 2026-08-27 15:49:00.660354-04:00
[19:49:00] Successful get url: https://www.bing.com/th?id=OHR.LakeMagadi_EN-US3401664434_UHD.jpg
[19:49:01] Picture infomations saved to  global/en-US/README.md
[19:49:01] Picture infomations saved to global/en-US/history/2026/08/28_en-US.md
[19:49:01] Start geting global Bing Wallpaper, region=ja-JP, local time is 2026-08-28 04:49:01.047997+09:00
[19:49:01] Successful get url: https://www.bing.com/th?id=OHR.MichelSunset_JA-JP0274204340_UHD.jpg
[19:49:01] Picture infomations saved to  global/ja-JP/README.md
[19:49:01] Picture infomations saved to global/ja-JP/history/2026/08/28_ja-JP.md
[19:49:01] Start geting global Bing Wallpaper, region=en-IN, local time is 2026-08-28 01:19:01.433996+05:30
[19:49:01] Successful get url: https://www.bing.com/th?id=OHR.MichelSunset_EN-IN0118589173_UHD.jpg
[19:49:01] Picture infomations saved to  global/en-IN/README.md
[19:49:01] Picture infomations saved to global/en-IN/history/2026/08/28_en-IN.md
[19:49:01] Start geting global Bing Wallpaper, region=pt-BR, local time is 2026-08-27 16:49:01.803427-03:00
[19:49:01] Successful get url: https://www.bing.com/th?id=OHR.LakeMagadi_PT-BR1138055993_UHD.jpg
[19:49:02] Picture infomations saved to  global/pt-BR/README.md
[19:49:02] Picture infomations saved to global/pt-BR/history/2026/08/28_pt-BR.md
[19:49:02] Start geting global Bing Wallpaper, region=fr-FR, local time is 2026-08-27 21:49:02.166297+02:00
[19:49:02] Successful get url: https://www.bing.com/th?id=OHR.LakeMagadi_FR-FR8316800874_UHD.jpg
[19:49:02] Picture infomations saved to  global/fr-FR/README.md
[19:49:02] Picture infomations saved to global/fr-FR/history/2026/08/27_fr-FR.md
[19:49:02] Start geting global Bing Wallpaper, region=de-DE, local time is 2026-08-27 21:49:02.514608+02:00
[19:49:02] Successful get url: https://www.bing.com/th?id=OHR.LakeMagadi_DE-DE5321228958_UHD.jpg
[19:49:02] Picture infomations saved to  global/de-DE/README.md
[19:49:02] Picture infomations saved to global/de-DE/history/2026/08/27_de-DE.md
[19:49:02] Start geting global Bing Wallpaper, region=en-CA, local time is 2026-08-27 15:49:02.875628-04:00
[19:49:02] Successful get url: https://www.bing.com/th?id=OHR.LakeMagadi_EN-CA0091651040_UHD.jpg
[19:49:03] Picture infomations saved to  global/en-CA/README.md
[19:49:03] Picture infomations saved to global/en-CA/history/2026/08/28_en-CA.md
[19:49:03] Start geting global Bing Wallpaper, region=en-GB, local time is 2026-08-27 20:49:03.224778+01:00
[19:49:03] Successful get url: https://www.bing.com/th?id=OHR.LakeMagadi_EN-GB1628809720_UHD.jpg
[19:49:03] Picture infomations saved to  global/en-GB/README.md
[19:49:03] Picture infomations saved to global/en-GB/history/2026/08/27_en-GB.md
[19:49:03] Start geting global Bing Wallpaper, region=it-IT, local time is 2026-08-27 21:49:03.579531+02:00
[19:49:03] Successful get url: https://www.bing.com/th?id=OHR.LakeMagadi_IT-IT1397011994_UHD.jpg
[19:49:03] Picture infomations saved to  global/it-IT/README.md
[19:49:03] Picture infomations saved to global/it-IT/history/2026/08/27_it-IT.md
[19:49:03] Start geting global Bing Wallpaper, region=es-ES, local time is 2026-08-27 21:49:03.930737+02:00
[19:49:04] Successful get url: https://www.bing.com/th?id=OHR.LakeMagadi_ES-ES9474511114_UHD.jpg
[19:49:04] Picture infomations saved to  global/es-ES/README.md
[19:49:04] Picture infomations saved to global/es-ES/history/2026/08/27_es-ES.md
[19:49:04] Start geting global Bing Wallpaper, region=fr-CA, local time is 2026-08-27 15:49:04.289546-04:00
[19:49:04] Successful get url: https://www.bing.com/th?id=OHR.LakeMagadi_FR-CA8220213797_UHD.jpg
[19:49:04] Picture infomations saved to  global/fr-CA/README.md
[19:49:04] Picture infomations saved to global/fr-CA/history/2026/08/28_fr-CA.md
Program exit at 19:49:04
