
Program started at 10:17:32
Operating System Name: Linux
Operating System Version: #20~24.04.1-Ubuntu SMP Fri Jun 19 20:09:14 UTC 2026
System Architecture: ('64bit', 'ELF')
Computer Type: x86_64
Computer Name: runnervmvrwv9
Processor Type: x86_64
Python Version: 3.12.13
Python Interpreter Name: CPython
[10:17:32] Start geting CN Bing Wallpaper
[10:17:32] Successful get url: https://www.bing.com/th?id=OHR.ElephantDay_ZH-CN8350171749_UHD.jpg
[10:17:32] Image saved to img/background.jpg
[10:17:32] Info saved to README.md
[10:17:32] Image saved to history/2026/08/12.md
[10:17:32] Start geting global Bing Wallpaper, region=en-US, local time is 2026-08-12 06:17:32.767871-04:00
[10:17:32] Successful get url: https://www.bing.com/th?id=OHR.ElephantDay_EN-US4280370948_UHD.jpg
[10:17:32] Picture infomations saved to  global/en-US/README.md
[10:17:32] Picture infomations saved to global/en-US/history/2026/08/13_en-US.md
[10:17:32] Start geting global Bing Wallpaper, region=ja-JP, local time is 2026-08-12 19:17:32.920072+09:00
[10:17:32] Successful get url: https://www.bing.com/th?id=OHR.ElephantDay_JA-JP5660368264_UHD.jpg
[10:17:33] Picture infomations saved to  global/ja-JP/README.md
[10:17:33] Picture infomations saved to global/ja-JP/history/2026/08/12_ja-JP.md
[10:17:33] Start geting global Bing Wallpaper, region=en-IN, local time is 2026-08-12 15:47:33.057519+05:30
[10:17:33] Successful get url: https://www.bing.com/th?id=OHR.ElephantDay_EN-IN1002436143_UHD.jpg
[10:17:33] Picture infomations saved to  global/en-IN/README.md
[10:17:33] Picture infomations saved to global/en-IN/history/2026/08/12_en-IN.md
[10:17:33] Start geting global Bing Wallpaper, region=pt-BR, local time is 2026-08-12 07:17:33.186058-03:00
[10:17:33] Successful get url: https://www.bing.com/th?id=OHR.ElephantDay_PT-BR6092042150_UHD.jpg
[10:17:33] Picture infomations saved to  global/pt-BR/README.md
[10:17:33] Picture infomations saved to global/pt-BR/history/2026/08/13_pt-BR.md
[10:17:33] Start geting global Bing Wallpaper, region=fr-FR, local time is 2026-08-12 12:17:33.317292+02:00
[10:17:33] Successful get url: https://www.bing.com/th?id=OHR.ElephantDay_FR-FR9760624892_UHD.jpg
[10:17:33] Picture infomations saved to  global/fr-FR/README.md
[10:17:33] Picture infomations saved to global/fr-FR/history/2026/08/12_fr-FR.md
[10:17:33] Start geting global Bing Wallpaper, region=de-DE, local time is 2026-08-12 12:17:33.474867+02:00
[10:17:33] Successful get url: https://www.bing.com/th?id=OHR.ElephantDay_DE-DE9475374565_UHD.jpg
[10:17:33] Picture infomations saved to  global/de-DE/README.md
[10:17:33] Picture infomations saved to global/de-DE/history/2026/08/12_de-DE.md
[10:17:33] Start geting global Bing Wallpaper, region=en-CA, local time is 2026-08-12 06:17:33.597979-04:00
[10:17:33] Successful get url: https://www.bing.com/th?id=OHR.ElephantDay_EN-CA5228508211_UHD.jpg
[10:17:33] Picture infomations saved to  global/en-CA/README.md
[10:17:33] Picture infomations saved to global/en-CA/history/2026/08/13_en-CA.md
[10:17:33] Start geting global Bing Wallpaper, region=en-GB, local time is 2026-08-12 11:17:33.725980+01:00
[10:17:33] Successful get url: https://www.bing.com/th?id=OHR.ElephantDay_EN-GB4622751774_UHD.jpg
[10:17:33] Picture infomations saved to  global/en-GB/README.md
[10:17:33] Picture infomations saved to global/en-GB/history/2026/08/12_en-GB.md
[10:17:33] Start geting global Bing Wallpaper, region=it-IT, local time is 2026-08-12 12:17:33.854352+02:00
[10:17:33] Successful get url: https://www.bing.com/th?id=OHR.ElephantDay_IT-IT3230857791_UHD.jpg
[10:17:33] Picture infomations saved to  global/it-IT/README.md
[10:17:33] Picture infomations saved to global/it-IT/history/2026/08/12_it-IT.md
[10:17:33] Start geting global Bing Wallpaper, region=es-ES, local time is 2026-08-12 12:17:33.988511+02:00
[10:17:34] Successful get url: https://www.bing.com/th?id=OHR.ElephantDay_ES-ES9999263656_UHD.jpg
[10:17:34] Picture infomations saved to  global/es-ES/README.md
[10:17:34] Picture infomations saved to global/es-ES/history/2026/08/12_es-ES.md
[10:17:34] Start geting global Bing Wallpaper, region=fr-CA, local time is 2026-08-12 06:17:34.132023-04:00
[10:17:34] Successful get url: https://www.bing.com/th?id=OHR.ElephantDay_FR-CA5269724209_UHD.jpg
[10:17:34] Picture infomations saved to  global/fr-CA/README.md
[10:17:34] Picture infomations saved to global/fr-CA/history/2026/08/13_fr-CA.md
Program exit at 10:17:34

Program started at 16:50:10
Operating System Name: Linux
Operating System Version: #20~24.04.1-Ubuntu SMP Fri Jun 19 20:09:14 UTC 2026
System Architecture: ('64bit', 'ELF')
Computer Type: x86_64
Computer Name: runnervmvrwv9
Processor Type: x86_64
Python Version: 3.12.13
Python Interpreter Name: CPython
[16:50:10] Start geting CN Bing Wallpaper
[16:50:10] Successful get url: https://www.bing.com/th?id=OHR.PerseidasTenerife_ZH-CN8520379683_UHD.jpg
[16:50:10] Image saved to img/background.jpg
[16:50:10] Info saved to README.md
[16:50:10] Image saved to history/2026/08/13.md
[16:50:10] Start geting global Bing Wallpaper, region=en-US, local time is 2026-08-12 12:50:10.960755-04:00
[16:50:11] Successful get url: https://www.bing.com/th?id=OHR.ElephantDay_EN-US4280370948_UHD.jpg
[16:50:11] Picture infomations saved to  global/en-US/README.md
[16:50:11] Picture infomations saved to global/en-US/history/2026/08/13_en-US.md
[16:50:11] Start geting global Bing Wallpaper, region=ja-JP, local time is 2026-08-13 01:50:11.153973+09:00
[16:50:11] Successful get url: https://www.bing.com/th?id=OHR.PerseidasTenerife_JA-JP5992050152_UHD.jpg
[16:50:12] Picture infomations saved to  global/ja-JP/README.md
[16:50:12] Picture infomations saved to global/ja-JP/history/2026/08/13_ja-JP.md
[16:50:12] Start geting global Bing Wallpaper, region=en-IN, local time is 2026-08-12 22:20:12.566914+05:30
[16:50:12] Successful get url: https://www.bing.com/th?id=OHR.ElephantDay_EN-IN1002436143_UHD.jpg
[16:50:12] Picture infomations saved to  global/en-IN/README.md
[16:50:12] Picture infomations saved to global/en-IN/history/2026/08/12_en-IN.md
[16:50:12] Start geting global Bing Wallpaper, region=pt-BR, local time is 2026-08-12 13:50:12.773863-03:00
[16:50:12] Successful get url: https://www.bing.com/th?id=OHR.ElephantDay_PT-BR6092042150_UHD.jpg
[16:50:13] Picture infomations saved to  global/pt-BR/README.md
[16:50:13] Picture infomations saved to global/pt-BR/history/2026/08/13_pt-BR.md
[16:50:13] Start geting global Bing Wallpaper, region=fr-FR, local time is 2026-08-12 18:50:13.017759+02:00
[16:50:13] Successful get url: https://www.bing.com/th?id=OHR.ElephantDay_FR-FR9760624892_UHD.jpg
[16:50:13] Picture infomations saved to  global/fr-FR/README.md
[16:50:13] Picture infomations saved to global/fr-FR/history/2026/08/12_fr-FR.md
[16:50:13] Start geting global Bing Wallpaper, region=de-DE, local time is 2026-08-12 18:50:13.263632+02:00
[16:50:13] Successful get url: https://www.bing.com/th?id=OHR.ElephantDay_DE-DE9475374565_UHD.jpg
[16:50:13] Picture infomations saved to  global/de-DE/README.md
[16:50:13] Picture infomations saved to global/de-DE/history/2026/08/12_de-DE.md
[16:50:13] Start geting global Bing Wallpaper, region=en-CA, local time is 2026-08-12 12:50:13.495782-04:00
[16:50:13] Successful get url: https://www.bing.com/th?id=OHR.ElephantDay_EN-CA5228508211_UHD.jpg
[16:50:13] Picture infomations saved to  global/en-CA/README.md
[16:50:13] Picture infomations saved to global/en-CA/history/2026/08/13_en-CA.md
[16:50:13] Start geting global Bing Wallpaper, region=en-GB, local time is 2026-08-12 17:50:13.672060+01:00
[16:50:13] Successful get url: https://www.bing.com/th?id=OHR.ElephantDay_EN-GB4622751774_UHD.jpg
[16:50:13] Picture infomations saved to  global/en-GB/README.md
[16:50:13] Picture infomations saved to global/en-GB/history/2026/08/12_en-GB.md
[16:50:13] Start geting global Bing Wallpaper, region=it-IT, local time is 2026-08-12 18:50:13.889884+02:00
[16:50:13] Successful get url: https://www.bing.com/th?id=OHR.ElephantDay_IT-IT3230857791_UHD.jpg
[16:50:14] Picture infomations saved to  global/it-IT/README.md
[16:50:14] Picture infomations saved to global/it-IT/history/2026/08/12_it-IT.md
[16:50:14] Start geting global Bing Wallpaper, region=es-ES, local time is 2026-08-12 18:50:14.119251+02:00
[16:50:14] Successful get url: https://www.bing.com/th?id=OHR.ElephantDay_ES-ES9999263656_UHD.jpg
[16:50:14] Picture infomations saved to  global/es-ES/README.md
[16:50:14] Picture infomations saved to global/es-ES/history/2026/08/12_es-ES.md
[16:50:14] Start geting global Bing Wallpaper, region=fr-CA, local time is 2026-08-12 12:50:14.502910-04:00
[16:50:14] Successful get url: https://www.bing.com/th?id=OHR.ElephantDay_FR-CA5269724209_UHD.jpg
[16:50:14] Picture infomations saved to  global/fr-CA/README.md
[16:50:14] Picture infomations saved to global/fr-CA/history/2026/08/13_fr-CA.md
Program exit at 16:50:14
