
Program started at 09:46:16
Operating System Name: Linux
Operating System Version: #22-Ubuntu SMP Mon Jul 27 17:24:03 UTC 2026
System Architecture: ('64bit', 'ELF')
Computer Type: x86_64
Computer Name: runnervmzvulz
Processor Type: x86_64
Python Version: 3.12.13
Python Interpreter Name: CPython
[09:46:16] Start geting CN Bing Wallpaper
[09:46:17] Successful get url: https://www.bing.com/th?id=OHR.Palmanova_ZH-CN0378401592_UHD.jpg
[09:46:17] Image saved to img/background.jpg
[09:46:17] Info saved to README.md
[09:46:17] Image saved to history/2026/08/18.md
[09:46:17] Start geting global Bing Wallpaper, region=en-US, local time is 2026-08-18 05:46:17.497181-04:00
[09:46:17] Successful get url: https://www.bing.com/th?id=OHR.Palmanova_EN-US0340289339_UHD.jpg
[09:46:17] Picture infomations saved to  global/en-US/README.md
[09:46:17] Picture infomations saved to global/en-US/history/2026/08/19_en-US.md
[09:46:17] Start geting global Bing Wallpaper, region=ja-JP, local time is 2026-08-18 18:46:17.813737+09:00
[09:46:17] Successful get url: https://www.bing.com/th?id=OHR.Palmanova_JA-JP7271854286_UHD.jpg
[09:46:18] Picture infomations saved to  global/ja-JP/README.md
[09:46:18] Picture infomations saved to global/ja-JP/history/2026/08/18_ja-JP.md
[09:46:18] Start geting global Bing Wallpaper, region=en-IN, local time is 2026-08-18 15:16:18.127367+05:30
[09:46:18] Successful get url: https://www.bing.com/th?id=OHR.Palmanova_EN-IN1888779790_UHD.jpg
[09:46:18] Picture infomations saved to  global/en-IN/README.md
[09:46:18] Picture infomations saved to global/en-IN/history/2026/08/18_en-IN.md
[09:46:18] Start geting global Bing Wallpaper, region=pt-BR, local time is 2026-08-18 06:46:18.440233-03:00
[09:46:18] Successful get url: https://www.bing.com/th?id=OHR.Palmanova_PT-BR5252698571_UHD.jpg
[09:46:18] Picture infomations saved to  global/pt-BR/README.md
[09:46:18] Picture infomations saved to global/pt-BR/history/2026/08/19_pt-BR.md
[09:46:18] Start geting global Bing Wallpaper, region=fr-FR, local time is 2026-08-18 11:46:18.739502+02:00
[09:46:18] Successful get url: https://www.bing.com/th?id=OHR.Palmanova_FR-FR7049551960_UHD.jpg
[09:46:19] Picture infomations saved to  global/fr-FR/README.md
[09:46:19] Picture infomations saved to global/fr-FR/history/2026/08/18_fr-FR.md
[09:46:19] Start geting global Bing Wallpaper, region=de-DE, local time is 2026-08-18 11:46:19.042080+02:00
[09:46:19] Successful get url: https://www.bing.com/th?id=OHR.Palmanova_DE-DE7108374282_UHD.jpg
[09:46:19] Picture infomations saved to  global/de-DE/README.md
[09:46:19] Picture infomations saved to global/de-DE/history/2026/08/18_de-DE.md
[09:46:19] Start geting global Bing Wallpaper, region=en-CA, local time is 2026-08-18 05:46:19.450895-04:00
[09:46:19] Successful get url: https://www.bing.com/th?id=OHR.Palmanova_EN-CA6466747249_UHD.jpg
[09:46:19] Picture infomations saved to  global/en-CA/README.md
[09:46:19] Picture infomations saved to global/en-CA/history/2026/08/19_en-CA.md
[09:46:19] Start geting global Bing Wallpaper, region=en-GB, local time is 2026-08-18 10:46:19.764066+01:00
[09:46:19] Successful get url: https://www.bing.com/th?id=OHR.Palmanova_EN-GB5986280332_UHD.jpg
[09:46:20] Picture infomations saved to  global/en-GB/README.md
[09:46:20] Picture infomations saved to global/en-GB/history/2026/08/18_en-GB.md
[09:46:20] Start geting global Bing Wallpaper, region=it-IT, local time is 2026-08-18 11:46:20.223159+02:00
[09:46:20] Successful get url: https://www.bing.com/th?id=OHR.Palmanova_IT-IT8638241680_UHD.jpg
[09:46:20] Picture infomations saved to  global/it-IT/README.md
[09:46:20] Picture infomations saved to global/it-IT/history/2026/08/18_it-IT.md
[09:46:20] Start geting global Bing Wallpaper, region=es-ES, local time is 2026-08-18 11:46:20.518342+02:00
[09:46:20] Successful get url: https://www.bing.com/th?id=OHR.Palmanova_ES-ES2137780663_UHD.jpg
[09:46:20] Picture infomations saved to  global/es-ES/README.md
[09:46:20] Picture infomations saved to global/es-ES/history/2026/08/18_es-ES.md
[09:46:20] Start geting global Bing Wallpaper, region=fr-CA, local time is 2026-08-18 05:46:20.821295-04:00
[09:46:20] Successful get url: https://www.bing.com/th?id=OHR.Palmanova_FR-CA6927775501_UHD.jpg
[09:46:21] Picture infomations saved to  global/fr-CA/README.md
[09:46:21] Picture infomations saved to global/fr-CA/history/2026/08/19_fr-CA.md
Program exit at 09:46:21
