
Program started at 09:49:02
Operating System Name: Linux
Operating System Version: #22-Ubuntu SMP Mon Jul 27 17:24:03 UTC 2026
System Architecture: ('64bit', 'ELF')
Computer Type: x86_64
Computer Name: runnervm76f27
Processor Type: x86_64
Python Version: 3.12.14
Python Interpreter Name: CPython
[09:49:02] Start geting CN Bing Wallpaper
[09:49:02] Successful get url: https://www.bing.com/th?id=OHR.RedwoodPark_ZH-CN9513051062_UHD.jpg
[09:49:02] Image saved to img/background.jpg
[09:49:02] Info saved to README.md
[09:49:02] Image saved to history/2026/08/25.md
[09:49:02] Start geting global Bing Wallpaper, region=en-US, local time is 2026-08-25 05:49:02.918621-04:00
[09:49:02] Successful get url: https://www.bing.com/th?id=OHR.RedwoodPark_EN-US3199427613_UHD.jpg
[09:49:03] Picture infomations saved to  global/en-US/README.md
[09:49:03] Picture infomations saved to global/en-US/history/2026/08/26_en-US.md
[09:49:03] Start geting global Bing Wallpaper, region=ja-JP, local time is 2026-08-25 18:49:03.049301+09:00
[09:49:03] Successful get url: https://www.bing.com/th?id=OHR.RedwoodPark_JA-JP9805095528_UHD.jpg
[09:49:03] Picture infomations saved to  global/ja-JP/README.md
[09:49:03] Picture infomations saved to global/ja-JP/history/2026/08/25_ja-JP.md
[09:49:03] Start geting global Bing Wallpaper, region=en-IN, local time is 2026-08-25 15:19:03.289257+05:30
[09:49:03] Successful get url: https://www.bing.com/th?id=OHR.RedwoodPark_EN-IN9796195264_UHD.jpg
[09:49:03] Picture infomations saved to  global/en-IN/README.md
[09:49:03] Picture infomations saved to global/en-IN/history/2026/08/25_en-IN.md
[09:49:03] Start geting global Bing Wallpaper, region=pt-BR, local time is 2026-08-25 06:49:03.439846-03:00
[09:49:03] Successful get url: https://www.bing.com/th?id=OHR.RedwoodPark_PT-BR4867222756_UHD.jpg
[09:49:03] Picture infomations saved to  global/pt-BR/README.md
[09:49:03] Picture infomations saved to global/pt-BR/history/2026/08/26_pt-BR.md
[09:49:03] Start geting global Bing Wallpaper, region=fr-FR, local time is 2026-08-25 11:49:03.570358+02:00
[09:49:03] Successful get url: https://www.bing.com/th?id=OHR.GlenanSummer_FR-FR4786744371_UHD.jpg
[09:49:03] Picture infomations saved to  global/fr-FR/README.md
[09:49:03] Picture infomations saved to global/fr-FR/history/2026/08/25_fr-FR.md
[09:49:03] Start geting global Bing Wallpaper, region=de-DE, local time is 2026-08-25 11:49:03.687685+02:00
[09:49:03] Successful get url: https://www.bing.com/th?id=OHR.KitesurfersSunset_DE-DE3980635203_UHD.jpg
[09:49:03] Picture infomations saved to  global/de-DE/README.md
[09:49:03] Picture infomations saved to global/de-DE/history/2026/08/25_de-DE.md
[09:49:03] Start geting global Bing Wallpaper, region=en-CA, local time is 2026-08-25 05:49:03.876934-04:00
[09:49:03] Successful get url: https://www.bing.com/th?id=OHR.PurplePuffin_EN-CA8959604660_UHD.jpg
[09:49:04] Picture infomations saved to  global/en-CA/README.md
[09:49:04] Picture infomations saved to global/en-CA/history/2026/08/26_en-CA.md
[09:49:04] Start geting global Bing Wallpaper, region=en-GB, local time is 2026-08-25 10:49:04.045929+01:00
[09:49:04] Successful get url: https://www.bing.com/th?id=OHR.SantaCatarina_EN-GB1458336075_UHD.jpg
[09:49:04] Picture infomations saved to  global/en-GB/README.md
[09:49:04] Picture infomations saved to global/en-GB/history/2026/08/25_en-GB.md
[09:49:04] Start geting global Bing Wallpaper, region=it-IT, local time is 2026-08-25 11:49:04.205042+02:00
[09:49:04] Successful get url: https://www.bing.com/th?id=OHR.RedwoodPark_IT-IT1204038943_UHD.jpg
[09:49:04] Picture infomations saved to  global/it-IT/README.md
[09:49:04] Picture infomations saved to global/it-IT/history/2026/08/25_it-IT.md
[09:49:04] Start geting global Bing Wallpaper, region=es-ES, local time is 2026-08-25 11:49:04.501712+02:00
[09:49:04] Successful get url: https://www.bing.com/th?id=OHR.RedwoodPark_ES-ES8525177894_UHD.jpg
[09:49:04] Picture infomations saved to  global/es-ES/README.md
[09:49:04] Picture infomations saved to global/es-ES/history/2026/08/25_es-ES.md
[09:49:04] Start geting global Bing Wallpaper, region=fr-CA, local time is 2026-08-25 05:49:04.644063-04:00
[09:49:04] Successful get url: https://www.bing.com/th?id=OHR.PurplePuffin_FR-CA6231129761_UHD.jpg
[09:49:04] Picture infomations saved to  global/fr-CA/README.md
[09:49:04] Picture infomations saved to global/fr-CA/history/2026/08/26_fr-CA.md
Program exit at 09:49:04
