
Program started at 14:24:02
Operating System Name: Linux
Operating System Version: #22-Ubuntu SMP Mon Jul 27 17:24:03 UTC 2026
System Architecture: ('64bit', 'ELF')
Computer Type: x86_64
Computer Name: runnervmgx7h7
Processor Type: x86_64
Python Version: 3.12.14
Python Interpreter Name: CPython
[14:24:03] Start geting CN Bing Wallpaper
[14:24:03] Successful get url: https://www.bing.com/th?id=OHR.YellowShark_ZH-CN1570569826_UHD.jpg
[14:24:03] Image saved to img/background.jpg
[14:24:03] Info saved to README.md
[14:24:03] Image saved to history/2026/08/30.md
[14:24:03] Start geting global Bing Wallpaper, region=en-US, local time is 2026-08-30 10:24:03.626126-04:00
[14:24:03] Successful get url: https://www.bing.com/th?id=OHR.YellowShark_EN-US3678567058_UHD.jpg
[14:24:04] Picture infomations saved to  global/en-US/README.md
[14:24:04] Picture infomations saved to global/en-US/history/2026/08/31_en-US.md
[14:24:04] Start geting global Bing Wallpaper, region=ja-JP, local time is 2026-08-30 23:24:04.042726+09:00
[14:24:04] Successful get url: https://www.bing.com/th?id=OHR.YellowShark_JA-JP0572284773_UHD.jpg
[14:24:04] Picture infomations saved to  global/ja-JP/README.md
[14:24:04] Picture infomations saved to global/ja-JP/history/2026/08/30_ja-JP.md
[14:24:04] Start geting global Bing Wallpaper, region=en-IN, local time is 2026-08-30 19:54:04.287278+05:30
[14:24:04] Successful get url: https://www.bing.com/th?id=OHR.YellowShark_EN-IN0280820685_UHD.jpg
[14:24:04] Picture infomations saved to  global/en-IN/README.md
[14:24:04] Picture infomations saved to global/en-IN/history/2026/08/30_en-IN.md
[14:24:04] Start geting global Bing Wallpaper, region=pt-BR, local time is 2026-08-30 11:24:04.761945-03:00
[14:24:04] Successful get url: https://www.bing.com/th?id=OHR.YellowShark_PT-BR2490068911_UHD.jpg
[14:24:05] Picture infomations saved to  global/pt-BR/README.md
[14:24:05] Picture infomations saved to global/pt-BR/history/2026/08/31_pt-BR.md
[14:24:05] Start geting global Bing Wallpaper, region=fr-FR, local time is 2026-08-30 16:24:05.186068+02:00
[14:24:05] Successful get url: https://www.bing.com/th?id=OHR.YellowShark_FR-FR9208937852_UHD.jpg
[14:24:05] Picture infomations saved to  global/fr-FR/README.md
[14:24:05] Picture infomations saved to global/fr-FR/history/2026/08/30_fr-FR.md
[14:24:05] Start geting global Bing Wallpaper, region=de-DE, local time is 2026-08-30 16:24:05.564321+02:00
[14:24:05] Successful get url: https://www.bing.com/th?id=OHR.YellowShark_DE-DE7632036192_UHD.jpg
[14:24:05] Picture infomations saved to  global/de-DE/README.md
[14:24:05] Picture infomations saved to global/de-DE/history/2026/08/30_de-DE.md
[14:24:05] Start geting global Bing Wallpaper, region=en-CA, local time is 2026-08-30 10:24:05.824104-04:00
[14:24:05] Successful get url: https://www.bing.com/th?id=OHR.YellowShark_EN-CA1504942162_UHD.jpg
[14:24:06] Picture infomations saved to  global/en-CA/README.md
[14:24:06] Picture infomations saved to global/en-CA/history/2026/08/31_en-CA.md
[14:24:06] Start geting global Bing Wallpaper, region=en-GB, local time is 2026-08-30 15:24:06.078316+01:00
[14:24:06] Successful get url: https://www.bing.com/th?id=OHR.YellowShark_EN-GB1905405727_UHD.jpg
[14:24:06] Picture infomations saved to  global/en-GB/README.md
[14:24:06] Picture infomations saved to global/en-GB/history/2026/08/30_en-GB.md
[14:24:06] Start geting global Bing Wallpaper, region=it-IT, local time is 2026-08-30 16:24:06.492776+02:00
[14:24:06] Successful get url: https://www.bing.com/th?id=OHR.YellowShark_IT-IT2405493473_UHD.jpg
[14:24:06] Picture infomations saved to  global/it-IT/README.md
[14:24:06] Picture infomations saved to global/it-IT/history/2026/08/30_it-IT.md
[14:24:06] Start geting global Bing Wallpaper, region=es-ES, local time is 2026-08-30 16:24:06.970088+02:00
[14:24:07] Successful get url: https://www.bing.com/th?id=OHR.YellowShark_ES-ES9780213231_UHD.jpg
[14:24:07] Picture infomations saved to  global/es-ES/README.md
[14:24:07] Picture infomations saved to global/es-ES/history/2026/08/30_es-ES.md
[14:24:07] Start geting global Bing Wallpaper, region=fr-CA, local time is 2026-08-30 10:24:07.394292-04:00
[14:24:07] Successful get url: https://www.bing.com/th?id=OHR.YellowShark_FR-CA9103593317_UHD.jpg
[14:24:07] Picture infomations saved to  global/fr-CA/README.md
[14:24:07] Picture infomations saved to global/fr-CA/history/2026/08/31_fr-CA.md
Program exit at 14:24:07
