
Program started at 10:08:03
Operating System Name: Linux
Operating System Version: #20~24.04.1-Ubuntu SMP Fri Jun 19 20:09:14 UTC 2026
System Architecture: ('64bit', 'ELF')
Computer Type: x86_64
Computer Name: runnervmvrwv9
Processor Type: x86_64
Python Version: 3.12.13
Python Interpreter Name: CPython
[10:08:03] Start geting CN Bing Wallpaper
[10:08:03] Successful get url: https://www.bing.com/th?id=OHR.ColorfulCop_ZH-CN8015611442_UHD.jpg
[10:08:04] Image saved to img/background.jpg
[10:08:04] Info saved to README.md
[10:08:04] Image saved to history/2026/08/11.md
[10:08:04] Start geting global Bing Wallpaper, region=en-US, local time is 2026-08-11 06:08:04.218280-04:00
[10:08:04] Successful get url: https://www.bing.com/th?id=OHR.ColorfulCop_EN-US3993977654_UHD.jpg
[10:08:04] Picture infomations saved to  global/en-US/README.md
[10:08:04] Picture infomations saved to global/en-US/history/2026/08/12_en-US.md
[10:08:04] Start geting global Bing Wallpaper, region=ja-JP, local time is 2026-08-11 19:08:04.591850+09:00
[10:08:04] Successful get url: https://www.bing.com/th?id=OHR.MountainDay2026_JA-JP4675980762_UHD.jpg
[10:08:04] Picture infomations saved to  global/ja-JP/README.md
[10:08:04] Picture infomations saved to global/ja-JP/history/2026/08/11_ja-JP.md
[10:08:04] Start geting global Bing Wallpaper, region=en-IN, local time is 2026-08-11 15:38:04.942993+05:30
[10:08:05] Successful get url: https://www.bing.com/th?id=OHR.ColorfulCop_EN-IN0862473585_UHD.jpg
[10:08:05] Picture infomations saved to  global/en-IN/README.md
[10:08:05] Picture infomations saved to global/en-IN/history/2026/08/11_en-IN.md
[10:08:05] Start geting global Bing Wallpaper, region=pt-BR, local time is 2026-08-11 07:08:05.289786-03:00
[10:08:05] Successful get url: https://www.bing.com/th?id=OHR.StuDay_PT-BR3798231635_UHD.jpg
[10:08:05] Picture infomations saved to  global/pt-BR/README.md
[10:08:05] Picture infomations saved to global/pt-BR/history/2026/08/12_pt-BR.md
[10:08:05] Start geting global Bing Wallpaper, region=fr-FR, local time is 2026-08-11 12:08:05.645015+02:00
[10:08:05] Successful get url: https://www.bing.com/th?id=OHR.ColorfulCop_FR-FR8595384019_UHD.jpg
[10:08:05] Picture infomations saved to  global/fr-FR/README.md
[10:08:05] Picture infomations saved to global/fr-FR/history/2026/08/11_fr-FR.md
[10:08:05] Start geting global Bing Wallpaper, region=de-DE, local time is 2026-08-11 12:08:05.982938+02:00
[10:08:06] Successful get url: https://www.bing.com/th?id=OHR.ColorfulCop_DE-DE9077062253_UHD.jpg
[10:08:06] Picture infomations saved to  global/de-DE/README.md
[10:08:06] Picture infomations saved to global/de-DE/history/2026/08/11_de-DE.md
[10:08:06] Start geting global Bing Wallpaper, region=en-CA, local time is 2026-08-11 06:08:06.326630-04:00
[10:08:06] Successful get url: https://www.bing.com/th?id=OHR.ColorfulCop_EN-CA5069380652_UHD.jpg
[10:08:06] Picture infomations saved to  global/en-CA/README.md
[10:08:06] Picture infomations saved to global/en-CA/history/2026/08/12_en-CA.md
[10:08:06] Start geting global Bing Wallpaper, region=en-GB, local time is 2026-08-11 11:08:06.668921+01:00
[10:08:06] Successful get url: https://www.bing.com/th?id=OHR.ColorfulCop_EN-GB4254714055_UHD.jpg
[10:08:07] Picture infomations saved to  global/en-GB/README.md
[10:08:07] Picture infomations saved to global/en-GB/history/2026/08/11_en-GB.md
[10:08:07] Start geting global Bing Wallpaper, region=it-IT, local time is 2026-08-11 12:08:07.017005+02:00
[10:08:07] Successful get url: https://www.bing.com/th?id=OHR.ColorfulCop_IT-IT3126463813_UHD.jpg
[10:08:07] Picture infomations saved to  global/it-IT/README.md
[10:08:07] Picture infomations saved to global/it-IT/history/2026/08/11_it-IT.md
[10:08:07] Start geting global Bing Wallpaper, region=es-ES, local time is 2026-08-11 12:08:07.378890+02:00
[10:08:07] Successful get url: https://www.bing.com/th?id=OHR.LloretdeMar_ES-ES9587440947_UHD.jpg
[10:08:07] Picture infomations saved to  global/es-ES/README.md
[10:08:07] Picture infomations saved to global/es-ES/history/2026/08/11_es-ES.md
[10:08:07] Start geting global Bing Wallpaper, region=fr-CA, local time is 2026-08-11 06:08:07.716628-04:00
[10:08:07] Successful get url: https://www.bing.com/th?id=OHR.ColorfulCop_FR-CA4855520574_UHD.jpg
[10:08:08] Picture infomations saved to  global/fr-CA/README.md
[10:08:08] Picture infomations saved to global/fr-CA/history/2026/08/12_fr-CA.md
Program exit at 10:08:08

Program started at 16:51:01
Operating System Name: Linux
Operating System Version: #20~24.04.1-Ubuntu SMP Fri Jun 19 20:09:14 UTC 2026
System Architecture: ('64bit', 'ELF')
Computer Type: x86_64
Computer Name: runnervmvrwv9
Processor Type: x86_64
Python Version: 3.12.13
Python Interpreter Name: CPython
[16:51:01] Start geting CN Bing Wallpaper
[16:51:01] Successful get url: https://www.bing.com/th?id=OHR.ElephantDay_ZH-CN8350171749_UHD.jpg
[16:51:01] Image saved to img/background.jpg
[16:51:01] Info saved to README.md
[16:51:01] Image saved to history/2026/08/12.md
[16:51:01] Start geting global Bing Wallpaper, region=en-US, local time is 2026-08-11 12:51:01.898218-04:00
[16:51:01] Successful get url: https://www.bing.com/th?id=OHR.ColorfulCop_EN-US3993977654_UHD.jpg
[16:51:02] Picture infomations saved to  global/en-US/README.md
[16:51:02] Picture infomations saved to global/en-US/history/2026/08/12_en-US.md
[16:51:02] Start geting global Bing Wallpaper, region=ja-JP, local time is 2026-08-12 01:51:02.153221+09:00
[16:51:02] Successful get url: https://www.bing.com/th?id=OHR.ElephantDay_JA-JP5660368264_UHD.jpg
[16:51:02] Picture infomations saved to  global/ja-JP/README.md
[16:51:02] Picture infomations saved to global/ja-JP/history/2026/08/12_ja-JP.md
[16:51:02] Start geting global Bing Wallpaper, region=en-IN, local time is 2026-08-11 22:21:02.375453+05:30
[16:51:02] Successful get url: https://www.bing.com/th?id=OHR.ColorfulCop_EN-IN0862473585_UHD.jpg
[16:51:02] Picture infomations saved to  global/en-IN/README.md
[16:51:02] Picture infomations saved to global/en-IN/history/2026/08/11_en-IN.md
[16:51:02] Start geting global Bing Wallpaper, region=pt-BR, local time is 2026-08-11 13:51:02.630052-03:00
[16:51:02] Successful get url: https://www.bing.com/th?id=OHR.StuDay_PT-BR3798231635_UHD.jpg
[16:51:02] Picture infomations saved to  global/pt-BR/README.md
[16:51:02] Picture infomations saved to global/pt-BR/history/2026/08/12_pt-BR.md
[16:51:02] Start geting global Bing Wallpaper, region=fr-FR, local time is 2026-08-11 18:51:02.837141+02:00
[16:51:02] Successful get url: https://www.bing.com/th?id=OHR.ColorfulCop_FR-FR8595384019_UHD.jpg
[16:51:03] Picture infomations saved to  global/fr-FR/README.md
[16:51:03] Picture infomations saved to global/fr-FR/history/2026/08/11_fr-FR.md
[16:51:03] Start geting global Bing Wallpaper, region=de-DE, local time is 2026-08-11 18:51:03.055375+02:00
[16:51:03] Successful get url: https://www.bing.com/th?id=OHR.ColorfulCop_DE-DE9077062253_UHD.jpg
[16:51:03] Picture infomations saved to  global/de-DE/README.md
[16:51:03] Picture infomations saved to global/de-DE/history/2026/08/11_de-DE.md
[16:51:03] Start geting global Bing Wallpaper, region=en-CA, local time is 2026-08-11 12:51:03.241171-04:00
[16:51:03] Successful get url: https://www.bing.com/th?id=OHR.ColorfulCop_EN-CA5069380652_UHD.jpg
[16:51:03] Picture infomations saved to  global/en-CA/README.md
[16:51:03] Picture infomations saved to global/en-CA/history/2026/08/12_en-CA.md
[16:51:03] Start geting global Bing Wallpaper, region=en-GB, local time is 2026-08-11 17:51:03.522692+01:00
[16:51:03] Successful get url: https://www.bing.com/th?id=OHR.ColorfulCop_EN-GB4254714055_UHD.jpg
[16:51:03] Picture infomations saved to  global/en-GB/README.md
[16:51:03] Picture infomations saved to global/en-GB/history/2026/08/11_en-GB.md
[16:51:03] Start geting global Bing Wallpaper, region=it-IT, local time is 2026-08-11 18:51:03.711344+02:00
[16:51:03] Successful get url: https://www.bing.com/th?id=OHR.ColorfulCop_IT-IT3126463813_UHD.jpg
[16:51:03] Picture infomations saved to  global/it-IT/README.md
[16:51:03] Picture infomations saved to global/it-IT/history/2026/08/11_it-IT.md
[16:51:03] Start geting global Bing Wallpaper, region=es-ES, local time is 2026-08-11 18:51:03.919078+02:00
[16:51:03] Successful get url: https://www.bing.com/th?id=OHR.LloretdeMar_ES-ES9587440947_UHD.jpg
[16:51:04] Picture infomations saved to  global/es-ES/README.md
[16:51:04] Picture infomations saved to global/es-ES/history/2026/08/11_es-ES.md
[16:51:04] Start geting global Bing Wallpaper, region=fr-CA, local time is 2026-08-11 12:51:04.112137-04:00
[16:51:04] Successful get url: https://www.bing.com/th?id=OHR.ColorfulCop_FR-CA4855520574_UHD.jpg
[16:51:04] Picture infomations saved to  global/fr-CA/README.md
[16:51:04] Picture infomations saved to global/fr-CA/history/2026/08/12_fr-CA.md
Program exit at 16:51:04
