
Program started at 09:51:40
Operating System Name: Linux
Operating System Version: #20~24.04.1-Ubuntu SMP Fri Jun 19 20:09:14 UTC 2026
System Architecture: ('64bit', 'ELF')
Computer Type: x86_64
Computer Name: runnervmvrwv9
Processor Type: x86_64
Python Version: 3.12.13
Python Interpreter Name: CPython
[09:51:40] Start geting CN Bing Wallpaper
[09:51:40] Successful get url: https://www.bing.com/th?id=OHR.StocktonInfinity_ZH-CN5941379745_UHD.jpg
[09:51:40] Image saved to img/background.jpg
[09:51:40] Info saved to README.md
[09:51:40] Image saved to history/2026/08/08.md
[09:51:40] Start geting global Bing Wallpaper, region=en-US, local time is 2026-08-08 05:51:40.417027-04:00
[09:51:40] Successful get url: https://www.bing.com/th?id=OHR.StocktonInfinity_EN-US3006724421_UHD.jpg
[09:51:40] Picture infomations saved to  global/en-US/README.md
[09:51:40] Picture infomations saved to global/en-US/history/2026/08/09_en-US.md
[09:51:40] Start geting global Bing Wallpaper, region=ja-JP, local time is 2026-08-08 18:51:40.591600+09:00
[09:51:40] Successful get url: https://www.bing.com/th?id=OHR.StocktonInfinity_JA-JP6357248728_UHD.jpg
[09:51:40] Picture infomations saved to  global/ja-JP/README.md
[09:51:40] Picture infomations saved to global/ja-JP/history/2026/08/08_ja-JP.md
[09:51:40] Start geting global Bing Wallpaper, region=en-IN, local time is 2026-08-08 15:21:40.824534+05:30
[09:51:40] Successful get url: https://www.bing.com/th?id=OHR.StocktonInfinity_EN-IN0551257871_UHD.jpg
[09:51:41] Picture infomations saved to  global/en-IN/README.md
[09:51:41] Picture infomations saved to global/en-IN/history/2026/08/08_en-IN.md
[09:51:41] Start geting global Bing Wallpaper, region=pt-BR, local time is 2026-08-08 06:51:41.034455-03:00
[09:51:41] Successful get url: https://www.bing.com/th?id=OHR.StocktonInfinity_PT-BR1264731427_UHD.jpg
[09:51:41] Picture infomations saved to  global/pt-BR/README.md
[09:51:41] Picture infomations saved to global/pt-BR/history/2026/08/09_pt-BR.md
[09:51:41] Start geting global Bing Wallpaper, region=fr-FR, local time is 2026-08-08 11:51:41.211439+02:00
[09:51:41] Successful get url: https://www.bing.com/th?id=OHR.ClothesBarjols_FR-FR4425384248_UHD.jpg
[09:51:41] Picture infomations saved to  global/fr-FR/README.md
[09:51:41] Picture infomations saved to global/fr-FR/history/2026/08/08_fr-FR.md
[09:51:41] Start geting global Bing Wallpaper, region=de-DE, local time is 2026-08-08 11:51:41.369082+02:00
[09:51:41] Successful get url: https://www.bing.com/th?id=OHR.RhineFlames_DE-DE7527393403_UHD.jpg
[09:51:41] Picture infomations saved to  global/de-DE/README.md
[09:51:41] Picture infomations saved to global/de-DE/history/2026/08/08_de-DE.md
[09:51:41] Start geting global Bing Wallpaper, region=en-CA, local time is 2026-08-08 05:51:41.563337-04:00
[09:51:41] Successful get url: https://www.bing.com/th?id=OHR.StocktonInfinity_EN-CA4539873012_UHD.jpg
[09:51:41] Picture infomations saved to  global/en-CA/README.md
[09:51:41] Picture infomations saved to global/en-CA/history/2026/08/09_en-CA.md
[09:51:41] Start geting global Bing Wallpaper, region=en-GB, local time is 2026-08-08 10:51:41.827717+01:00
[09:51:41] Successful get url: https://www.bing.com/th?id=OHR.StocktonInfinity_EN-GB3847788744_UHD.jpg
[09:51:42] Picture infomations saved to  global/en-GB/README.md
[09:51:42] Picture infomations saved to global/en-GB/history/2026/08/08_en-GB.md
[09:51:42] Start geting global Bing Wallpaper, region=it-IT, local time is 2026-08-08 11:51:42.115265+02:00
[09:51:42] Successful get url: https://www.bing.com/th?id=OHR.StocktonInfinity_IT-IT2789649837_UHD.jpg
[09:51:42] Picture infomations saved to  global/it-IT/README.md
[09:51:42] Picture infomations saved to global/it-IT/history/2026/08/08_it-IT.md
[09:51:42] Start geting global Bing Wallpaper, region=es-ES, local time is 2026-08-08 11:51:42.298192+02:00
[09:51:42] Successful get url: https://www.bing.com/th?id=OHR.StocktonInfinity_ES-ES5321261606_UHD.jpg
[09:51:42] Picture infomations saved to  global/es-ES/README.md
[09:51:42] Picture infomations saved to global/es-ES/history/2026/08/08_es-ES.md
[09:51:42] Start geting global Bing Wallpaper, region=fr-CA, local time is 2026-08-08 05:51:42.482581-04:00
[09:51:42] Successful get url: https://www.bing.com/th?id=OHR.StocktonInfinity_FR-CA3431140548_UHD.jpg
[09:51:42] Picture infomations saved to  global/fr-CA/README.md
[09:51:42] Picture infomations saved to global/fr-CA/history/2026/08/09_fr-CA.md
Program exit at 09:51:42
