
Program started at 09:38:35
Operating System Name: Linux
Operating System Version: #22-Ubuntu SMP Mon Jul 27 17:24:03 UTC 2026
System Architecture: ('64bit', 'ELF')
Computer Type: x86_64
Computer Name: runnervm76f27
Processor Type: x86_64
Python Version: 3.12.14
Python Interpreter Name: CPython
[09:38:35] Start geting CN Bing Wallpaper
[09:38:35] Successful get url: https://www.bing.com/th?id=OHR.CommonBlue_ZH-CN8521430009_UHD.jpg
[09:38:35] Image saved to img/background.jpg
[09:38:35] Info saved to README.md
[09:38:35] Image saved to history/2026/08/22.md
[09:38:35] Start geting global Bing Wallpaper, region=en-US, local time is 2026-08-22 05:38:35.343459-04:00
[09:38:35] Successful get url: https://www.bing.com/th?id=OHR.CommonBlue_EN-US2760688799_UHD.jpg
[09:38:35] Picture infomations saved to  global/en-US/README.md
[09:38:35] Picture infomations saved to global/en-US/history/2026/08/23_en-US.md
[09:38:35] Start geting global Bing Wallpaper, region=ja-JP, local time is 2026-08-22 18:38:35.471586+09:00
[09:38:35] Successful get url: https://www.bing.com/th?id=OHR.CommonBlue_JA-JP8682246058_UHD.jpg
[09:38:35] Picture infomations saved to  global/ja-JP/README.md
[09:38:35] Picture infomations saved to global/ja-JP/history/2026/08/22_ja-JP.md
[09:38:35] Start geting global Bing Wallpaper, region=en-IN, local time is 2026-08-22 15:08:35.605303+05:30
[09:38:35] Successful get url: https://www.bing.com/th?id=OHR.CommonBlue_EN-IN9476454539_UHD.jpg
[09:38:35] Picture infomations saved to  global/en-IN/README.md
[09:38:35] Picture infomations saved to global/en-IN/history/2026/08/22_en-IN.md
[09:38:35] Start geting global Bing Wallpaper, region=pt-BR, local time is 2026-08-22 06:38:35.744980-03:00
[09:38:35] Successful get url: https://www.bing.com/th?id=OHR.FolkRJ_PT-BR6598036806_UHD.jpg
[09:38:35] Picture infomations saved to  global/pt-BR/README.md
[09:38:35] Picture infomations saved to global/pt-BR/history/2026/08/23_pt-BR.md
[09:38:35] Start geting global Bing Wallpaper, region=fr-FR, local time is 2026-08-22 11:38:35.890551+02:00
[09:38:35] Successful get url: https://www.bing.com/th?id=OHR.CommonBlue_FR-FR7050471063_UHD.jpg
[09:38:36] Picture infomations saved to  global/fr-FR/README.md
[09:38:36] Picture infomations saved to global/fr-FR/history/2026/08/22_fr-FR.md
[09:38:36] Start geting global Bing Wallpaper, region=de-DE, local time is 2026-08-22 11:38:36.046238+02:00
[09:38:36] Successful get url: https://www.bing.com/th?id=OHR.CommonBlue_DE-DE9673283581_UHD.jpg
[09:38:36] Picture infomations saved to  global/de-DE/README.md
[09:38:36] Picture infomations saved to global/de-DE/history/2026/08/22_de-DE.md
[09:38:36] Start geting global Bing Wallpaper, region=en-CA, local time is 2026-08-22 05:38:36.143130-04:00
[09:38:36] Successful get url: https://www.bing.com/th?id=OHR.CommonBlue_EN-CA6718491810_UHD.jpg
[09:38:36] Picture infomations saved to  global/en-CA/README.md
[09:38:36] Picture infomations saved to global/en-CA/history/2026/08/23_en-CA.md
[09:38:36] Start geting global Bing Wallpaper, region=en-GB, local time is 2026-08-22 10:38:36.246238+01:00
[09:38:36] Successful get url: https://www.bing.com/th?id=OHR.CommonBlue_EN-GB1147628721_UHD.jpg
[09:38:36] Picture infomations saved to  global/en-GB/README.md
[09:38:36] Picture infomations saved to global/en-GB/history/2026/08/22_en-GB.md
[09:38:36] Start geting global Bing Wallpaper, region=it-IT, local time is 2026-08-22 11:38:36.429999+02:00
[09:38:36] Successful get url: https://www.bing.com/th?id=OHR.NotteTaranta_IT-IT0811899295_UHD.jpg
[09:38:36] Picture infomations saved to  global/it-IT/README.md
[09:38:36] Picture infomations saved to global/it-IT/history/2026/08/22_it-IT.md
[09:38:36] Start geting global Bing Wallpaper, region=es-ES, local time is 2026-08-22 11:38:36.619472+02:00
[09:38:36] Successful get url: https://www.bing.com/th?id=OHR.VueltaEspana_ES-ES4697960673_UHD.jpg
[09:38:36] Picture infomations saved to  global/es-ES/README.md
[09:38:36] Picture infomations saved to global/es-ES/history/2026/08/22_es-ES.md
[09:38:36] Start geting global Bing Wallpaper, region=fr-CA, local time is 2026-08-22 05:38:36.782825-04:00
[09:38:36] Successful get url: https://www.bing.com/th?id=OHR.CommonBlue_FR-CA6957827229_UHD.jpg
[09:38:36] Picture infomations saved to  global/fr-CA/README.md
[09:38:36] Picture infomations saved to global/fr-CA/history/2026/08/23_fr-CA.md
Program exit at 09:38:36

Program started at 16:14:47
Operating System Name: Linux
Operating System Version: #22-Ubuntu SMP Mon Jul 27 17:24:03 UTC 2026
System Architecture: ('64bit', 'ELF')
Computer Type: x86_64
Computer Name: runnervm76f27
Processor Type: x86_64
Python Version: 3.12.14
Python Interpreter Name: CPython
[16:14:47] Start geting CN Bing Wallpaper
[16:14:47] Successful get url: https://www.bing.com/th?id=OHR.EndofHeatY26_ZH-CN8936468848_UHD.jpg
[16:14:47] Image saved to img/background.jpg
[16:14:47] Info saved to README.md
[16:14:47] Image saved to history/2026/08/23.md
[16:14:47] Start geting global Bing Wallpaper, region=en-US, local time is 2026-08-22 12:14:47.520376-04:00
[16:14:47] Successful get url: https://www.bing.com/th?id=OHR.CommonBlue_EN-US2760688799_UHD.jpg
[16:14:47] Picture infomations saved to  global/en-US/README.md
[16:14:47] Picture infomations saved to global/en-US/history/2026/08/23_en-US.md
[16:14:47] Start geting global Bing Wallpaper, region=ja-JP, local time is 2026-08-23 01:14:47.664639+09:00
[16:14:47] Successful get url: https://www.bing.com/th?id=OHR.ShizuokaSummer2026_JA-JP8848642076_UHD.jpg
[16:14:47] Picture infomations saved to  global/ja-JP/README.md
[16:14:47] Picture infomations saved to global/ja-JP/history/2026/08/23_ja-JP.md
[16:14:47] Start geting global Bing Wallpaper, region=en-IN, local time is 2026-08-22 21:44:47.864684+05:30
[16:14:47] Successful get url: https://www.bing.com/th?id=OHR.CommonBlue_EN-IN9476454539_UHD.jpg
[16:14:47] Picture infomations saved to  global/en-IN/README.md
[16:14:47] Picture infomations saved to global/en-IN/history/2026/08/22_en-IN.md
[16:14:47] Start geting global Bing Wallpaper, region=pt-BR, local time is 2026-08-22 13:14:47.998046-03:00
[16:14:48] Successful get url: https://www.bing.com/th?id=OHR.FolkRJ_PT-BR6598036806_UHD.jpg
[16:14:48] Picture infomations saved to  global/pt-BR/README.md
[16:14:48] Picture infomations saved to global/pt-BR/history/2026/08/23_pt-BR.md
[16:14:48] Start geting global Bing Wallpaper, region=fr-FR, local time is 2026-08-22 18:14:48.201122+02:00
[16:14:48] Successful get url: https://www.bing.com/th?id=OHR.CommonBlue_FR-FR7050471063_UHD.jpg
[16:14:48] Picture infomations saved to  global/fr-FR/README.md
[16:14:48] Picture infomations saved to global/fr-FR/history/2026/08/22_fr-FR.md
[16:14:48] Start geting global Bing Wallpaper, region=de-DE, local time is 2026-08-22 18:14:48.322464+02:00
[16:14:48] Successful get url: https://www.bing.com/th?id=OHR.CommonBlue_DE-DE9673283581_UHD.jpg
[16:14:48] Picture infomations saved to  global/de-DE/README.md
[16:14:48] Picture infomations saved to global/de-DE/history/2026/08/22_de-DE.md
[16:14:48] Start geting global Bing Wallpaper, region=en-CA, local time is 2026-08-22 12:14:48.459870-04:00
[16:14:48] Successful get url: https://www.bing.com/th?id=OHR.CommonBlue_EN-CA6718491810_UHD.jpg
[16:14:48] Picture infomations saved to  global/en-CA/README.md
[16:14:48] Picture infomations saved to global/en-CA/history/2026/08/23_en-CA.md
[16:14:48] Start geting global Bing Wallpaper, region=en-GB, local time is 2026-08-22 17:14:48.599647+01:00
[16:14:48] Successful get url: https://www.bing.com/th?id=OHR.CommonBlue_EN-GB1147628721_UHD.jpg
[16:14:48] Picture infomations saved to  global/en-GB/README.md
[16:14:48] Picture infomations saved to global/en-GB/history/2026/08/22_en-GB.md
[16:14:48] Start geting global Bing Wallpaper, region=it-IT, local time is 2026-08-22 18:14:48.731863+02:00
[16:14:48] Successful get url: https://www.bing.com/th?id=OHR.NotteTaranta_IT-IT0811899295_UHD.jpg
[16:14:48] Picture infomations saved to  global/it-IT/README.md
[16:14:48] Picture infomations saved to global/it-IT/history/2026/08/22_it-IT.md
[16:14:48] Start geting global Bing Wallpaper, region=es-ES, local time is 2026-08-22 18:14:48.950930+02:00
[16:14:48] Successful get url: https://www.bing.com/th?id=OHR.VueltaEspana_ES-ES4697960673_UHD.jpg
[16:14:49] Picture infomations saved to  global/es-ES/README.md
[16:14:49] Picture infomations saved to global/es-ES/history/2026/08/22_es-ES.md
[16:14:49] Start geting global Bing Wallpaper, region=fr-CA, local time is 2026-08-22 12:14:49.114988-04:00
[16:14:49] Successful get url: https://www.bing.com/th?id=OHR.CommonBlue_FR-CA6957827229_UHD.jpg
[16:14:49] Picture infomations saved to  global/fr-CA/README.md
[16:14:49] Picture infomations saved to global/fr-CA/history/2026/08/23_fr-CA.md
Program exit at 16:14:49
