
Program started at 10:46:22
Operating System Name: Linux
Operating System Version: #20~24.04.1-Ubuntu SMP Fri Jun 19 20:09:14 UTC 2026
System Architecture: ('64bit', 'ELF')
Computer Type: x86_64
Computer Name: runnervmvrwv9
Processor Type: x86_64
Python Version: 3.12.13
Python Interpreter Name: CPython
[10:46:22] Start geting CN Bing Wallpaper
[10:46:22] Successful get url: https://www.bing.com/th?id=OHR.HawaiiLava_ZH-CN3257621771_UHD.jpg
[10:46:22] Image saved to img/background.jpg
[10:46:22] Info saved to README.md
[10:46:22] Image saved to history/2026/08/01.md
[10:46:22] Start geting global Bing Wallpaper, region=en-US, local time is 2026-08-01 06:46:22.965484-04:00
[10:46:23] Successful get url: https://www.bing.com/th?id=OHR.HawaiiLava_EN-US4126737972_UHD.jpg
[10:46:23] Picture infomations saved to  global/en-US/README.md
[10:46:23] Picture infomations saved to global/en-US/history/2026/08/02_en-US.md
[10:46:23] Start geting global Bing Wallpaper, region=ja-JP, local time is 2026-08-01 19:46:23.334119+09:00
[10:46:23] Successful get url: https://www.bing.com/th?id=OHR.HirosakiNeputa2026_JA-JP5726503053_UHD.jpg
[10:46:23] Picture infomations saved to  global/ja-JP/README.md
[10:46:23] Picture infomations saved to global/ja-JP/history/2026/08/01_ja-JP.md
[10:46:23] Start geting global Bing Wallpaper, region=en-IN, local time is 2026-08-01 16:16:23.497819+05:30
[10:46:23] Successful get url: https://www.bing.com/th?id=OHR.HawaiiLava_EN-IN1784864041_UHD.jpg
[10:46:23] Picture infomations saved to  global/en-IN/README.md
[10:46:23] Picture infomations saved to global/en-IN/history/2026/08/01_en-IN.md
[10:46:23] Start geting global Bing Wallpaper, region=pt-BR, local time is 2026-08-01 07:46:23.727139-03:00
[10:46:23] Successful get url: https://www.bing.com/th?id=OHR.Maracatu_PT-BR9312687500_UHD.jpg
[10:46:23] Picture infomations saved to  global/pt-BR/README.md
[10:46:23] Picture infomations saved to global/pt-BR/history/2026/08/02_pt-BR.md
[10:46:23] Start geting global Bing Wallpaper, region=fr-FR, local time is 2026-08-01 12:46:23.959899+02:00
[10:46:24] Successful get url: https://www.bing.com/th?id=OHR.SeaStacks_FR-FR4057620009_UHD.jpg
[10:46:24] Picture infomations saved to  global/fr-FR/README.md
[10:46:24] Picture infomations saved to global/fr-FR/history/2026/08/01_fr-FR.md
[10:46:24] Start geting global Bing Wallpaper, region=de-DE, local time is 2026-08-01 12:46:24.348496+02:00
[10:46:24] Successful get url: https://www.bing.com/th?id=OHR.HawaiiLava_DE-DE4111997666_UHD.jpg
[10:46:24] Picture infomations saved to  global/de-DE/README.md
[10:46:24] Picture infomations saved to global/de-DE/history/2026/08/01_de-DE.md
[10:46:24] Start geting global Bing Wallpaper, region=en-CA, local time is 2026-08-01 06:46:24.604821-04:00
[10:46:24] Successful get url: https://www.bing.com/th?id=OHR.HawaiiLava_EN-CA2181536757_UHD.jpg
[10:46:24] Picture infomations saved to  global/en-CA/README.md
[10:46:24] Picture infomations saved to global/en-CA/history/2026/08/02_en-CA.md
[10:46:24] Start geting global Bing Wallpaper, region=en-GB, local time is 2026-08-01 11:46:24.989715+01:00
[10:46:25] Successful get url: https://www.bing.com/th?id=OHR.BrightonPride2026_EN-GB6665333938_UHD.jpg
[10:46:25] Picture infomations saved to  global/en-GB/README.md
[10:46:25] Picture infomations saved to global/en-GB/history/2026/08/01_en-GB.md
[10:46:25] Start geting global Bing Wallpaper, region=it-IT, local time is 2026-08-01 12:46:25.346897+02:00
[10:46:25] Successful get url: https://www.bing.com/th?id=OHR.HawaiiLava_IT-IT9255141439_UHD.jpg
[10:46:25] Picture infomations saved to  global/it-IT/README.md
[10:46:25] Picture infomations saved to global/it-IT/history/2026/08/01_it-IT.md
[10:46:25] Start geting global Bing Wallpaper, region=es-ES, local time is 2026-08-01 12:46:25.549780+02:00
[10:46:25] Successful get url: https://www.bing.com/th?id=OHR.SantaCatalina_ES-ES2186596110_UHD.jpg
[10:46:25] Picture infomations saved to  global/es-ES/README.md
[10:46:25] Picture infomations saved to global/es-ES/history/2026/08/01_es-ES.md
[10:46:25] Start geting global Bing Wallpaper, region=fr-CA, local time is 2026-08-01 06:46:25.792130-04:00
[10:46:25] Successful get url: https://www.bing.com/th?id=OHR.HawaiiLava_FR-CA6922990582_UHD.jpg
[10:46:26] Picture infomations saved to  global/fr-CA/README.md
[10:46:26] Picture infomations saved to global/fr-CA/history/2026/08/02_fr-CA.md
Program exit at 10:46:26

Program started at 16:52:52
Operating System Name: Linux
Operating System Version: #20~24.04.1-Ubuntu SMP Fri Jun 19 20:09:14 UTC 2026
System Architecture: ('64bit', 'ELF')
Computer Type: x86_64
Computer Name: runnervmvrwv9
Processor Type: x86_64
Python Version: 3.12.13
Python Interpreter Name: CPython
[16:52:52] Start geting CN Bing Wallpaper
[16:52:52] Successful get url: https://www.bing.com/th?id=OHR.HelsinkiBlue_ZH-CN3961551568_UHD.jpg
[16:52:52] Image saved to img/background.jpg
[16:52:52] Info saved to README.md
[16:52:52] Image saved to history/2026/08/02.md
[16:52:52] Start geting global Bing Wallpaper, region=en-US, local time is 2026-08-01 12:52:52.456319-04:00
[16:52:52] Successful get url: https://www.bing.com/th?id=OHR.HawaiiLava_EN-US4126737972_UHD.jpg
[16:52:52] Picture infomations saved to  global/en-US/README.md
[16:52:52] Picture infomations saved to global/en-US/history/2026/08/02_en-US.md
[16:52:52] Start geting global Bing Wallpaper, region=ja-JP, local time is 2026-08-02 01:52:52.660035+09:00
[16:52:52] Successful get url: https://www.bing.com/th?id=OHR.HelsinkiBlue_JA-JP6468131752_UHD.jpg
[16:52:53] Picture infomations saved to  global/ja-JP/README.md
[16:52:53] Picture infomations saved to global/ja-JP/history/2026/08/02_ja-JP.md
[16:52:53] Start geting global Bing Wallpaper, region=en-IN, local time is 2026-08-01 22:22:53.879260+05:30
[16:52:53] Successful get url: https://www.bing.com/th?id=OHR.HawaiiLava_EN-IN1784864041_UHD.jpg
[16:52:54] Picture infomations saved to  global/en-IN/README.md
[16:52:54] Picture infomations saved to global/en-IN/history/2026/08/01_en-IN.md
[16:52:54] Start geting global Bing Wallpaper, region=pt-BR, local time is 2026-08-01 13:52:54.196552-03:00
[16:52:54] Successful get url: https://www.bing.com/th?id=OHR.Maracatu_PT-BR9312687500_UHD.jpg
[16:52:54] Picture infomations saved to  global/pt-BR/README.md
[16:52:54] Picture infomations saved to global/pt-BR/history/2026/08/02_pt-BR.md
[16:52:54] Start geting global Bing Wallpaper, region=fr-FR, local time is 2026-08-01 18:52:54.476286+02:00
[16:52:54] Successful get url: https://www.bing.com/th?id=OHR.SeaStacks_FR-FR4057620009_UHD.jpg
[16:52:54] Picture infomations saved to  global/fr-FR/README.md
[16:52:54] Picture infomations saved to global/fr-FR/history/2026/08/01_fr-FR.md
[16:52:54] Start geting global Bing Wallpaper, region=de-DE, local time is 2026-08-01 18:52:54.672723+02:00
[16:52:54] Successful get url: https://www.bing.com/th?id=OHR.HawaiiLava_DE-DE4111997666_UHD.jpg
[16:52:55] Picture infomations saved to  global/de-DE/README.md
[16:52:55] Picture infomations saved to global/de-DE/history/2026/08/01_de-DE.md
[16:52:55] Start geting global Bing Wallpaper, region=en-CA, local time is 2026-08-01 12:52:55.019600-04:00
[16:52:55] Successful get url: https://www.bing.com/th?id=OHR.HawaiiLava_EN-CA2181536757_UHD.jpg
[16:52:55] Picture infomations saved to  global/en-CA/README.md
[16:52:55] Picture infomations saved to global/en-CA/history/2026/08/02_en-CA.md
[16:52:55] Start geting global Bing Wallpaper, region=en-GB, local time is 2026-08-01 17:52:55.326750+01:00
[16:52:55] Successful get url: https://www.bing.com/th?id=OHR.BrightonPride2026_EN-GB6665333938_UHD.jpg
[16:52:55] Picture infomations saved to  global/en-GB/README.md
[16:52:55] Picture infomations saved to global/en-GB/history/2026/08/01_en-GB.md
[16:52:55] Start geting global Bing Wallpaper, region=it-IT, local time is 2026-08-01 18:52:55.784672+02:00
[16:52:55] Successful get url: https://www.bing.com/th?id=OHR.HawaiiLava_IT-IT9255141439_UHD.jpg
[16:52:56] Picture infomations saved to  global/it-IT/README.md
[16:52:56] Picture infomations saved to global/it-IT/history/2026/08/01_it-IT.md
[16:52:56] Start geting global Bing Wallpaper, region=es-ES, local time is 2026-08-01 18:52:56.285817+02:00
[16:52:56] Successful get url: https://www.bing.com/th?id=OHR.SantaCatalina_ES-ES2186596110_UHD.jpg
[16:52:56] Picture infomations saved to  global/es-ES/README.md
[16:52:56] Picture infomations saved to global/es-ES/history/2026/08/01_es-ES.md
[16:52:56] Start geting global Bing Wallpaper, region=fr-CA, local time is 2026-08-01 12:52:56.538654-04:00
[16:52:56] Successful get url: https://www.bing.com/th?id=OHR.HawaiiLava_FR-CA6922990582_UHD.jpg
[16:52:57] Picture infomations saved to  global/fr-CA/README.md
[16:52:57] Picture infomations saved to global/fr-CA/history/2026/08/02_fr-CA.md
Program exit at 16:52:57
