
Program started at 09:54:44
Operating System Name: Linux
Operating System Version: #22-Ubuntu SMP Mon Jul 27 17:24:03 UTC 2026
System Architecture: ('64bit', 'ELF')
Computer Type: x86_64
Computer Name: runnervmzvulz
Processor Type: x86_64
Python Version: 3.12.13
Python Interpreter Name: CPython
[09:54:44] Start geting CN Bing Wallpaper
[09:54:45] Successful get url: https://www.bing.com/th?id=OHR.CabilaoClowns_ZH-CN0147033898_UHD.jpg
[09:54:45] Image saved to img/background.jpg
[09:54:45] Info saved to README.md
[09:54:45] Image saved to history/2026/08/17.md
[09:54:45] Start geting global Bing Wallpaper, region=en-US, local time is 2026-08-17 05:54:45.371281-04:00
[09:54:45] Successful get url: https://www.bing.com/th?id=OHR.CabilaoClowns_EN-US6302440247_UHD.jpg
[09:54:46] Picture infomations saved to  global/en-US/README.md
[09:54:46] Picture infomations saved to global/en-US/history/2026/08/18_en-US.md
[09:54:46] Start geting global Bing Wallpaper, region=ja-JP, local time is 2026-08-17 18:54:46.409365+09:00
[09:54:46] Successful get url: https://www.bing.com/th?id=OHR.CabilaoClowns_JA-JP7034609036_UHD.jpg
[09:54:46] Picture infomations saved to  global/ja-JP/README.md
[09:54:46] Picture infomations saved to global/ja-JP/history/2026/08/17_ja-JP.md
[09:54:46] Start geting global Bing Wallpaper, region=en-IN, local time is 2026-08-17 15:24:46.890409+05:30
[09:54:46] Successful get url: https://www.bing.com/th?id=OHR.CabilaoClowns_EN-IN1781663885_UHD.jpg
[09:54:47] Picture infomations saved to  global/en-IN/README.md
[09:54:47] Picture infomations saved to global/en-IN/history/2026/08/17_en-IN.md
[09:54:47] Start geting global Bing Wallpaper, region=pt-BR, local time is 2026-08-17 06:54:47.123997-03:00
[09:54:47] Successful get url: https://www.bing.com/th?id=OHR.CabilaoClowns_PT-BR4676255668_UHD.jpg
[09:54:47] Picture infomations saved to  global/pt-BR/README.md
[09:54:47] Picture infomations saved to global/pt-BR/history/2026/08/18_pt-BR.md
[09:54:47] Start geting global Bing Wallpaper, region=fr-FR, local time is 2026-08-17 11:54:47.469723+02:00
[09:54:47] Successful get url: https://www.bing.com/th?id=OHR.CabilaoClowns_FR-FR3714615654_UHD.jpg
[09:54:47] Picture infomations saved to  global/fr-FR/README.md
[09:54:47] Picture infomations saved to global/fr-FR/history/2026/08/17_fr-FR.md
[09:54:47] Start geting global Bing Wallpaper, region=de-DE, local time is 2026-08-17 11:54:47.926648+02:00
[09:54:48] Successful get url: https://www.bing.com/th?id=OHR.CabilaoClowns_DE-DE7285791368_UHD.jpg
[09:54:48] Picture infomations saved to  global/de-DE/README.md
[09:54:48] Picture infomations saved to global/de-DE/history/2026/08/17_de-DE.md
[09:54:48] Start geting global Bing Wallpaper, region=en-CA, local time is 2026-08-17 05:54:48.394602-04:00
[09:54:48] Successful get url: https://www.bing.com/th?id=OHR.CabilaoClowns_EN-CA6278195956_UHD.jpg
[09:54:48] Picture infomations saved to  global/en-CA/README.md
[09:54:48] Picture infomations saved to global/en-CA/history/2026/08/18_en-CA.md
[09:54:48] Start geting global Bing Wallpaper, region=en-GB, local time is 2026-08-17 10:54:48.805186+01:00
[09:54:48] Successful get url: https://www.bing.com/th?id=OHR.CabilaoClowns_EN-GB5900354557_UHD.jpg
[09:54:49] Picture infomations saved to  global/en-GB/README.md
[09:54:49] Picture infomations saved to global/en-GB/history/2026/08/17_en-GB.md
[09:54:49] Start geting global Bing Wallpaper, region=it-IT, local time is 2026-08-17 11:54:49.061193+02:00
[09:54:49] Successful get url: https://www.bing.com/th?id=OHR.LimeKiln_IT-IT6111794447_UHD.jpg
[09:54:49] Picture infomations saved to  global/it-IT/README.md
[09:54:49] Picture infomations saved to global/it-IT/history/2026/08/17_it-IT.md
[09:54:49] Start geting global Bing Wallpaper, region=es-ES, local time is 2026-08-17 11:54:49.295013+02:00
[09:54:49] Successful get url: https://www.bing.com/th?id=OHR.CabilaoClowns_ES-ES2300770147_UHD.jpg
[09:54:49] Picture infomations saved to  global/es-ES/README.md
[09:54:49] Picture infomations saved to global/es-ES/history/2026/08/17_es-ES.md
[09:54:49] Start geting global Bing Wallpaper, region=fr-CA, local time is 2026-08-17 05:54:49.712568-04:00
[09:54:49] Successful get url: https://www.bing.com/th?id=OHR.CabilaoClowns_FR-CA6346458733_UHD.jpg
[09:54:50] Picture infomations saved to  global/fr-CA/README.md
[09:54:50] Picture infomations saved to global/fr-CA/history/2026/08/18_fr-CA.md
Program exit at 09:54:50
