
Program started at 00:18:22
Operating System Name: Linux
Operating System Version: #22-Ubuntu SMP Mon Jul 27 17:24:03 UTC 2026
System Architecture: ('64bit', 'ELF')
Computer Type: x86_64
Computer Name: runnervmgx7h7
Processor Type: x86_64
Python Version: 3.12.14
Python Interpreter Name: CPython
[00:18:22] Start geting CN Bing Wallpaper
[00:18:22] Successful get url: https://www.bing.com/th?id=OHR.SantaCatarina_ZH-CN4170292043_UHD.jpg
[00:18:23] Image saved to img/background.jpg
[00:18:23] Info saved to README.md
[00:18:23] Image saved to history/2026/08/29.md
[00:18:23] Start geting global Bing Wallpaper, region=en-US, local time is 2026-08-28 20:18:23.009610-04:00
[00:18:23] Successful get url: https://www.bing.com/th?id=OHR.MichelSunset_EN-US3527235033_UHD.jpg
[00:18:23] Picture infomations saved to  global/en-US/README.md
[00:18:23] Picture infomations saved to global/en-US/history/2026/08/29_en-US.md
[00:18:23] Start geting global Bing Wallpaper, region=ja-JP, local time is 2026-08-29 09:18:23.481252+09:00
[00:18:23] Successful get url: https://www.bing.com/th?id=OHR.OmagariFireworks2026_JA-JP0416831919_UHD.jpg
[00:18:24] Picture infomations saved to  global/ja-JP/README.md
[00:18:24] Picture infomations saved to global/ja-JP/history/2026/08/29_ja-JP.md
[00:18:24] Start geting global Bing Wallpaper, region=en-IN, local time is 2026-08-29 05:48:24.064795+05:30
[00:18:24] Successful get url: https://www.bing.com/th?id=OHR.SantaCatarina_EN-IN0197195904_UHD.jpg
[00:18:24] Picture infomations saved to  global/en-IN/README.md
[00:18:24] Picture infomations saved to global/en-IN/history/2026/08/29_en-IN.md
[00:18:24] Start geting global Bing Wallpaper, region=pt-BR, local time is 2026-08-28 21:18:24.498049-03:00
[00:18:24] Successful get url: https://www.bing.com/th?id=OHR.MichelSunset_PT-BR1793038232_UHD.jpg
[00:18:24] Picture infomations saved to  global/pt-BR/README.md
[00:18:24] Picture infomations saved to global/pt-BR/history/2026/08/29_pt-BR.md
[00:18:24] Start geting global Bing Wallpaper, region=fr-FR, local time is 2026-08-29 02:18:24.980189+02:00
[00:18:25] Successful get url: https://www.bing.com/th?id=OHR.SantaCatarina_FR-FR8615743181_UHD.jpg
[00:18:25] Picture infomations saved to  global/fr-FR/README.md
[00:18:25] Picture infomations saved to global/fr-FR/history/2026/08/29_fr-FR.md
[00:18:25] Start geting global Bing Wallpaper, region=de-DE, local time is 2026-08-29 02:18:25.646070+02:00
[00:18:25] Successful get url: https://www.bing.com/th?id=OHR.SantaCatarina_DE-DE7458345257_UHD.jpg
[00:18:26] Picture infomations saved to  global/de-DE/README.md
[00:18:26] Picture infomations saved to global/de-DE/history/2026/08/29_de-DE.md
[00:18:26] Start geting global Bing Wallpaper, region=en-CA, local time is 2026-08-28 20:18:26.023692-04:00
[00:18:26] Successful get url: https://www.bing.com/th?id=OHR.MichelSunset_EN-CA0604318625_UHD.jpg
[00:18:26] Picture infomations saved to  global/en-CA/README.md
[00:18:26] Picture infomations saved to global/en-CA/history/2026/08/29_en-CA.md
[00:18:26] Start geting global Bing Wallpaper, region=en-GB, local time is 2026-08-29 01:18:26.544769+01:00
[00:18:26] Successful get url: https://www.bing.com/th?id=OHR.NottingHillCarnival2026_EN-GB1828107135_UHD.jpg
[00:18:26] Picture infomations saved to  global/en-GB/README.md
[00:18:26] Picture infomations saved to global/en-GB/history/2026/08/29_en-GB.md
[00:18:26] Start geting global Bing Wallpaper, region=it-IT, local time is 2026-08-29 02:18:26.883039+02:00
[00:18:26] Successful get url: https://www.bing.com/th?id=OHR.SantaCatarina_IT-IT1605956723_UHD.jpg
[00:18:27] Picture infomations saved to  global/it-IT/README.md
[00:18:27] Picture infomations saved to global/it-IT/history/2026/08/29_it-IT.md
[00:18:27] Start geting global Bing Wallpaper, region=es-ES, local time is 2026-08-29 02:18:27.165378+02:00
[00:18:27] Successful get url: https://www.bing.com/th?id=OHR.SantaCatarina_ES-ES9631069615_UHD.jpg
[00:18:27] Picture infomations saved to  global/es-ES/README.md
[00:18:27] Picture infomations saved to global/es-ES/history/2026/08/29_es-ES.md
[00:18:27] Start geting global Bing Wallpaper, region=fr-CA, local time is 2026-08-28 20:18:27.706838-04:00
[00:18:27] Successful get url: https://www.bing.com/th?id=OHR.MichelSunset_FR-CA7208916628_UHD.jpg
[00:18:28] Picture infomations saved to  global/fr-CA/README.md
[00:18:28] Picture infomations saved to global/fr-CA/history/2026/08/29_fr-CA.md
Program exit at 00:18:28

Program started at 14:26:39
Operating System Name: Linux
Operating System Version: #22-Ubuntu SMP Mon Jul 27 17:24:03 UTC 2026
System Architecture: ('64bit', 'ELF')
Computer Type: x86_64
Computer Name: runnervmgx7h7
Processor Type: x86_64
Python Version: 3.12.14
Python Interpreter Name: CPython
[14:26:39] Start geting CN Bing Wallpaper
[14:26:39] Successful get url: https://www.bing.com/th?id=OHR.SantaCatarina_ZH-CN4170292043_UHD.jpg
[14:26:39] Image saved to img/background.jpg
[14:26:39] Info saved to README.md
[14:26:39] Image saved to history/2026/08/29.md
[14:26:39] Start geting global Bing Wallpaper, region=en-US, local time is 2026-08-29 10:26:39.891563-04:00
[14:26:39] Successful get url: https://www.bing.com/th?id=OHR.SantaCatarina_EN-US3600536393_UHD.jpg
[14:26:40] Picture infomations saved to  global/en-US/README.md
[14:26:40] Picture infomations saved to global/en-US/history/2026/08/30_en-US.md
[14:26:40] Start geting global Bing Wallpaper, region=ja-JP, local time is 2026-08-29 23:26:40.142402+09:00
[14:26:40] Successful get url: https://www.bing.com/th?id=OHR.OmagariFireworks2026_JA-JP0416831919_UHD.jpg
[14:26:40] Picture infomations saved to  global/ja-JP/README.md
[14:26:40] Picture infomations saved to global/ja-JP/history/2026/08/29_ja-JP.md
[14:26:40] Start geting global Bing Wallpaper, region=en-IN, local time is 2026-08-29 19:56:40.394638+05:30
[14:26:40] Successful get url: https://www.bing.com/th?id=OHR.SantaCatarina_EN-IN0197195904_UHD.jpg
[14:26:40] Picture infomations saved to  global/en-IN/README.md
[14:26:40] Picture infomations saved to global/en-IN/history/2026/08/29_en-IN.md
[14:26:40] Start geting global Bing Wallpaper, region=pt-BR, local time is 2026-08-29 11:26:40.582090-03:00
[14:26:40] Successful get url: https://www.bing.com/th?id=OHR.SantaCatarina_PT-BR2149597812_UHD.jpg
[14:26:40] Picture infomations saved to  global/pt-BR/README.md
[14:26:40] Picture infomations saved to global/pt-BR/history/2026/08/30_pt-BR.md
[14:26:40] Start geting global Bing Wallpaper, region=fr-FR, local time is 2026-08-29 16:26:40.755576+02:00
[14:26:40] Successful get url: https://www.bing.com/th?id=OHR.SantaCatarina_FR-FR8615743181_UHD.jpg
[14:26:40] Picture infomations saved to  global/fr-FR/README.md
[14:26:40] Picture infomations saved to global/fr-FR/history/2026/08/29_fr-FR.md
[14:26:40] Start geting global Bing Wallpaper, region=de-DE, local time is 2026-08-29 16:26:40.956597+02:00
[14:26:41] Successful get url: https://www.bing.com/th?id=OHR.SantaCatarina_DE-DE7458345257_UHD.jpg
[14:26:41] Picture infomations saved to  global/de-DE/README.md
[14:26:41] Picture infomations saved to global/de-DE/history/2026/08/29_de-DE.md
[14:26:41] Start geting global Bing Wallpaper, region=en-CA, local time is 2026-08-29 10:26:41.120264-04:00
[14:26:41] Successful get url: https://www.bing.com/th?id=OHR.SantaCatarina_EN-CA1161995702_UHD.jpg
[14:26:41] Picture infomations saved to  global/en-CA/README.md
[14:26:41] Picture infomations saved to global/en-CA/history/2026/08/30_en-CA.md
[14:26:41] Start geting global Bing Wallpaper, region=en-GB, local time is 2026-08-29 15:26:41.301066+01:00
[14:26:41] Successful get url: https://www.bing.com/th?id=OHR.NottingHillCarnival2026_EN-GB1828107135_UHD.jpg
[14:26:41] Picture infomations saved to  global/en-GB/README.md
[14:26:41] Picture infomations saved to global/en-GB/history/2026/08/29_en-GB.md
[14:26:41] Start geting global Bing Wallpaper, region=it-IT, local time is 2026-08-29 16:26:41.634131+02:00
[14:26:41] Successful get url: https://www.bing.com/th?id=OHR.SantaCatarina_IT-IT1605956723_UHD.jpg
[14:26:41] Picture infomations saved to  global/it-IT/README.md
[14:26:41] Picture infomations saved to global/it-IT/history/2026/08/29_it-IT.md
[14:26:41] Start geting global Bing Wallpaper, region=es-ES, local time is 2026-08-29 16:26:41.857187+02:00
[14:26:41] Successful get url: https://www.bing.com/th?id=OHR.SantaCatarina_ES-ES9631069615_UHD.jpg
[14:26:42] Picture infomations saved to  global/es-ES/README.md
[14:26:42] Picture infomations saved to global/es-ES/history/2026/08/29_es-ES.md
[14:26:42] Start geting global Bing Wallpaper, region=fr-CA, local time is 2026-08-29 10:26:42.078674-04:00
[14:26:42] Successful get url: https://www.bing.com/th?id=OHR.SantaCatarina_FR-CA8739192894_UHD.jpg
[14:26:42] Picture infomations saved to  global/fr-CA/README.md
[14:26:42] Picture infomations saved to global/fr-CA/history/2026/08/30_fr-CA.md
Program exit at 14:26:42

Program started at 19:03:17
Operating System Name: Linux
Operating System Version: #22-Ubuntu SMP Mon Jul 27 17:24:03 UTC 2026
System Architecture: ('64bit', 'ELF')
Computer Type: x86_64
Computer Name: runnervmgx7h7
Processor Type: x86_64
Python Version: 3.12.14
Python Interpreter Name: CPython
[19:03:17] Start geting CN Bing Wallpaper
[19:03:17] Successful get url: https://www.bing.com/th?id=OHR.YellowShark_ZH-CN1570569826_UHD.jpg
[19:03:17] Image saved to img/background.jpg
[19:03:17] Info saved to README.md
[19:03:17] Image saved to history/2026/08/30.md
[19:03:17] Start geting global Bing Wallpaper, region=en-US, local time is 2026-08-29 15:03:17.591749-04:00
[19:03:17] Successful get url: https://www.bing.com/th?id=OHR.SantaCatarina_EN-US3600536393_UHD.jpg
[19:03:17] Picture infomations saved to  global/en-US/README.md
[19:03:17] Picture infomations saved to global/en-US/history/2026/08/30_en-US.md
[19:03:17] Start geting global Bing Wallpaper, region=ja-JP, local time is 2026-08-30 04:03:17.915158+09:00
[19:03:17] Successful get url: https://www.bing.com/th?id=OHR.YellowShark_JA-JP0572284773_UHD.jpg
[19:03:18] Picture infomations saved to  global/ja-JP/README.md
[19:03:18] Picture infomations saved to global/ja-JP/history/2026/08/30_ja-JP.md
[19:03:18] Start geting global Bing Wallpaper, region=en-IN, local time is 2026-08-30 00:33:18.061432+05:30
[19:03:18] Successful get url: https://www.bing.com/th?id=OHR.YellowShark_EN-IN0280820685_UHD.jpg
[19:03:18] Picture infomations saved to  global/en-IN/README.md
[19:03:18] Picture infomations saved to global/en-IN/history/2026/08/30_en-IN.md
[19:03:18] Start geting global Bing Wallpaper, region=pt-BR, local time is 2026-08-29 16:03:18.180913-03:00
[19:03:18] Successful get url: https://www.bing.com/th?id=OHR.SantaCatarina_PT-BR2149597812_UHD.jpg
[19:03:18] Picture infomations saved to  global/pt-BR/README.md
[19:03:18] Picture infomations saved to global/pt-BR/history/2026/08/30_pt-BR.md
[19:03:18] Start geting global Bing Wallpaper, region=fr-FR, local time is 2026-08-29 21:03:18.304095+02:00
[19:03:18] Successful get url: https://www.bing.com/th?id=OHR.SantaCatarina_FR-FR8615743181_UHD.jpg
[19:03:18] Picture infomations saved to  global/fr-FR/README.md
[19:03:18] Picture infomations saved to global/fr-FR/history/2026/08/29_fr-FR.md
[19:03:18] Start geting global Bing Wallpaper, region=de-DE, local time is 2026-08-29 21:03:18.927703+02:00
[19:03:18] Successful get url: https://www.bing.com/th?id=OHR.SantaCatarina_DE-DE7458345257_UHD.jpg
[19:03:19] Picture infomations saved to  global/de-DE/README.md
[19:03:19] Picture infomations saved to global/de-DE/history/2026/08/29_de-DE.md
[19:03:19] Start geting global Bing Wallpaper, region=en-CA, local time is 2026-08-29 15:03:19.095205-04:00
[19:03:19] Successful get url: https://www.bing.com/th?id=OHR.SantaCatarina_EN-CA1161995702_UHD.jpg
[19:03:19] Picture infomations saved to  global/en-CA/README.md
[19:03:19] Picture infomations saved to global/en-CA/history/2026/08/30_en-CA.md
[19:03:19] Start geting global Bing Wallpaper, region=en-GB, local time is 2026-08-29 20:03:19.258480+01:00
[19:03:19] Successful get url: https://www.bing.com/th?id=OHR.NottingHillCarnival2026_EN-GB1828107135_UHD.jpg
[19:03:19] Picture infomations saved to  global/en-GB/README.md
[19:03:19] Picture infomations saved to global/en-GB/history/2026/08/29_en-GB.md
[19:03:19] Start geting global Bing Wallpaper, region=it-IT, local time is 2026-08-29 21:03:19.378984+02:00
[19:03:19] Successful get url: https://www.bing.com/th?id=OHR.SantaCatarina_IT-IT1605956723_UHD.jpg
[19:03:19] Picture infomations saved to  global/it-IT/README.md
[19:03:19] Picture infomations saved to global/it-IT/history/2026/08/29_it-IT.md
[19:03:19] Start geting global Bing Wallpaper, region=es-ES, local time is 2026-08-29 21:03:19.525779+02:00
[19:03:19] Successful get url: https://www.bing.com/th?id=OHR.SantaCatarina_ES-ES9631069615_UHD.jpg
[19:03:19] Picture infomations saved to  global/es-ES/README.md
[19:03:19] Picture infomations saved to global/es-ES/history/2026/08/29_es-ES.md
[19:03:19] Start geting global Bing Wallpaper, region=fr-CA, local time is 2026-08-29 15:03:19.684801-04:00
[19:03:19] Successful get url: https://www.bing.com/th?id=OHR.SantaCatarina_FR-CA8739192894_UHD.jpg
[19:03:20] Picture infomations saved to  global/fr-CA/README.md
[19:03:20] Picture infomations saved to global/fr-CA/history/2026/08/30_fr-CA.md
Program exit at 19:03:20
