
Program started at 09:47:51
Operating System Name: Linux
Operating System Version: #22-Ubuntu SMP Mon Jul 27 17:24:03 UTC 2026
System Architecture: ('64bit', 'ELF')
Computer Type: x86_64
Computer Name: runnervm76f27
Processor Type: x86_64
Python Version: 3.12.14
Python Interpreter Name: CPython
[09:47:51] Start geting CN Bing Wallpaper
[09:47:51] Successful get url: https://www.bing.com/th?id=OHR.LynnCanalOrca_ZH-CN0719217908_UHD.jpg
[09:47:51] Image saved to img/background.jpg
[09:47:51] Info saved to README.md
[09:47:51] Image saved to history/2026/08/20.md
[09:47:51] Start geting global Bing Wallpaper, region=en-US, local time is 2026-08-20 05:47:51.977716-04:00
[09:47:52] Successful get url: https://www.bing.com/th?id=OHR.LynnCanalOrca_EN-US0537229184_UHD.jpg
[09:47:52] Picture infomations saved to  global/en-US/README.md
[09:47:52] Picture infomations saved to global/en-US/history/2026/08/21_en-US.md
[09:47:52] Start geting global Bing Wallpaper, region=ja-JP, local time is 2026-08-20 18:47:52.329513+09:00
[09:47:52] Successful get url: https://www.bing.com/th?id=OHR.LynnCanalOrca_JA-JP7810665550_UHD.jpg
[09:47:52] Picture infomations saved to  global/ja-JP/README.md
[09:47:52] Picture infomations saved to global/ja-JP/history/2026/08/20_ja-JP.md
[09:47:52] Start geting global Bing Wallpaper, region=en-IN, local time is 2026-08-20 15:17:52.655773+05:30
[09:47:52] Successful get url: https://www.bing.com/th?id=OHR.LynnCanalOrca_EN-IN2125273963_UHD.jpg
[09:47:53] Picture infomations saved to  global/en-IN/README.md
[09:47:53] Picture infomations saved to global/en-IN/history/2026/08/20_en-IN.md
[09:47:53] Start geting global Bing Wallpaper, region=pt-BR, local time is 2026-08-20 06:47:53.022163-03:00
[09:47:53] Successful get url: https://www.bing.com/th?id=OHR.LynnCanalOrca_PT-BR5511829673_UHD.jpg
[09:47:53] Picture infomations saved to  global/pt-BR/README.md
[09:47:53] Picture infomations saved to global/pt-BR/history/2026/08/21_pt-BR.md
[09:47:53] Start geting global Bing Wallpaper, region=fr-FR, local time is 2026-08-20 11:47:53.279542+02:00
[09:47:53] Successful get url: https://www.bing.com/th?id=OHR.LynnCanalOrca_FR-FR3710534707_UHD.jpg
[09:47:53] Picture infomations saved to  global/fr-FR/README.md
[09:47:53] Picture infomations saved to global/fr-FR/history/2026/08/20_fr-FR.md
[09:47:53] Start geting global Bing Wallpaper, region=de-DE, local time is 2026-08-20 11:47:53.553937+02:00
[09:47:53] Successful get url: https://www.bing.com/th?id=OHR.LynnCanalOrca_DE-DE7566722719_UHD.jpg
[09:47:53] Picture infomations saved to  global/de-DE/README.md
[09:47:53] Picture infomations saved to global/de-DE/history/2026/08/20_de-DE.md
[09:47:53] Start geting global Bing Wallpaper, region=en-CA, local time is 2026-08-20 05:47:53.828023-04:00
[09:47:53] Successful get url: https://www.bing.com/th?id=OHR.LynnCanalOrca_EN-CA6813259779_UHD.jpg
[09:47:54] Picture infomations saved to  global/en-CA/README.md
[09:47:54] Picture infomations saved to global/en-CA/history/2026/08/21_en-CA.md
[09:47:54] Start geting global Bing Wallpaper, region=en-GB, local time is 2026-08-20 10:47:54.167990+01:00
[09:47:54] Successful get url: https://www.bing.com/th?id=OHR.LynnCanalOrca_EN-GB6204959413_UHD.jpg
[09:47:54] Picture infomations saved to  global/en-GB/README.md
[09:47:54] Picture infomations saved to global/en-GB/history/2026/08/20_en-GB.md
[09:47:54] Start geting global Bing Wallpaper, region=it-IT, local time is 2026-08-20 11:47:54.460714+02:00
[09:47:54] Successful get url: https://www.bing.com/th?id=OHR.LynnCanalOrca_IT-IT4270143164_UHD.jpg
[09:47:54] Picture infomations saved to  global/it-IT/README.md
[09:47:54] Picture infomations saved to global/it-IT/history/2026/08/20_it-IT.md
[09:47:54] Start geting global Bing Wallpaper, region=es-ES, local time is 2026-08-20 11:47:54.734900+02:00
[09:47:54] Successful get url: https://www.bing.com/th?id=OHR.LynnCanalOrca_ES-ES3652598331_UHD.jpg
[09:47:55] Picture infomations saved to  global/es-ES/README.md
[09:47:55] Picture infomations saved to global/es-ES/history/2026/08/20_es-ES.md
[09:47:55] Start geting global Bing Wallpaper, region=fr-CA, local time is 2026-08-20 05:47:55.051726-04:00
[09:47:55] Successful get url: https://www.bing.com/th?id=OHR.LynnCanalOrca_FR-CA5672693565_UHD.jpg
[09:47:55] Picture infomations saved to  global/fr-CA/README.md
[09:47:55] Picture infomations saved to global/fr-CA/history/2026/08/21_fr-CA.md
Program exit at 09:47:55

Program started at 16:25:36
Operating System Name: Linux
Operating System Version: #22-Ubuntu SMP Mon Jul 27 17:24:03 UTC 2026
System Architecture: ('64bit', 'ELF')
Computer Type: x86_64
Computer Name: runnervm76f27
Processor Type: x86_64
Python Version: 3.12.14
Python Interpreter Name: CPython
[16:25:36] Start geting CN Bing Wallpaper
[16:25:36] Successful get url: https://www.bing.com/th?id=OHR.JulierPass_ZH-CN3064797820_UHD.jpg
[16:25:36] Image saved to img/background.jpg
[16:25:36] Info saved to README.md
[16:25:36] Image saved to history/2026/08/21.md
[16:25:36] Start geting global Bing Wallpaper, region=en-US, local time is 2026-08-20 12:25:36.875696-04:00
[16:25:36] Successful get url: https://www.bing.com/th?id=OHR.LynnCanalOrca_EN-US0537229184_UHD.jpg
[16:25:37] Picture infomations saved to  global/en-US/README.md
[16:25:37] Picture infomations saved to global/en-US/history/2026/08/21_en-US.md
[16:25:37] Start geting global Bing Wallpaper, region=ja-JP, local time is 2026-08-21 01:25:37.043225+09:00
[16:25:37] Successful get url: https://www.bing.com/th?id=OHR.JulierPass_JA-JP8487146662_UHD.jpg
[16:25:37] Picture infomations saved to  global/ja-JP/README.md
[16:25:37] Picture infomations saved to global/ja-JP/history/2026/08/21_ja-JP.md
[16:25:37] Start geting global Bing Wallpaper, region=en-IN, local time is 2026-08-20 21:55:37.219418+05:30
[16:25:37] Successful get url: https://www.bing.com/th?id=OHR.LynnCanalOrca_EN-IN2125273963_UHD.jpg
[16:25:37] Picture infomations saved to  global/en-IN/README.md
[16:25:37] Picture infomations saved to global/en-IN/history/2026/08/20_en-IN.md
[16:25:37] Start geting global Bing Wallpaper, region=pt-BR, local time is 2026-08-20 13:25:37.389572-03:00
[16:25:37] Successful get url: https://www.bing.com/th?id=OHR.LynnCanalOrca_PT-BR5511829673_UHD.jpg
[16:25:37] Picture infomations saved to  global/pt-BR/README.md
[16:25:37] Picture infomations saved to global/pt-BR/history/2026/08/21_pt-BR.md
[16:25:37] Start geting global Bing Wallpaper, region=fr-FR, local time is 2026-08-20 18:25:37.544904+02:00
[16:25:37] Successful get url: https://www.bing.com/th?id=OHR.LynnCanalOrca_FR-FR3710534707_UHD.jpg
[16:25:37] Picture infomations saved to  global/fr-FR/README.md
[16:25:37] Picture infomations saved to global/fr-FR/history/2026/08/20_fr-FR.md
[16:25:37] Start geting global Bing Wallpaper, region=de-DE, local time is 2026-08-20 18:25:37.713283+02:00
[16:25:37] Successful get url: https://www.bing.com/th?id=OHR.LynnCanalOrca_DE-DE7566722719_UHD.jpg
[16:25:38] Picture infomations saved to  global/de-DE/README.md
[16:25:38] Picture infomations saved to global/de-DE/history/2026/08/20_de-DE.md
[16:25:38] Start geting global Bing Wallpaper, region=en-CA, local time is 2026-08-20 12:25:38.039907-04:00
[16:25:38] Successful get url: https://www.bing.com/th?id=OHR.LynnCanalOrca_EN-CA6813259779_UHD.jpg
[16:25:38] Picture infomations saved to  global/en-CA/README.md
[16:25:38] Picture infomations saved to global/en-CA/history/2026/08/21_en-CA.md
[16:25:38] Start geting global Bing Wallpaper, region=en-GB, local time is 2026-08-20 17:25:38.249822+01:00
[16:25:38] Successful get url: https://www.bing.com/th?id=OHR.LynnCanalOrca_EN-GB6204959413_UHD.jpg
[16:25:38] Picture infomations saved to  global/en-GB/README.md
[16:25:38] Picture infomations saved to global/en-GB/history/2026/08/20_en-GB.md
[16:25:38] Start geting global Bing Wallpaper, region=it-IT, local time is 2026-08-20 18:25:38.498491+02:00
[16:25:38] Successful get url: https://www.bing.com/th?id=OHR.LynnCanalOrca_IT-IT4270143164_UHD.jpg
[16:25:38] Picture infomations saved to  global/it-IT/README.md
[16:25:38] Picture infomations saved to global/it-IT/history/2026/08/20_it-IT.md
[16:25:38] Start geting global Bing Wallpaper, region=es-ES, local time is 2026-08-20 18:25:38.738974+02:00
[16:25:38] Successful get url: https://www.bing.com/th?id=OHR.LynnCanalOrca_ES-ES3652598331_UHD.jpg
[16:25:38] Picture infomations saved to  global/es-ES/README.md
[16:25:38] Picture infomations saved to global/es-ES/history/2026/08/20_es-ES.md
[16:25:38] Start geting global Bing Wallpaper, region=fr-CA, local time is 2026-08-20 12:25:38.906992-04:00
[16:25:38] Successful get url: https://www.bing.com/th?id=OHR.LynnCanalOrca_FR-CA5672693565_UHD.jpg
[16:25:39] Picture infomations saved to  global/fr-CA/README.md
[16:25:39] Picture infomations saved to global/fr-CA/history/2026/08/21_fr-CA.md
Program exit at 16:25:39
