
Program started at 15:54:33
Operating System Name: Linux
Operating System Version: #22-Ubuntu SMP Mon Jul 27 17:24:03 UTC 2026
System Architecture: ('64bit', 'ELF')
Computer Type: x86_64
Computer Name: runnervm8df0l
Processor Type: x86_64
Python Version: 3.12.14
Python Interpreter Name: CPython
[15:54:33] Start geting CN Bing Wallpaper
[15:54:33] Successful get url: https://www.bing.com/th?id=OHR.DanxiaLandform_ZH-CN2386060246_UHD.jpg
[15:54:33] Image saved to img/background.jpg
[15:54:33] Info saved to README.md
[15:54:33] Image saved to history/2026/10/06.md
[15:54:33] Start geting global Bing Wallpaper, region=en-US, local time is 2026-10-06 11:54:33.724033-04:00
[15:54:33] Successful get url: https://www.bing.com/th?id=OHR.DanxiaLandform_EN-US5459628079_UHD.jpg
[15:54:33] Picture infomations saved to  global/en-US/README.md
[15:54:33] Picture infomations saved to global/en-US/history/2026/10/07_en-US.md
[15:54:33] Start geting global Bing Wallpaper, region=ja-JP, local time is 2026-10-07 00:54:33.962008+09:00
[15:54:34] Successful get url: https://www.bing.com/th?id=OHR.ForestofDean_JA-JP0675230191_UHD.jpg
[15:54:34] Picture infomations saved to  global/ja-JP/README.md
[15:54:34] Picture infomations saved to global/ja-JP/history/2026/10/07_ja-JP.md
[15:54:34] Start geting global Bing Wallpaper, region=en-IN, local time is 2026-10-06 21:24:34.305121+05:30
[15:54:34] Successful get url: https://www.bing.com/th?id=OHR.DanxiaLandform_EN-IN7469232165_UHD.jpg
[15:54:34] Picture infomations saved to  global/en-IN/README.md
[15:54:34] Picture infomations saved to global/en-IN/history/2026/10/06_en-IN.md
[15:54:34] Start geting global Bing Wallpaper, region=pt-BR, local time is 2026-10-06 12:54:34.860512-03:00
[15:54:34] Successful get url: https://www.bing.com/th?id=OHR.DanxiaLandform_PT-BR7632834539_UHD.jpg
[15:54:35] Picture infomations saved to  global/pt-BR/README.md
[15:54:35] Picture infomations saved to global/pt-BR/history/2026/10/07_pt-BR.md
[15:54:35] Start geting global Bing Wallpaper, region=fr-FR, local time is 2026-10-06 17:54:35.055993+02:00
[15:54:35] Successful get url: https://www.bing.com/th?id=OHR.DanxiaLandform_FR-FR1547265147_UHD.jpg
[15:54:35] Picture infomations saved to  global/fr-FR/README.md
[15:54:35] Picture infomations saved to global/fr-FR/history/2026/10/06_fr-FR.md
[15:54:35] Start geting global Bing Wallpaper, region=de-DE, local time is 2026-10-06 17:54:35.313369+02:00
[15:54:35] Successful get url: https://www.bing.com/th?id=OHR.DanxiaLandform_DE-DE4675912635_UHD.jpg
[15:54:35] Picture infomations saved to  global/de-DE/README.md
[15:54:35] Picture infomations saved to global/de-DE/history/2026/10/06_de-DE.md
[15:54:35] Start geting global Bing Wallpaper, region=en-CA, local time is 2026-10-06 11:54:35.464243-04:00
[15:54:35] Successful get url: https://www.bing.com/th?id=OHR.DanxiaLandform_EN-CA0294271100_UHD.jpg
[15:54:35] Picture infomations saved to  global/en-CA/README.md
[15:54:35] Picture infomations saved to global/en-CA/history/2026/10/07_en-CA.md
[15:54:35] Start geting global Bing Wallpaper, region=en-GB, local time is 2026-10-06 16:54:35.671799+01:00
[15:54:35] Successful get url: https://www.bing.com/th?id=OHR.DanxiaLandform_EN-GB2873051697_UHD.jpg
[15:54:36] Picture infomations saved to  global/en-GB/README.md
[15:54:36] Picture infomations saved to global/en-GB/history/2026/10/06_en-GB.md
[15:54:36] Start geting global Bing Wallpaper, region=it-IT, local time is 2026-10-06 17:54:36.171882+02:00
[15:54:36] Successful get url: https://www.bing.com/th?id=OHR.DanxiaLandform_IT-IT8922583550_UHD.jpg
[15:54:36] Picture infomations saved to  global/it-IT/README.md
[15:54:36] Picture infomations saved to global/it-IT/history/2026/10/06_it-IT.md
[15:54:36] Start geting global Bing Wallpaper, region=es-ES, local time is 2026-10-06 17:54:36.896888+02:00
[15:54:36] Successful get url: https://www.bing.com/th?id=OHR.DanxiaLandform_ES-ES4557489111_UHD.jpg
[15:54:37] Picture infomations saved to  global/es-ES/README.md
[15:54:37] Picture infomations saved to global/es-ES/history/2026/10/06_es-ES.md
[15:54:37] Start geting global Bing Wallpaper, region=fr-CA, local time is 2026-10-06 11:54:37.109550-04:00
[15:54:37] Successful get url: https://www.bing.com/th?id=OHR.DanxiaLandform_FR-CA2247822289_UHD.jpg
[15:54:37] Picture infomations saved to  global/fr-CA/README.md
[15:54:37] Picture infomations saved to global/fr-CA/history/2026/10/07_fr-CA.md
Program exit at 15:54:37

Program started at 20:42:26
Operating System Name: Linux
Operating System Version: #22-Ubuntu SMP Mon Jul 27 17:24:03 UTC 2026
System Architecture: ('64bit', 'ELF')
Computer Type: x86_64
Computer Name: runnervmmprz5
Processor Type: x86_64
Python Version: 3.12.15
Python Interpreter Name: CPython
[20:42:26] Start geting CN Bing Wallpaper
[20:42:26] Successful get url: https://www.bing.com/th?id=OHR.ForestofDean_ZH-CN2654753621_UHD.jpg
[20:42:26] Image saved to img/background.jpg
[20:42:26] Info saved to README.md
[20:42:26] Image saved to history/2026/10/07.md
[20:42:26] Start geting global Bing Wallpaper, region=en-US, local time is 2026-10-06 16:42:26.988725-04:00
[20:42:27] Successful get url: https://www.bing.com/th?id=OHR.DanxiaLandform_EN-US5459628079_UHD.jpg
[20:42:27] Picture infomations saved to  global/en-US/README.md
[20:42:27] Picture infomations saved to global/en-US/history/2026/10/07_en-US.md
[20:42:27] Start geting global Bing Wallpaper, region=ja-JP, local time is 2026-10-07 05:42:27.173898+09:00
[20:42:27] Successful get url: https://www.bing.com/th?id=OHR.ForestofDean_JA-JP0675230191_UHD.jpg
[20:42:27] Picture infomations saved to  global/ja-JP/README.md
[20:42:27] Picture infomations saved to global/ja-JP/history/2026/10/07_ja-JP.md
[20:42:27] Start geting global Bing Wallpaper, region=en-IN, local time is 2026-10-07 02:12:27.346696+05:30
[20:42:27] Successful get url: https://www.bing.com/th?id=OHR.ForestofDean_EN-IN7618980046_UHD.jpg
[20:42:27] Picture infomations saved to  global/en-IN/README.md
[20:42:27] Picture infomations saved to global/en-IN/history/2026/10/07_en-IN.md
[20:42:27] Start geting global Bing Wallpaper, region=pt-BR, local time is 2026-10-06 17:42:27.550414-03:00
[20:42:27] Successful get url: https://www.bing.com/th?id=OHR.DanxiaLandform_PT-BR7632834539_UHD.jpg
[20:42:27] Picture infomations saved to  global/pt-BR/README.md
[20:42:27] Picture infomations saved to global/pt-BR/history/2026/10/07_pt-BR.md
[20:42:27] Start geting global Bing Wallpaper, region=fr-FR, local time is 2026-10-06 22:42:27.714039+02:00
[20:42:27] Successful get url: https://www.bing.com/th?id=OHR.DanxiaLandform_FR-FR1547265147_UHD.jpg
[20:42:27] Picture infomations saved to  global/fr-FR/README.md
[20:42:27] Picture infomations saved to global/fr-FR/history/2026/10/06_fr-FR.md
[20:42:27] Start geting global Bing Wallpaper, region=de-DE, local time is 2026-10-06 22:42:27.889777+02:00
[20:42:27] Successful get url: https://www.bing.com/th?id=OHR.DanxiaLandform_DE-DE4675912635_UHD.jpg
[20:42:28] Picture infomations saved to  global/de-DE/README.md
[20:42:28] Picture infomations saved to global/de-DE/history/2026/10/06_de-DE.md
[20:42:28] Start geting global Bing Wallpaper, region=en-CA, local time is 2026-10-06 16:42:28.241786-04:00
[20:42:28] Successful get url: https://www.bing.com/th?id=OHR.DanxiaLandform_EN-CA0294271100_UHD.jpg
[20:42:28] Picture infomations saved to  global/en-CA/README.md
[20:42:28] Picture infomations saved to global/en-CA/history/2026/10/07_en-CA.md
[20:42:28] Start geting global Bing Wallpaper, region=en-GB, local time is 2026-10-06 21:42:28.535372+01:00
[20:42:28] Successful get url: https://www.bing.com/th?id=OHR.DanxiaLandform_EN-GB2873051697_UHD.jpg
[20:42:28] Picture infomations saved to  global/en-GB/README.md
[20:42:28] Picture infomations saved to global/en-GB/history/2026/10/06_en-GB.md
[20:42:28] Start geting global Bing Wallpaper, region=it-IT, local time is 2026-10-06 22:42:28.740387+02:00
[20:42:28] Successful get url: https://www.bing.com/th?id=OHR.DanxiaLandform_IT-IT8922583550_UHD.jpg
[20:42:28] Picture infomations saved to  global/it-IT/README.md
[20:42:28] Picture infomations saved to global/it-IT/history/2026/10/06_it-IT.md
[20:42:28] Start geting global Bing Wallpaper, region=es-ES, local time is 2026-10-06 22:42:28.949226+02:00
[20:42:28] Successful get url: https://www.bing.com/th?id=OHR.DanxiaLandform_ES-ES4557489111_UHD.jpg
[20:42:29] Picture infomations saved to  global/es-ES/README.md
[20:42:29] Picture infomations saved to global/es-ES/history/2026/10/06_es-ES.md
[20:42:29] Start geting global Bing Wallpaper, region=fr-CA, local time is 2026-10-06 16:42:29.449156-04:00
[20:42:29] Successful get url: https://www.bing.com/th?id=OHR.DanxiaLandform_FR-CA2247822289_UHD.jpg
[20:42:29] Picture infomations saved to  global/fr-CA/README.md
[20:42:29] Picture infomations saved to global/fr-CA/history/2026/10/07_fr-CA.md
Program exit at 20:42:29
