
Program started at 16:26:30
Operating System Name: Linux
Operating System Version: #22-Ubuntu SMP Mon Jul 27 17:24:03 UTC 2026
System Architecture: ('64bit', 'ELF')
Computer Type: x86_64
Computer Name: runnervmmprz5
Processor Type: x86_64
Python Version: 3.12.15
Python Interpreter Name: CPython
[16:26:30] Start geting CN Bing Wallpaper
[16:26:30] Successful get url: https://www.bing.com/th?id=OHR.IlesSanguinaires_ZH-CN3149346035_UHD.jpg
[16:26:30] Image saved to img/background.jpg
[16:26:30] Info saved to README.md
[16:26:30] Image saved to history/2026/10/09.md
[16:26:30] Start geting global Bing Wallpaper, region=en-US, local time is 2026-10-08 12:26:30.778714-04:00
[16:26:30] Successful get url: https://www.bing.com/th?id=OHR.MayotteOctopus_EN-US5694987016_UHD.jpg
[16:26:30] Picture infomations saved to  global/en-US/README.md
[16:26:30] Picture infomations saved to global/en-US/history/2026/10/09_en-US.md
[16:26:30] Start geting global Bing Wallpaper, region=ja-JP, local time is 2026-10-09 01:26:30.902016+09:00
[16:26:30] Successful get url: https://www.bing.com/th?id=OHR.IlesSanguinaires_JA-JP1377358410_UHD.jpg
[16:26:31] Picture infomations saved to  global/ja-JP/README.md
[16:26:31] Picture infomations saved to global/ja-JP/history/2026/10/09_ja-JP.md
[16:26:31] Start geting global Bing Wallpaper, region=en-IN, local time is 2026-10-08 21:56:31.241791+05:30
[16:26:31] Successful get url: https://www.bing.com/th?id=OHR.MayotteOctopus_EN-IN7698524475_UHD.jpg
[16:26:31] Picture infomations saved to  global/en-IN/README.md
[16:26:31] Picture infomations saved to global/en-IN/history/2026/10/08_en-IN.md
[16:26:31] Start geting global Bing Wallpaper, region=pt-BR, local time is 2026-10-08 13:26:31.404430-03:00
[16:26:31] Successful get url: https://www.bing.com/th?id=OHR.MayotteOctopus_PT-BR8613458745_UHD.jpg
[16:26:31] Picture infomations saved to  global/pt-BR/README.md
[16:26:31] Picture infomations saved to global/pt-BR/history/2026/10/09_pt-BR.md
[16:26:31] Start geting global Bing Wallpaper, region=fr-FR, local time is 2026-10-08 18:26:31.537161+02:00
[16:26:31] Successful get url: https://www.bing.com/th?id=OHR.MayotteOctopus_FR-FR2063163267_UHD.jpg
[16:26:31] Picture infomations saved to  global/fr-FR/README.md
[16:26:31] Picture infomations saved to global/fr-FR/history/2026/10/08_fr-FR.md
[16:26:31] Start geting global Bing Wallpaper, region=de-DE, local time is 2026-10-08 18:26:31.766503+02:00
[16:26:31] Successful get url: https://www.bing.com/th?id=OHR.MayotteOctopus_DE-DE5307771405_UHD.jpg
[16:26:31] Picture infomations saved to  global/de-DE/README.md
[16:26:31] Picture infomations saved to global/de-DE/history/2026/10/08_de-DE.md
[16:26:31] Start geting global Bing Wallpaper, region=en-CA, local time is 2026-10-08 12:26:31.977485-04:00
[16:26:32] Successful get url: https://www.bing.com/th?id=OHR.MayotteOctopus_EN-CA1051460797_UHD.jpg
[16:26:32] Picture infomations saved to  global/en-CA/README.md
[16:26:32] Picture infomations saved to global/en-CA/history/2026/10/09_en-CA.md
[16:26:32] Start geting global Bing Wallpaper, region=en-GB, local time is 2026-10-08 17:26:32.131617+01:00
[16:26:32] Successful get url: https://www.bing.com/th?id=OHR.MayotteOctopus_EN-GB3076987688_UHD.jpg
[16:26:32] Picture infomations saved to  global/en-GB/README.md
[16:26:32] Picture infomations saved to global/en-GB/history/2026/10/08_en-GB.md
[16:26:32] Start geting global Bing Wallpaper, region=it-IT, local time is 2026-10-08 18:26:32.331629+02:00
[16:26:32] Successful get url: https://www.bing.com/th?id=OHR.MayotteOctopus_IT-IT1227542362_UHD.jpg
[16:26:32] Picture infomations saved to  global/it-IT/README.md
[16:26:32] Picture infomations saved to global/it-IT/history/2026/10/08_it-IT.md
[16:26:32] Start geting global Bing Wallpaper, region=es-ES, local time is 2026-10-08 18:26:32.550715+02:00
[16:26:32] Successful get url: https://www.bing.com/th?id=OHR.MayotteOctopus_ES-ES3892391318_UHD.jpg
[16:26:32] Picture infomations saved to  global/es-ES/README.md
[16:26:32] Picture infomations saved to global/es-ES/history/2026/10/08_es-ES.md
[16:26:32] Start geting global Bing Wallpaper, region=fr-CA, local time is 2026-10-08 12:26:32.704832-04:00
[16:26:32] Successful get url: https://www.bing.com/th?id=OHR.MayotteOctopus_FR-CA2353446611_UHD.jpg
[16:26:33] Picture infomations saved to  global/fr-CA/README.md
[16:26:33] Picture infomations saved to global/fr-CA/history/2026/10/09_fr-CA.md
Program exit at 16:26:33
