
Program started at 15:19:53
Operating System Name: Linux
Operating System Version: #22-Ubuntu SMP Mon Jul 27 17:24:03 UTC 2026
System Architecture: ('64bit', 'ELF')
Computer Type: x86_64
Computer Name: runnervmmprz5
Processor Type: x86_64
Python Version: 3.12.15
Python Interpreter Name: CPython
[15:19:53] Start geting CN Bing Wallpaper
[15:19:53] Successful get url: https://www.bing.com/th?id=OHR.CormorantsFlight_ZH-CN0770863330_UHD.jpg
[15:19:53] Image saved to img/background.jpg
[15:19:53] Info saved to README.md
[15:19:53] Image saved to history/2026/10/10.md
[15:19:53] Start geting global Bing Wallpaper, region=en-US, local time is 2026-10-10 11:19:53.828270-04:00
[15:19:53] Successful get url: https://www.bing.com/th?id=OHR.CormorantsFlight_EN-US5972403355_UHD.jpg
[15:19:53] Picture infomations saved to  global/en-US/README.md
[15:19:53] Picture infomations saved to global/en-US/history/2026/10/11_en-US.md
[15:19:53] Start geting global Bing Wallpaper, region=ja-JP, local time is 2026-10-11 00:19:53.985493+09:00
[15:19:54] Successful get url: https://www.bing.com/th?id=OHR.BabcockSP_JA-JP1996620132_UHD.jpg
[15:19:54] Picture infomations saved to  global/ja-JP/README.md
[15:19:54] Picture infomations saved to global/ja-JP/history/2026/10/11_ja-JP.md
[15:19:54] Start geting global Bing Wallpaper, region=en-IN, local time is 2026-10-10 20:49:54.169747+05:30
[15:19:54] Successful get url: https://www.bing.com/th?id=OHR.CormorantsFlight_EN-IN8066576004_UHD.jpg
[15:19:54] Picture infomations saved to  global/en-IN/README.md
[15:19:54] Picture infomations saved to global/en-IN/history/2026/10/10_en-IN.md
[15:19:54] Start geting global Bing Wallpaper, region=pt-BR, local time is 2026-10-10 12:19:54.358936-03:00
[15:19:54] Successful get url: https://www.bing.com/th?id=OHR.CormorantsFlight_PT-BR9427423298_UHD.jpg
[15:19:54] Picture infomations saved to  global/pt-BR/README.md
[15:19:54] Picture infomations saved to global/pt-BR/history/2026/10/11_pt-BR.md
[15:19:54] Start geting global Bing Wallpaper, region=fr-FR, local time is 2026-10-10 17:19:54.596423+02:00
[15:19:54] Successful get url: https://www.bing.com/th?id=OHR.ArtemisRocket_FR-FR7987344274_UHD.jpg
[15:19:54] Picture infomations saved to  global/fr-FR/README.md
[15:19:54] Picture infomations saved to global/fr-FR/history/2026/10/10_fr-FR.md
[15:19:54] Start geting global Bing Wallpaper, region=de-DE, local time is 2026-10-10 17:19:54.736075+02:00
[15:19:54] Successful get url: https://www.bing.com/th?id=OHR.CormorantsFlight_DE-DE5717719144_UHD.jpg
[15:19:54] Picture infomations saved to  global/de-DE/README.md
[15:19:54] Picture infomations saved to global/de-DE/history/2026/10/10_de-DE.md
[15:19:54] Start geting global Bing Wallpaper, region=en-CA, local time is 2026-10-10 11:19:54.873692-04:00
[15:19:54] Successful get url: https://www.bing.com/th?id=OHR.CormorantsFlight_EN-CA1602296581_UHD.jpg
[15:19:54] Picture infomations saved to  global/en-CA/README.md
[15:19:54] Picture infomations saved to global/en-CA/history/2026/10/11_en-CA.md
[15:19:54] Start geting global Bing Wallpaper, region=en-GB, local time is 2026-10-10 16:19:54.990938+01:00
[15:19:55] Successful get url: https://www.bing.com/th?id=OHR.CormorantsFlight_EN-GB3315477514_UHD.jpg
[15:19:55] Picture infomations saved to  global/en-GB/README.md
[15:19:55] Picture infomations saved to global/en-GB/history/2026/10/10_en-GB.md
[15:19:55] Start geting global Bing Wallpaper, region=it-IT, local time is 2026-10-10 17:19:55.225082+02:00
[15:19:55] Successful get url: https://www.bing.com/th?id=OHR.CormorantsFlight_IT-IT0012209213_UHD.jpg
[15:19:55] Picture infomations saved to  global/it-IT/README.md
[15:19:55] Picture infomations saved to global/it-IT/history/2026/10/10_it-IT.md
[15:19:55] Start geting global Bing Wallpaper, region=es-ES, local time is 2026-10-10 17:19:55.362600+02:00
[15:19:55] Successful get url: https://www.bing.com/th?id=OHR.ZaragozaBasilica_ES-ES1990532240_UHD.jpg
[15:19:56] Picture infomations saved to  global/es-ES/README.md
[15:19:56] Picture infomations saved to global/es-ES/history/2026/10/10_es-ES.md
[15:19:56] Start geting global Bing Wallpaper, region=fr-CA, local time is 2026-10-10 11:19:56.072189-04:00
[15:19:56] Successful get url: https://www.bing.com/th?id=OHR.CormorantsFlight_FR-CA9194690567_UHD.jpg
[15:19:56] Picture infomations saved to  global/fr-CA/README.md
[15:19:56] Picture infomations saved to global/fr-CA/history/2026/10/11_fr-CA.md
Program exit at 15:19:56
