
Program started at 16:23:30
Operating System Name: Linux
Operating System Version: #22-Ubuntu SMP Mon Jul 27 17:24:03 UTC 2026
System Architecture: ('64bit', 'ELF')
Computer Type: x86_64
Computer Name: runnervm8df0l
Processor Type: x86_64
Python Version: 3.12.14
Python Interpreter Name: CPython
[16:23:30] Start geting CN Bing Wallpaper
[16:23:31] Successful get url: https://www.bing.com/th?id=OHR.ChattoogaRiver_ZH-CN9453791496_UHD.jpg
[16:23:31] Image saved to img/background.jpg
[16:23:31] Info saved to README.md
[16:23:31] Image saved to history/2026/10/02.md
[16:23:31] Start geting global Bing Wallpaper, region=en-US, local time is 2026-10-01 12:23:31.147515-04:00
[16:23:31] Successful get url: https://www.bing.com/th?id=OHR.OlmstedPoint_EN-US0964858045_UHD.jpg
[16:23:31] Picture infomations saved to  global/en-US/README.md
[16:23:31] Picture infomations saved to global/en-US/history/2026/10/02_en-US.md
[16:23:31] Start geting global Bing Wallpaper, region=ja-JP, local time is 2026-10-02 01:23:31.309166+09:00
[16:23:31] Successful get url: https://www.bing.com/th?id=OHR.ChattoogaRiver_JA-JP8558662500_UHD.jpg
[16:23:31] Picture infomations saved to  global/ja-JP/README.md
[16:23:31] Picture infomations saved to global/ja-JP/history/2026/10/02_ja-JP.md
[16:23:31] Start geting global Bing Wallpaper, region=en-IN, local time is 2026-10-01 21:53:31.454812+05:30
[16:23:31] Successful get url: https://www.bing.com/th?id=OHR.NathmaljiHaveli2026_EN-IN9027003376_UHD.jpg
[16:23:31] Picture infomations saved to  global/en-IN/README.md
[16:23:31] Picture infomations saved to global/en-IN/history/2026/10/01_en-IN.md
[16:23:31] Start geting global Bing Wallpaper, region=pt-BR, local time is 2026-10-01 13:23:31.595259-03:00
[16:23:31] Successful get url: https://www.bing.com/th?id=OHR.GreenLake_PT-BR0948770849_UHD.jpg
[16:23:31] Picture infomations saved to  global/pt-BR/README.md
[16:23:31] Picture infomations saved to global/pt-BR/history/2026/10/02_pt-BR.md
[16:23:31] Start geting global Bing Wallpaper, region=fr-FR, local time is 2026-10-01 18:23:31.747470+02:00
[16:23:31] Successful get url: https://www.bing.com/th?id=OHR.ParisSunset_FR-FR0051640032_UHD.jpg
[16:23:31] Picture infomations saved to  global/fr-FR/README.md
[16:23:31] Picture infomations saved to global/fr-FR/history/2026/10/01_fr-FR.md
[16:23:31] Start geting global Bing Wallpaper, region=de-DE, local time is 2026-10-01 18:23:31.904292+02:00
[16:23:31] Successful get url: https://www.bing.com/th?id=OHR.BeardReedling_DE-DE4310310403_UHD.jpg
[16:23:32] Picture infomations saved to  global/de-DE/README.md
[16:23:32] Picture infomations saved to global/de-DE/history/2026/10/01_de-DE.md
[16:23:32] Start geting global Bing Wallpaper, region=en-CA, local time is 2026-10-01 12:23:32.110054-04:00
[16:23:32] Successful get url: https://www.bing.com/th?id=OHR.OlmstedPoint_EN-CA1947517359_UHD.jpg
[16:23:32] Picture infomations saved to  global/en-CA/README.md
[16:23:32] Picture infomations saved to global/en-CA/history/2026/10/02_en-CA.md
[16:23:32] Start geting global Bing Wallpaper, region=en-GB, local time is 2026-10-01 17:23:32.240652+01:00
[16:23:32] Successful get url: https://www.bing.com/th?id=OHR.BlackHistoryMonthUK2026_EN-GB9938862434_UHD.jpg
[16:23:32] Picture infomations saved to  global/en-GB/README.md
[16:23:32] Picture infomations saved to global/en-GB/history/2026/10/01_en-GB.md
[16:23:32] Start geting global Bing Wallpaper, region=it-IT, local time is 2026-10-01 18:23:32.370397+02:00
[16:23:32] Successful get url: https://www.bing.com/th?id=OHR.OlmstedPoint_IT-IT8819239294_UHD.jpg
[16:23:32] Picture infomations saved to  global/it-IT/README.md
[16:23:32] Picture infomations saved to global/it-IT/history/2026/10/01_it-IT.md
[16:23:32] Start geting global Bing Wallpaper, region=es-ES, local time is 2026-10-01 18:23:32.584173+02:00
[16:23:32] Successful get url: https://www.bing.com/th?id=OHR.ElGolfo_ES-ES8850772045_UHD.jpg
[16:23:32] Picture infomations saved to  global/es-ES/README.md
[16:23:32] Picture infomations saved to global/es-ES/history/2026/10/01_es-ES.md
[16:23:32] Start geting global Bing Wallpaper, region=fr-CA, local time is 2026-10-01 12:23:32.802556-04:00
[16:23:32] Successful get url: https://www.bing.com/th?id=OHR.OlmstedPoint_FR-CA5921347773_UHD.jpg
[16:23:33] Picture infomations saved to  global/fr-CA/README.md
[16:23:33] Picture infomations saved to global/fr-CA/history/2026/10/02_fr-CA.md
Program exit at 16:23:33
