
Program started at 15:45:06
Operating System Name: Linux
Operating System Version: #22-Ubuntu SMP Mon Jul 27 17:24:03 UTC 2026
System Architecture: ('64bit', 'ELF')
Computer Type: x86_64
Computer Name: runnervm8df0l
Processor Type: x86_64
Python Version: 3.12.14
Python Interpreter Name: CPython
[15:45:06] Start geting CN Bing Wallpaper
[15:45:06] Successful get url: https://www.bing.com/th?id=OHR.ChattoogaRiver_ZH-CN9453791496_UHD.jpg
[15:45:07] Image saved to img/background.jpg
[15:45:07] Info saved to README.md
[15:45:07] Image saved to history/2026/10/02.md
[15:45:07] Start geting global Bing Wallpaper, region=en-US, local time is 2026-10-02 11:45:07.532297-04:00
[15:45:07] Successful get url: https://www.bing.com/th?id=OHR.ChattoogaRiver_EN-US5042787453_UHD.jpg
[15:45:07] Picture infomations saved to  global/en-US/README.md
[15:45:07] Picture infomations saved to global/en-US/history/2026/10/03_en-US.md
[15:45:07] Start geting global Bing Wallpaper, region=ja-JP, local time is 2026-10-03 00:45:07.865799+09:00
[15:45:07] Successful get url: https://www.bing.com/th?id=OHR.AmmoniteFossils_JA-JP8778940090_UHD.jpg
[15:45:08] Picture infomations saved to  global/ja-JP/README.md
[15:45:08] Picture infomations saved to global/ja-JP/history/2026/10/03_ja-JP.md
[15:45:08] Start geting global Bing Wallpaper, region=en-IN, local time is 2026-10-02 21:15:08.367509+05:30
[15:45:08] Successful get url: https://www.bing.com/th?id=OHR.GandhiJayanti2026_EN-IN7052712451_UHD.jpg
[15:45:08] Picture infomations saved to  global/en-IN/README.md
[15:45:08] Picture infomations saved to global/en-IN/history/2026/10/02_en-IN.md
[15:45:08] Start geting global Bing Wallpaper, region=pt-BR, local time is 2026-10-02 12:45:08.878288-03:00
[15:45:08] Successful get url: https://www.bing.com/th?id=OHR.Camburiu_PT-BR9036477210_UHD.jpg
[15:45:09] Picture infomations saved to  global/pt-BR/README.md
[15:45:09] Picture infomations saved to global/pt-BR/history/2026/10/03_pt-BR.md
[15:45:09] Start geting global Bing Wallpaper, region=fr-FR, local time is 2026-10-02 17:45:09.258157+02:00
[15:45:09] Successful get url: https://www.bing.com/th?id=OHR.AutumnPeatBog_FR-FR3286332172_UHD.jpg
[15:45:09] Picture infomations saved to  global/fr-FR/README.md
[15:45:09] Picture infomations saved to global/fr-FR/history/2026/10/02_fr-FR.md
[15:45:09] Start geting global Bing Wallpaper, region=de-DE, local time is 2026-10-02 17:45:09.750176+02:00
[15:45:09] Successful get url: https://www.bing.com/th?id=OHR.GrizzlySwim_DE-DE4187515695_UHD.jpg
[15:45:09] Picture infomations saved to  global/de-DE/README.md
[15:45:09] Picture infomations saved to global/de-DE/history/2026/10/02_de-DE.md
[15:45:09] Start geting global Bing Wallpaper, region=en-CA, local time is 2026-10-02 11:45:09.990679-04:00
[15:45:10] Successful get url: https://www.bing.com/th?id=OHR.ChattoogaRiver_EN-CA5808971566_UHD.jpg
[15:45:10] Picture infomations saved to  global/en-CA/README.md
[15:45:10] Picture infomations saved to global/en-CA/history/2026/10/03_en-CA.md
[15:45:10] Start geting global Bing Wallpaper, region=en-GB, local time is 2026-10-02 16:45:10.213282+01:00
[15:45:10] Successful get url: https://www.bing.com/th?id=OHR.ChattoogaRiver_EN-GB2495394216_UHD.jpg
[15:45:10] Picture infomations saved to  global/en-GB/README.md
[15:45:10] Picture infomations saved to global/en-GB/history/2026/10/02_en-GB.md
[15:45:10] Start geting global Bing Wallpaper, region=it-IT, local time is 2026-10-02 17:45:10.583191+02:00
[15:45:10] Successful get url: https://www.bing.com/th?id=OHR.PerugiaAqueduct_IT-IT7918245077_UHD.jpg
[15:45:10] Picture infomations saved to  global/it-IT/README.md
[15:45:10] Picture infomations saved to global/it-IT/history/2026/10/02_it-IT.md
[15:45:10] Start geting global Bing Wallpaper, region=es-ES, local time is 2026-10-02 17:45:10.976754+02:00
[15:45:11] Successful get url: https://www.bing.com/th?id=OHR.ChattoogaRiver_ES-ES4729549409_UHD.jpg
[15:45:11] Picture infomations saved to  global/es-ES/README.md
[15:45:11] Picture infomations saved to global/es-ES/history/2026/10/02_es-ES.md
[15:45:11] Start geting global Bing Wallpaper, region=fr-CA, local time is 2026-10-02 11:45:11.604085-04:00
[15:45:11] Successful get url: https://www.bing.com/th?id=OHR.GrizzlySwim_FR-CA5305999392_UHD.jpg
[15:45:12] Picture infomations saved to  global/fr-CA/README.md
[15:45:12] Picture infomations saved to global/fr-CA/history/2026/10/03_fr-CA.md
Program exit at 15:45:12

Program started at 20:15:55
Operating System Name: Linux
Operating System Version: #22-Ubuntu SMP Mon Jul 27 17:24:03 UTC 2026
System Architecture: ('64bit', 'ELF')
Computer Type: x86_64
Computer Name: runnervm8df0l
Processor Type: x86_64
Python Version: 3.12.14
Python Interpreter Name: CPython
[20:15:55] Start geting CN Bing Wallpaper
[20:15:55] Successful get url: https://www.bing.com/th?id=OHR.GrizzlySwim_ZH-CN1005455737_UHD.jpg
[20:15:55] Image saved to img/background.jpg
[20:15:55] Info saved to README.md
[20:15:55] Image saved to history/2026/10/03.md
[20:15:55] Start geting global Bing Wallpaper, region=en-US, local time is 2026-10-02 16:15:55.827307-04:00
[20:15:56] Successful get url: https://www.bing.com/th?id=OHR.ChattoogaRiver_EN-US5042787453_UHD.jpg
[20:15:56] Picture infomations saved to  global/en-US/README.md
[20:15:56] Picture infomations saved to global/en-US/history/2026/10/03_en-US.md
[20:15:56] Start geting global Bing Wallpaper, region=ja-JP, local time is 2026-10-03 05:15:56.160734+09:00
[20:15:56] Successful get url: https://www.bing.com/th?id=OHR.AmmoniteFossils_JA-JP8778940090_UHD.jpg
[20:15:56] Picture infomations saved to  global/ja-JP/README.md
[20:15:56] Picture infomations saved to global/ja-JP/history/2026/10/03_ja-JP.md
[20:15:56] Start geting global Bing Wallpaper, region=en-IN, local time is 2026-10-03 01:45:56.567575+05:30
[20:15:56] Successful get url: https://www.bing.com/th?id=OHR.GrizzlySwim_EN-IN7120112042_UHD.jpg
[20:15:56] Picture infomations saved to  global/en-IN/README.md
[20:15:56] Picture infomations saved to global/en-IN/history/2026/10/03_en-IN.md
[20:15:56] Start geting global Bing Wallpaper, region=pt-BR, local time is 2026-10-02 17:15:56.783272-03:00
[20:15:56] Successful get url: https://www.bing.com/th?id=OHR.Camburiu_PT-BR9036477210_UHD.jpg
[20:15:57] Picture infomations saved to  global/pt-BR/README.md
[20:15:57] Picture infomations saved to global/pt-BR/history/2026/10/03_pt-BR.md
[20:15:57] Start geting global Bing Wallpaper, region=fr-FR, local time is 2026-10-02 22:15:57.020101+02:00
[20:15:57] Successful get url: https://www.bing.com/th?id=OHR.AutumnPeatBog_FR-FR3286332172_UHD.jpg
[20:15:57] Picture infomations saved to  global/fr-FR/README.md
[20:15:57] Picture infomations saved to global/fr-FR/history/2026/10/02_fr-FR.md
[20:15:57] Start geting global Bing Wallpaper, region=de-DE, local time is 2026-10-02 22:15:57.197298+02:00
[20:15:57] Successful get url: https://www.bing.com/th?id=OHR.GrizzlySwim_DE-DE4187515695_UHD.jpg
[20:15:57] Picture infomations saved to  global/de-DE/README.md
[20:15:57] Picture infomations saved to global/de-DE/history/2026/10/02_de-DE.md
[20:15:57] Start geting global Bing Wallpaper, region=en-CA, local time is 2026-10-02 16:15:57.406181-04:00
[20:15:57] Successful get url: https://www.bing.com/th?id=OHR.ChattoogaRiver_EN-CA5808971566_UHD.jpg
[20:15:57] Picture infomations saved to  global/en-CA/README.md
[20:15:57] Picture infomations saved to global/en-CA/history/2026/10/03_en-CA.md
[20:15:57] Start geting global Bing Wallpaper, region=en-GB, local time is 2026-10-02 21:15:57.533150+01:00
[20:15:57] Successful get url: https://www.bing.com/th?id=OHR.ChattoogaRiver_EN-GB2495394216_UHD.jpg
[20:15:57] Picture infomations saved to  global/en-GB/README.md
[20:15:57] Picture infomations saved to global/en-GB/history/2026/10/02_en-GB.md
[20:15:57] Start geting global Bing Wallpaper, region=it-IT, local time is 2026-10-02 22:15:57.965443+02:00
[20:15:58] Successful get url: https://www.bing.com/th?id=OHR.PerugiaAqueduct_IT-IT7918245077_UHD.jpg
[20:15:58] Picture infomations saved to  global/it-IT/README.md
[20:15:58] Picture infomations saved to global/it-IT/history/2026/10/02_it-IT.md
[20:15:58] Start geting global Bing Wallpaper, region=es-ES, local time is 2026-10-02 22:15:58.200124+02:00
[20:15:58] Successful get url: https://www.bing.com/th?id=OHR.ChattoogaRiver_ES-ES4729549409_UHD.jpg
[20:15:58] Picture infomations saved to  global/es-ES/README.md
[20:15:58] Picture infomations saved to global/es-ES/history/2026/10/02_es-ES.md
[20:15:58] Start geting global Bing Wallpaper, region=fr-CA, local time is 2026-10-02 16:15:58.438913-04:00
[20:15:58] Successful get url: https://www.bing.com/th?id=OHR.GrizzlySwim_FR-CA5305999392_UHD.jpg
[20:15:59] Picture infomations saved to  global/fr-CA/README.md
[20:15:59] Picture infomations saved to global/fr-CA/history/2026/10/03_fr-CA.md
Program exit at 20:15:59
