
Program started at 16:24:25
Operating System Name: Linux
Operating System Version: #22-Ubuntu SMP Mon Jul 27 17:24:03 UTC 2026
System Architecture: ('64bit', 'ELF')
Computer Type: x86_64
Computer Name: runnervmmprz5
Processor Type: x86_64
Python Version: 3.12.15
Python Interpreter Name: CPython
[16:24:25] Start geting CN Bing Wallpaper
[16:24:25] Successful get url: https://www.bing.com/th?id=OHR.MayotteOctopus_ZH-CN2837659998_UHD.jpg
[16:24:25] Image saved to img/background.jpg
[16:24:25] Info saved to README.md
[16:24:25] Image saved to history/2026/10/08.md
[16:24:25] Start geting global Bing Wallpaper, region=en-US, local time is 2026-10-07 12:24:25.407000-04:00
[16:24:25] Successful get url: https://www.bing.com/th?id=OHR.ForestofDean_EN-US7262962048_UHD.jpg
[16:24:25] Picture infomations saved to  global/en-US/README.md
[16:24:25] Picture infomations saved to global/en-US/history/2026/10/08_en-US.md
[16:24:25] Start geting global Bing Wallpaper, region=ja-JP, local time is 2026-10-08 01:24:25.562579+09:00
[16:24:25] Successful get url: https://www.bing.com/th?id=OHR.Chestnut2026_JA-JP0900389061_UHD.jpg
[16:24:25] Picture infomations saved to  global/ja-JP/README.md
[16:24:25] Picture infomations saved to global/ja-JP/history/2026/10/08_ja-JP.md
[16:24:25] Start geting global Bing Wallpaper, region=en-IN, local time is 2026-10-07 21:54:25.744912+05:30
[16:24:25] Successful get url: https://www.bing.com/th?id=OHR.ForestofDean_EN-IN7618980046_UHD.jpg
[16:24:25] Picture infomations saved to  global/en-IN/README.md
[16:24:25] Picture infomations saved to global/en-IN/history/2026/10/07_en-IN.md
[16:24:25] Start geting global Bing Wallpaper, region=pt-BR, local time is 2026-10-07 13:24:25.983251-03:00
[16:24:26] Successful get url: https://www.bing.com/th?id=OHR.ForestofDean_PT-BR7892976998_UHD.jpg
[16:24:26] Picture infomations saved to  global/pt-BR/README.md
[16:24:26] Picture infomations saved to global/pt-BR/history/2026/10/08_pt-BR.md
[16:24:26] Start geting global Bing Wallpaper, region=fr-FR, local time is 2026-10-07 18:24:26.117126+02:00
[16:24:26] Successful get url: https://www.bing.com/th?id=OHR.ForestofDean_FR-FR4745623763_UHD.jpg
[16:24:26] Picture infomations saved to  global/fr-FR/README.md
[16:24:26] Picture infomations saved to global/fr-FR/history/2026/10/07_fr-FR.md
[16:24:26] Start geting global Bing Wallpaper, region=de-DE, local time is 2026-10-07 18:24:26.361683+02:00
[16:24:26] Successful get url: https://www.bing.com/th?id=OHR.ForestofDean_DE-DE4809664679_UHD.jpg
[16:24:26] Picture infomations saved to  global/de-DE/README.md
[16:24:26] Picture infomations saved to global/de-DE/history/2026/10/07_de-DE.md
[16:24:26] Start geting global Bing Wallpaper, region=en-CA, local time is 2026-10-07 12:24:26.498101-04:00
[16:24:26] Successful get url: https://www.bing.com/th?id=OHR.ForestofDean_EN-CA1146340293_UHD.jpg
[16:24:26] Picture infomations saved to  global/en-CA/README.md
[16:24:26] Picture infomations saved to global/en-CA/history/2026/10/08_en-CA.md
[16:24:26] Start geting global Bing Wallpaper, region=en-GB, local time is 2026-10-07 17:24:26.920270+01:00
[16:24:27] Successful get url: https://www.bing.com/th?id=OHR.ForestofDean_EN-GB3000076093_UHD.jpg
[16:24:27] Picture infomations saved to  global/en-GB/README.md
[16:24:27] Picture infomations saved to global/en-GB/history/2026/10/07_en-GB.md
[16:24:27] Start geting global Bing Wallpaper, region=it-IT, local time is 2026-10-07 18:24:27.146224+02:00
[16:24:27] Successful get url: https://www.bing.com/th?id=OHR.ForestofDean_IT-IT9133753492_UHD.jpg
[16:24:27] Picture infomations saved to  global/it-IT/README.md
[16:24:27] Picture infomations saved to global/it-IT/history/2026/10/07_it-IT.md
[16:24:27] Start geting global Bing Wallpaper, region=es-ES, local time is 2026-10-07 18:24:27.434935+02:00
[16:24:27] Successful get url: https://www.bing.com/th?id=OHR.ForestofDean_ES-ES3526600939_UHD.jpg
[16:24:27] Picture infomations saved to  global/es-ES/README.md
[16:24:27] Picture infomations saved to global/es-ES/history/2026/10/07_es-ES.md
[16:24:27] Start geting global Bing Wallpaper, region=fr-CA, local time is 2026-10-07 12:24:27.565206-04:00
[16:24:27] Successful get url: https://www.bing.com/th?id=OHR.ForestofDean_FR-CA2991768715_UHD.jpg
[16:24:27] Picture infomations saved to  global/fr-CA/README.md
[16:24:27] Picture infomations saved to global/fr-CA/history/2026/10/08_fr-CA.md
Program exit at 16:24:27
